Archive member included to satisfy reference by file (symbol)

include_lib/liba/br25/cpu.a(crc16.c.o)
                              obj/Release/cpu/br25/setup.o (symbol from plugin) (__crc16_mutex_init)
include_lib/liba/br25/cpu.a(uart.c.o)
                              obj/Release/cpu/br25/adc_api.o (symbol from plugin) (delay)
include_lib/liba/br25/cpu.a(usb.c.o)
                              obj/Release/apps/common/usb/host/usb_host.o (symbol from plugin) (usb_sie_enable)
include_lib/liba/br25/cpu.a(clock.c.o)
                              obj/Release/apps/common/third_party_profile/tuya_protocol/app/demo/tuya_ota.o (symbol from plugin) (clk_get)
include_lib/liba/br25/cpu.a(gpio.c.o)
                              obj/Release/apps/common/usb/usb_config.o (symbol from plugin) (usb_iomode)
include_lib/liba/br25/cpu.a(timer.c.o)
                              obj/Release/apps/common/device/bmp280/bmp280.o (symbol from plugin) (delay_2ms)
include_lib/liba/br25/cpu.a(debug.c.o)
                              obj/Release/apps/common/dev_manager/dev_update.o (symbol from plugin) (ram_protect_close)
include_lib/liba/br25/cpu.a(wdt.c.o)
                              obj/Release/apps/soundbox/common/init.o (symbol from plugin) (wdt_close)
include_lib/liba/br25/cpu.a(efuse.c.o)
                              obj/Release/cpu/br25/charge.o (symbol from plugin) (get_vbat_trim)
include_lib/liba/br25/cpu.a(vm.c.o)
                              obj/Release/apps/common/fat_nor/phone_rec_fs.o (symbol from plugin) (norflash_origin_read)
include_lib/liba/br25/cpu.a(vm_api.c.o)
                              obj/Release/apps/common/music/breakpoint.o (symbol from plugin) (vm_api_write_mult)
include_lib/liba/br25/cpu.a(p33.c.o)
                              obj/Release/cpu/br25/adc_api.o (symbol from plugin) (adc_pmu_detect_en)
include_lib/liba/br25/cpu.a(power_hw.c.o)
                              timer.c.o (symbol from plugin) (low_power_sys_get)
include_lib/liba/br25/cpu.a(power_wakeup.c.o)
                              power_hw.c.o (symbol from plugin) (__hw_wakeup_port_init)
include_lib/liba/br25/cpu.a(rtc.c.o)
                              power_wakeup.c.o (symbol from plugin) (rtc_wakup_source)
include_lib/liba/br25/cpu.a(otg.c.o)
                              obj/Release/apps/common/usb/device/msd.o (symbol from plugin) (usb_otg_online)
include_lib/liba/br25/cpu.a(usb_phy.c.o)
                              obj/Release/apps/common/usb/host/usb_ctrl_transfer.o (symbol from plugin) (get_jiffies)
include_lib/liba/br25/cpu.a(usb_setup.c.o)
                              obj/Release/apps/common/usb/device/hid.o (symbol from plugin) (usb_device2id)
include_lib/liba/br25/cpu.a(descriptor.c.o)
                              usb_setup.c.o (symbol from plugin) (get_string_ee)
include_lib/liba/br25/cpu.a(startup.S.o)
                              obj/Release/cpu/br25/chargestore.o (symbol from plugin) (UART_UPDATE_JUMP)
include_lib/liba/br25/cpu.a(lp_timer_hw.c.o)
                              power_hw.c.o (symbol from plugin) (__hw_nv_timer0_dump)
include_lib/liba/br25/cpu.a(lrc_hw.c.o)
                              power_hw.c.o (symbol from plugin) (__get_lrc_hz)
include_lib/liba/br25/cpu.a(misc_hw.c.o)
                              power_hw.c.o (symbol from plugin) (watchdog_close)
include_lib/liba/br25/system.a(app_msg.c.o)
                              obj/Release/apps/common/music/general_player.o (symbol from plugin) (app_task_get_msg)
include_lib/liba/br25/system.a(ASCII_lib.c.o)
                              obj/Release/cpu/br25/audio_dec/audio_dec_tone.o (symbol from plugin) (ASCII_StrCmpNoCase)
include_lib/liba/br25/system.a(circular_buf.c.o)
                              obj/Release/apps/common/third_party_profile/jieli/hid_user.o (symbol from plugin) (cbuf_read)
include_lib/liba/br25/system.a(syscfg_api.c.o)
                              obj/Release/apps/soundbox/aec/br25/audio_aec.o (symbol from plugin) (syscfg_read)
include_lib/liba/br25/system.a(config_interface.c.o)
                              obj/Release/apps/common/config/app_config.o (symbol from plugin) (config_layer_init)
include_lib/liba/br25/system.a(sbrk.c.o)
                              obj/Release/cpu/br25/setup.o (symbol from plugin) (memory_init)
include_lib/liba/br25/system.a(common.c.o)
                              obj/Release/apps/common/device/max30102/algorithm.o (symbol from plugin) (jiffies_msec)
include_lib/liba/br25/system.a(movable.c.o)
                              obj/Release/cpu/br25/setup.o (symbol from plugin) (code_movable_init)
include_lib/liba/br25/system.a(movable.S.o)
                              movable.c.o (symbol from plugin) (movable_swi_entry)
include_lib/liba/br25/system.a(port_overwrite.c.o)
                              obj/Release/cpu/br25/setup.o (symbol from plugin) (pcTaskName)
include_lib/liba/br25/system.a(heap_mmu.c.o)
[...]
Memory Configuration

Name             Origin             Length             Attributes
code0            0x01e00100         0x00100000         xr
ram0             0x00010000         0x00021ae0         xrw
*default*        0x00000000         0xffffffff

Linker script and memory map

LOAD obj/Release/apps/common/audio/audio_digital_vol.o
LOAD cpu\br25\tools\sdk.elf.o
LOAD obj/Release/apps/common/audio/audio_utils.o
LOAD obj/Release/apps/common/audio/decode/audio_key_tone.o
LOAD obj/Release/apps/common/audio/decode/decode.o
LOAD obj/Release/apps/common/audio/encode/encode_write_file.o
LOAD obj/Release/apps/common/audio/sine_make.o
LOAD obj/Release/apps/common/audio/stream/stream_entry.o
LOAD obj/Release/apps/common/audio/stream/stream_src.o
LOAD obj/Release/apps/common/audio/stream/stream_sync.o
LOAD obj/Release/apps/common/audio/uartPcmSender.o
LOAD obj/Release/apps/common/bt_common/bt_test_api.o
LOAD obj/Release/apps/common/charge_box/chargeIc_manage.o
LOAD obj/Release/apps/common/charge_box/chgbox_box.o
LOAD obj/Release/apps/common/charge_box/chgbox_ctrl.o
LOAD obj/Release/apps/common/charge_box/chgbox_det.o
LOAD obj/Release/apps/common/charge_box/chgbox_handshake.o
LOAD obj/Release/apps/common/charge_box/chgbox_ui.o
LOAD obj/Release/apps/common/charge_box/chgbox_ui_drv_pwmled.o
LOAD obj/Release/apps/common/charge_box/chgbox_ui_drv_timer.o
LOAD obj/Release/apps/common/charge_box/chgbox_wireless.o
LOAD obj/Release/apps/common/config/app_config.o
LOAD obj/Release/apps/common/config/bt_profile_config.o
LOAD obj/Release/apps/common/config/ci_transport_uart.o
LOAD obj/Release/apps/common/debug/debug.o
LOAD obj/Release/apps/common/debug/debug_lite.o
LOAD obj/Release/apps/common/dev_manager/dev_manager.o
LOAD obj/Release/apps/common/dev_manager/dev_reg.o
LOAD obj/Release/apps/common/dev_manager/dev_update.o
LOAD obj/Release/apps/common/device/bmp280/bmp280.o
LOAD obj/Release/apps/common/device/detection.o
LOAD obj/Release/apps/common/device/fm/bk1080/Bk1080.o
LOAD obj/Release/apps/common/device/fm/fm_inside/fm_inside.o
LOAD obj/Release/apps/common/device/fm/fm_manage.o
LOAD obj/Release/apps/common/device/fm/qn8035/QN8035.o
LOAD obj/Release/apps/common/device/fm/rda5807/RDA5807.o
LOAD obj/Release/apps/common/device/fm_emitter/ac3433/ac3433.o
LOAD obj/Release/apps/common/device/fm_emitter/fm_emitter_manage.o
LOAD obj/Release/apps/common/device/fm_emitter/fm_inside/fm_emitter_inside.o
LOAD obj/Release/apps/common/device/fm_emitter/qn8007/qn8007.o
LOAD obj/Release/apps/common/device/fm_emitter/qn8027/qn8027.o
LOAD obj/Release/apps/common/device/gps/atk1218_bd.o
LOAD obj/Release/apps/common/device/gSensor/da230.o
LOAD obj/Release/apps/common/device/gSensor/gSensor_manage.o
LOAD obj/Release/apps/common/device/gSensor/SC7A20.o
LOAD obj/Release/apps/common/device/max30102/algorithm.o
LOAD obj/Release/apps/common/device/max30102/max30102.o
LOAD obj/Release/apps/common/device/nandflash/nandflash.o
LOAD obj/Release/apps/common/device/norflash/norflash.o
LOAD obj/Release/apps/common/fat_nor/cfg_private.o
LOAD obj/Release/apps/common/fat_nor/nor_fs.o
LOAD obj/Release/apps/common/fat_nor/phone_rec_fs.o
LOAD obj/Release/apps/common/fat_nor/virfat_flash.o
LOAD obj/Release/apps/common/file_operate/file_api.o
LOAD obj/Release/apps/common/file_operate/file_bs_deal.o
LOAD obj/Release/apps/common/file_operate/file_manager.o
LOAD obj/Release/apps/common/iap/iAP_des.o
LOAD obj/Release/apps/common/iap/iAP_device.o
LOAD obj/Release/apps/common/iap/iAP_iic.o
LOAD obj/Release/apps/common/key/adkey.o
LOAD obj/Release/apps/common/key/adkey_rtcvdd.o
LOAD obj/Release/apps/common/key/ctmu_touch_key.o
LOAD obj/Release/apps/common/key/iokey.o
LOAD obj/Release/apps/common/key/irkey.o
LOAD obj/Release/apps/common/key/key_driver.o
LOAD obj/Release/apps/common/key/rdec_key.o
LOAD obj/Release/apps/common/key/slidekey.o
LOAD obj/Release/apps/common/key/touch_key.o
LOAD obj/Release/apps/common/music/breakpoint.o
LOAD obj/Release/apps/common/music/general_player.o
LOAD obj/Release/apps/common/music/music_decrypt.o
LOAD obj/Release/apps/common/music/music_id3.o
LOAD obj/Release/apps/common/music/music_player.o
LOAD obj/Release/apps/common/rec_nor/nor_interface.o
LOAD obj/Release/apps/common/rec_nor/nor_rec_fs.o
LOAD obj/Release/apps/common/third_party_profile/common/3th_profile_api.o
LOAD obj/Release/apps/common/third_party_profile/common/custom_cfg.o
LOAD obj/Release/apps/common/third_party_profile/common/mic_rec.o
LOAD obj/Release/apps/common/third_party_profile/interface/app_protocol_api.o
LOAD obj/Release/apps/common/third_party_profile/interface/app_protocol_common.o
LOAD obj/Release/apps/common/third_party_profile/interface/app_protocol_dma.o
LOAD obj/Release/apps/common/third_party_profile/interface/app_protocol_gma.o
LOAD obj/Release/apps/common/third_party_profile/interface/app_protocol_mma.o
LOAD obj/Release/apps/common/third_party_profile/interface/app_protocol_ota.o
LOAD obj/Release/apps/common/third_party_profile/interface/app_protocol_tme.o
LOAD obj/Release/apps/common/third_party_profile/jieli/hid_user.o
LOAD obj/Release/apps/common/third_party_profile/jieli/JL_rcsp/adv_app_setting/adv_bt_name_setting.o
LOAD obj/Release/apps/common/third_party_profile/jieli/JL_rcsp/adv_app_setting/adv_key_setting.o
LOAD obj/Release/apps/common/third_party_profile/jieli/JL_rcsp/adv_app_setting/adv_led_setting.o
LOAD obj/Release/apps/common/third_party_profile/jieli/JL_rcsp/adv_app_setting/adv_mic_setting.o
LOAD obj/Release/apps/common/third_party_profile/jieli/JL_rcsp/adv_app_setting/adv_time_stamp_setting.o
LOAD obj/Release/apps/common/third_party_profile/jieli/JL_rcsp/adv_app_setting/adv_work_setting.o
LOAD obj/Release/apps/common/third_party_profile/jieli/JL_rcsp/adv_rcsp_protocol/rcsp_adv_opt.o
LOAD obj/Release/apps/common/third_party_profile/jieli/JL_rcsp/adv_rcsp_protocol/rcsp_adv_tws_sync.o
LOAD obj/Release/apps/common/third_party_profile/jieli/JL_rcsp/rcsp_updata/rcsp_adv_user_update.o
LOAD obj/Release/apps/common/third_party_profile/jieli/le_client_demo.o
LOAD obj/Release/apps/common/third_party_profile/jieli/multi_demo/le_multi_client.o
LOAD obj/Release/apps/common/third_party_profile/jieli/multi_demo/le_multi_common.o
LOAD obj/Release/apps/common/third_party_profile/jieli/multi_demo/le_multi_trans.o
LOAD obj/Release/apps/common/third_party_profile/jieli/online_db/online_db_deal.o
LOAD obj/Release/apps/common/third_party_profile/jieli/online_db/spp_online_db.o
LOAD obj/Release/apps/common/third_party_profile/jieli/trans_data_demo/le_trans_data.o
LOAD obj/Release/apps/common/third_party_profile/jieli/trans_data_demo/spp_trans_data.o
LOAD obj/Release/apps/common/third_party_profile/tuya_protocol/app/demo/tuya_ble_app_demo.o
LOAD obj/Release/apps/common/third_party_profile/tuya_protocol/app/demo/tuya_ota.o
LOAD obj/Release/apps/common/third_party_profile/tuya_protocol/app/demo/tuya_usertask.o
LOAD obj/Release/apps/common/third_party_profile/tuya_protocol/app/product_test/tuya_ble_app_production_test.o
LOAD obj/Release/apps/common/third_party_profile/tuya_protocol/app/uart_common/tuya_ble_app_uart_common_handler.o
LOAD obj/Release/apps/common/third_party_profile/tuya_protocol/extern_components/mbedtls/aes.o
LOAD obj/Release/apps/common/third_party_profile/tuya_protocol/extern_components/mbedtls/ccm.o
LOAD obj/Release/apps/common/third_party_profile/tuya_protocol/extern_components/mbedtls/hmac.o
LOAD obj/Release/apps/common/third_party_profile/tuya_protocol/extern_components/mbedtls/md5.o
LOAD obj/Release/apps/common/third_party_profile/tuya_protocol/extern_components/mbedtls/sha1.o
LOAD obj/Release/apps/common/third_party_profile/tuya_protocol/extern_components/mbedtls/sha256.o
LOAD obj/Release/apps/common/third_party_profile/tuya_protocol/port/tuya_ble_port.o
LOAD obj/Release/apps/common/third_party_profile/tuya_protocol/port/tuya_ble_port_AD697x.o
LOAD obj/Release/apps/common/third_party_profile/tuya_protocol/port/tuya_ble_port_peripheral.o
LOAD obj/Release/apps/common/third_party_profile/tuya_protocol/sdk/src/tuya_ble_api.o
LOAD obj/Release/apps/common/third_party_profile/tuya_protocol/sdk/src/tuya_ble_bulk_data.o
LOAD obj/Release/apps/common/third_party_profile/tuya_protocol/sdk/src/tuya_ble_data_handler.o
LOAD obj/Release/apps/common/third_party_profile/tuya_protocol/sdk/src/tuya_ble_event.o
LOAD obj/Release/apps/common/third_party_profile/tuya_protocol/sdk/src/tuya_ble_event_handler.o
LOAD obj/Release/apps/common/third_party_profile/tuya_protocol/sdk/src/tuya_ble_event_handler_weak.o
LOAD obj/Release/apps/common/third_party_profile/tuya_protocol/sdk/src/tuya_ble_feature_weather.o
LOAD obj/Release/apps/common/third_party_profile/tuya_protocol/sdk/src/tuya_ble_gatt_send_queue.o
LOAD obj/Release/apps/common/third_party_profile/tuya_protocol/sdk/src/tuya_ble_heap.o
LOAD obj/Release/apps/common/third_party_profile/tuya_protocol/sdk/src/tuya_ble_main.o
LOAD obj/Release/apps/common/third_party_profile/tuya_protocol/sdk/src/tuya_ble_mem.o
LOAD obj/Release/apps/common/third_party_profile/tuya_protocol/sdk/src/tuya_ble_mutli_tsf_protocol.o
LOAD obj/Release/apps/common/third_party_profile/tuya_protocol/sdk/src/tuya_ble_queue.o
LOAD obj/Release/apps/common/third_party_profile/tuya_protocol/sdk/src/tuya_ble_storage.o
LOAD obj/Release/apps/common/third_party_profile/tuya_protocol/sdk/src/tuya_ble_unix_time.o
LOAD obj/Release/apps/common/third_party_profile/tuya_protocol/sdk/src/tuya_ble_utils.o
LOAD obj/Release/apps/common/ui/lcd/lcd_ui_api.o
LOAD obj/Release/apps/common/ui/lcd_simple/lcd_simple_api.o
LOAD obj/Release/apps/common/ui/lcd_simple/ui.o
LOAD obj/Release/apps/common/ui/lcd_simple/ui_mainmenu.o
LOAD obj/Release/apps/common/ui/led7/led7_ui_api.o
LOAD obj/Release/apps/common/update/norflash_ufw_update.o
LOAD obj/Release/apps/common/update/norflash_update.o
LOAD obj/Release/apps/common/update/testbox_update.o
LOAD obj/Release/apps/common/update/uart_update.o
LOAD obj/Release/apps/common/update/uart_update_master.o
LOAD obj/Release/apps/common/update/update.o
LOAD obj/Release/apps/common/update/update_tws_new.o
LOAD obj/Release/apps/common/usb/device/cdc.o
LOAD obj/Release/apps/common/usb/device/descriptor.o
LOAD obj/Release/apps/common/usb/device/hid.o
LOAD obj/Release/apps/common/usb/device/msd.o
LOAD obj/Release/apps/common/usb/device/msd_upgrade.o
LOAD obj/Release/apps/common/usb/device/task_pc.o
LOAD obj/Release/apps/common/usb/device/uac1.o
LOAD obj/Release/apps/common/usb/device/uac_stream.o
LOAD obj/Release/apps/common/usb/device/usb_device.o
LOAD obj/Release/apps/common/usb/device/user_setup.o
LOAD obj/Release/apps/common/usb/host/adb.o
LOAD obj/Release/apps/common/usb/host/aoa.o
LOAD obj/Release/apps/common/usb/host/apple_mfi.o
LOAD obj/Release/apps/common/usb/host/audio.o
LOAD obj/Release/apps/common/usb/host/audio_demo.o
LOAD obj/Release/apps/common/usb/host/hid.o
LOAD obj/Release/apps/common/usb/host/usb_bulk_transfer.o
LOAD obj/Release/apps/common/usb/host/usb_ctrl_transfer.o
LOAD obj/Release/apps/common/usb/host/usb_host.o
LOAD obj/Release/apps/common/usb/host/usb_storage.o
LOAD obj/Release/apps/common/usb/usb_config.o
LOAD obj/Release/apps/common/usb/usb_host_config.o
LOAD obj/Release/apps/soundbox/aec/br25/audio_aec.o
LOAD obj/Release/apps/soundbox/app_main.o
LOAD obj/Release/apps/soundbox/board/br25/board_ac6366c_chargebox_inside/board_ac6366c_chargebox_inside.o
LOAD obj/Release/apps/soundbox/board/br25/board_ac6366c_chargebox_inside/key_table/adkey_table.o
LOAD obj/Release/apps/soundbox/board/br25/board_ac6366c_chargebox_inside/key_table/iokey_table.o
LOAD obj/Release/apps/soundbox/board/br25/board_ac6366c_chargebox_inside/key_table/irkey_table.o
LOAD obj/Release/apps/soundbox/board/br25/board_ac6366c_chargebox_inside/key_table/rdec_key_table.o
LOAD obj/Release/apps/soundbox/board/br25/board_ac6366c_chargebox_inside/key_table/touch_key_table.o
LOAD obj/Release/apps/soundbox/board/br25/board_ac636x_chargebox_inside/board_ac636x_chargebox_inside.o
LOAD obj/Release/apps/soundbox/board/br25/board_ac636x_chargebox_inside/key_table/adkey_table.o
LOAD obj/Release/apps/soundbox/board/br25/board_ac636x_chargebox_inside/key_table/iokey_table.o
LOAD obj/Release/apps/soundbox/board/br25/board_ac636x_chargebox_inside/key_table/irkey_table.o
LOAD obj/Release/apps/soundbox/board/br25/board_ac636x_chargebox_inside/key_table/rdec_key_table.o
LOAD obj/Release/apps/soundbox/board/br25/board_ac636x_chargebox_inside/key_table/touch_key_table.o
LOAD obj/Release/apps/soundbox/board/br25/board_ac636x_chargebox_outside/board_ac636x_chargebox_outside.o
LOAD obj/Release/apps/soundbox/board/br25/board_ac636x_chargebox_outside/key_table/adkey_table.o
LOAD obj/Release/apps/soundbox/board/br25/board_ac636x_chargebox_outside/key_table/iokey_table.o
LOAD obj/Release/apps/soundbox/board/br25/board_ac636x_chargebox_outside/key_table/irkey_table.o
LOAD obj/Release/apps/soundbox/board/br25/board_ac636x_chargebox_outside/key_table/rdec_key_table.o
LOAD obj/Release/apps/soundbox/board/br25/board_ac636x_chargebox_outside/key_table/touch_key_table.o
LOAD obj/Release/apps/soundbox/board/br25/board_ac6969d_demo/board_ac6969d_demo.o
LOAD obj/Release/apps/soundbox/board/br25/board_ac6969d_demo/key_table/adkey_table.o
LOAD obj/Release/apps/soundbox/board/br25/board_ac6969d_demo/key_table/iokey_table.o
LOAD obj/Release/apps/soundbox/board/br25/board_ac6969d_demo/key_table/irkey_table.o
LOAD obj/Release/apps/soundbox/board/br25/board_ac6969d_demo/key_table/rdec_key_table.o
LOAD obj/Release/apps/soundbox/board/br25/board_ac6969d_demo/key_table/touch_key_table.o
LOAD obj/Release/apps/soundbox/board/br25/board_ac696x_audio_effects/board_ac696x_audio_effects.o
LOAD obj/Release/apps/soundbox/board/br25/board_ac696x_audio_effects/key_table/adkey_table.o
LOAD obj/Release/apps/soundbox/board/br25/board_ac696x_audio_effects/key_table/iokey_table.o
LOAD obj/Release/apps/soundbox/board/br25/board_ac696x_audio_effects/key_table/irkey_table.o
LOAD obj/Release/apps/soundbox/board/br25/board_ac696x_audio_effects/key_table/rdec_key_table.o
LOAD obj/Release/apps/soundbox/board/br25/board_ac696x_audio_effects/key_table/touch_key_table.o
LOAD obj/Release/apps/soundbox/board/br25/board_ac696x_btbox/board_ac696x_btbox.o
LOAD obj/Release/apps/soundbox/board/br25/board_ac696x_btbox/key_table/adkey_table.o
LOAD obj/Release/apps/soundbox/board/br25/board_ac696x_btbox/key_table/iokey_table.o
LOAD obj/Release/apps/soundbox/board/br25/board_ac696x_btbox/key_table/irkey_table.o
LOAD obj/Release/apps/soundbox/board/br25/board_ac696x_btbox/key_table/rdec_key_table.o
LOAD obj/Release/apps/soundbox/board/br25/board_ac696x_btbox/key_table/touch_key_table.o
LOAD obj/Release/apps/soundbox/board/br25/board_ac696x_btemitter/board_ac696x_btemitter.o
LOAD obj/Release/apps/soundbox/board/br25/board_ac696x_btemitter/key_table/adkey_table.o
LOAD obj/Release/apps/soundbox/board/br25/board_ac696x_btemitter/key_table/iokey_table.o
LOAD obj/Release/apps/soundbox/board/br25/board_ac696x_btemitter/key_table/irkey_table.o
LOAD obj/Release/apps/soundbox/board/br25/board_ac696x_btemitter/key_table/rdec_key_table.o
LOAD obj/Release/apps/soundbox/board/br25/board_ac696x_btemitter/key_table/touch_key_table.o
LOAD obj/Release/apps/soundbox/board/br25/board_ac696x_demo/board_ac696x_demo.o
LOAD obj/Release/apps/soundbox/board/br25/board_ac696x_demo/key_table/adkey_table.o
LOAD obj/Release/apps/soundbox/board/br25/board_ac696x_demo/key_table/iokey_table.o
LOAD obj/Release/apps/soundbox/board/br25/board_ac696x_demo/key_table/irkey_table.o
LOAD obj/Release/apps/soundbox/board/br25/board_ac696x_demo/key_table/rdec_key_table.o
LOAD obj/Release/apps/soundbox/board/br25/board_ac696x_demo/key_table/touch_key_table.o
LOAD obj/Release/apps/soundbox/board/br25/board_ac696x_lcd/board_ac696x_lcd.o
LOAD obj/Release/apps/soundbox/board/br25/board_ac696x_lcd/key_table/adkey_table.o
LOAD obj/Release/apps/soundbox/board/br25/board_ac696x_lcd/key_table/iokey_table.o
LOAD obj/Release/apps/soundbox/board/br25/board_ac696x_lcd/key_table/irkey_table.o
LOAD obj/Release/apps/soundbox/board/br25/board_ac696x_lcd/key_table/rdec_key_table.o
LOAD obj/Release/apps/soundbox/board/br25/board_ac696x_lcd/key_table/touch_key_table.o
LOAD obj/Release/apps/soundbox/board/br25/board_ac696x_lighter/board_ac696x_lighter.o
LOAD obj/Release/apps/soundbox/board/br25/board_ac696x_lighter/key_table/adkey_table.o
LOAD obj/Release/apps/soundbox/board/br25/board_ac696x_lighter/key_table/iokey_table.o
LOAD obj/Release/apps/soundbox/board/br25/board_ac696x_lighter/key_table/irkey_table.o
LOAD obj/Release/apps/soundbox/board/br25/board_ac696x_lighter/key_table/rdec_key_table.o
LOAD obj/Release/apps/soundbox/board/br25/board_ac696x_lighter/key_table/touch_key_table.o
LOAD obj/Release/apps/soundbox/board/br25/board_ac696x_megaphone/board_ac696x_megaphone.o
LOAD obj/Release/apps/soundbox/board/br25/board_ac696x_megaphone/key_table/adkey_table.o
LOAD obj/Release/apps/soundbox/board/br25/board_ac696x_megaphone/key_table/iokey_table.o
LOAD obj/Release/apps/soundbox/board/br25/board_ac696x_megaphone/key_table/irkey_table.o
LOAD obj/Release/apps/soundbox/board/br25/board_ac696x_megaphone/key_table/rdec_key_table.o
LOAD obj/Release/apps/soundbox/board/br25/board_ac696x_megaphone/key_table/touch_key_table.o
LOAD obj/Release/apps/soundbox/board/br25/board_ac696x_smartbox/board_ac696x_smartbox.o
LOAD obj/Release/apps/soundbox/board/br25/board_ac696x_smartbox/key_table/adkey_table.o
LOAD obj/Release/apps/soundbox/board/br25/board_ac696x_smartbox/key_table/iokey_table.o
LOAD obj/Release/apps/soundbox/board/br25/board_ac696x_smartbox/key_table/irkey_table.o
LOAD obj/Release/apps/soundbox/board/br25/board_ac696x_smartbox/key_table/rdec_key_table.o
LOAD obj/Release/apps/soundbox/board/br25/board_ac696x_smartbox/key_table/touch_key_table.o
LOAD obj/Release/apps/soundbox/board/br25/board_ac696x_tws/board_ac696x_tws.o
LOAD obj/Release/apps/soundbox/board/br25/board_ac696x_tws/key_table/adkey_table.o
LOAD obj/Release/apps/soundbox/board/br25/board_ac696x_tws/key_table/iokey_table.o
LOAD obj/Release/apps/soundbox/board/br25/board_ac696x_tws/key_table/irkey_table.o
LOAD obj/Release/apps/soundbox/board/br25/board_ac696x_tws/key_table/rdec_key_table.o
LOAD obj/Release/apps/soundbox/board/br25/board_ac696x_tws/key_table/touch_key_table.o
LOAD obj/Release/apps/soundbox/board/br25/board_ac696x_tws_box/board_ac696x_tws_box.o
LOAD obj/Release/apps/soundbox/board/br25/board_ac696x_tws_box/key_table/adkey_table.o
LOAD obj/Release/apps/soundbox/board/br25/board_ac696x_tws_box/key_table/iokey_table.o
LOAD obj/Release/apps/soundbox/board/br25/board_ac696x_tws_box/key_table/irkey_table.o
LOAD obj/Release/apps/soundbox/board/br25/board_ac696x_tws_box/key_table/rdec_key_table.o
LOAD obj/Release/apps/soundbox/board/br25/board_ac696x_tws_box/key_table/touch_key_table.o
LOAD obj/Release/apps/soundbox/common/app_sound_box_tool.o
LOAD obj/Release/apps/soundbox/common/dev_status.o
LOAD obj/Release/apps/soundbox/common/init.o
LOAD obj/Release/apps/soundbox/common/task_table.o
LOAD obj/Release/apps/soundbox/common/tone_table.o
LOAD obj/Release/apps/soundbox/common/user_cfg_new.o
LOAD obj/Release/apps/soundbox/font/fontinit.o
LOAD obj/Release/apps/soundbox/log_config/app_config.o
LOAD obj/Release/apps/soundbox/log_config/lib_btctrler_config.o
LOAD obj/Release/apps/soundbox/log_config/lib_btstack_config.o
LOAD obj/Release/apps/soundbox/log_config/lib_driver_config.o
LOAD obj/Release/apps/soundbox/log_config/lib_media_config.o
LOAD obj/Release/apps/soundbox/log_config/lib_system_config.o
LOAD obj/Release/apps/soundbox/log_config/lib_update_config.o
LOAD obj/Release/apps/soundbox/power_manage/app_charge.o
LOAD obj/Release/apps/soundbox/power_manage/app_chargestore.o
LOAD obj/Release/apps/soundbox/power_manage/app_power_manage.o
LOAD obj/Release/apps/soundbox/sdk_version.z.o
LOAD obj/Release/apps/soundbox/smartbox/browser/browser.o
LOAD obj/Release/apps/soundbox/smartbox/bt_manage/bt_trans_data/le_smartbox_adv.o
LOAD obj/Release/apps/soundbox/smartbox/bt_manage/bt_trans_data/le_smartbox_module.o
LOAD obj/Release/apps/soundbox/smartbox/bt_manage/smartbox_bt_manage.o
LOAD obj/Release/apps/soundbox/smartbox/cmd_data_deal/cmd_recieve.o
LOAD obj/Release/apps/soundbox/smartbox/cmd_data_deal/cmd_recieve_no_respone.o
LOAD obj/Release/apps/soundbox/smartbox/cmd_data_deal/cmd_respone.o
LOAD obj/Release/apps/soundbox/smartbox/cmd_data_deal/cmd_user.o
LOAD obj/Release/apps/soundbox/smartbox/cmd_data_deal/command.o
LOAD obj/Release/apps/soundbox/smartbox/cmd_data_deal/data_recieve.o
LOAD obj/Release/apps/soundbox/smartbox/cmd_data_deal/data_recieve_no_respone.o
LOAD obj/Release/apps/soundbox/smartbox/cmd_data_deal/data_respone.o
LOAD obj/Release/apps/soundbox/smartbox/config.o
LOAD obj/Release/apps/soundbox/smartbox/event.o
LOAD obj/Release/apps/soundbox/smartbox/feature.o
LOAD obj/Release/apps/soundbox/smartbox/file_transfer/dev_format.o
LOAD obj/Release/apps/soundbox/smartbox/file_transfer/file_delete.o
LOAD obj/Release/apps/soundbox/smartbox/file_transfer/file_transfer.o
LOAD obj/Release/apps/soundbox/smartbox/func_cmd/bt_func.o
LOAD obj/Release/apps/soundbox/smartbox/func_cmd/fm_func.o
LOAD obj/Release/apps/soundbox/smartbox/func_cmd/linein_func.o
LOAD obj/Release/apps/soundbox/smartbox/func_cmd/music_func.o
LOAD obj/Release/apps/soundbox/smartbox/func_cmd/rtc_func.o
LOAD obj/Release/apps/soundbox/smartbox/function.o
LOAD obj/Release/apps/soundbox/smartbox/smartbox.o
LOAD obj/Release/apps/soundbox/smartbox/smartbox_rcsp_manage.o
LOAD obj/Release/apps/soundbox/smartbox/smartbox_setting/adv_bt_name_setting.o
LOAD obj/Release/apps/soundbox/smartbox/smartbox_setting/adv_key_setting.o
LOAD obj/Release/apps/soundbox/smartbox/smartbox_setting/adv_led_setting.o
LOAD obj/Release/apps/soundbox/smartbox/smartbox_setting/adv_mic_setting.o
LOAD obj/Release/apps/soundbox/smartbox/smartbox_setting/adv_time_stamp_setting.o
LOAD obj/Release/apps/soundbox/smartbox/smartbox_setting/adv_work_setting.o
LOAD obj/Release/apps/soundbox/smartbox/smartbox_setting/smartbox_color_led_setting.o
LOAD obj/Release/apps/soundbox/smartbox/smartbox_setting/smartbox_eq_setting.o
LOAD obj/Release/apps/soundbox/smartbox/smartbox_setting/smartbox_high_low_vol_setting.o
LOAD obj/Release/apps/soundbox/smartbox/smartbox_setting/smartbox_karaoke_eq_setting.o
LOAD obj/Release/apps/soundbox/smartbox/smartbox_setting/smartbox_karaoke_setting.o
LOAD obj/Release/apps/soundbox/smartbox/smartbox_setting/smartbox_misc_setting/smartbox_misc_drc_setting.o
LOAD obj/Release/apps/soundbox/smartbox/smartbox_setting/smartbox_misc_setting/smartbox_misc_reverbration_setting.o
LOAD obj/Release/apps/soundbox/smartbox/smartbox_setting/smartbox_misc_setting/smartbox_misc_setting.o
LOAD obj/Release/apps/soundbox/smartbox/smartbox_setting/smartbox_music_info_setting.o
LOAD obj/Release/apps/soundbox/smartbox/smartbox_setting/smartbox_vol_setting.o
LOAD obj/Release/apps/soundbox/smartbox/smartbox_setting_opt/smartbox_adv_bluetooth.o
LOAD obj/Release/apps/soundbox/smartbox/smartbox_setting_opt/smartbox_setting_opt.o
LOAD obj/Release/apps/soundbox/smartbox/smartbox_setting_opt/smartbox_setting_sync.o
LOAD obj/Release/apps/soundbox/smartbox/smartbox_task.o
LOAD obj/Release/apps/soundbox/smartbox/smartbox_update/rcsp_ch_loader_download.o
LOAD obj/Release/apps/soundbox/smartbox/smartbox_update/smartbox_update.o
LOAD obj/Release/apps/soundbox/smartbox/smartbox_update/smartbox_update_tws.o
LOAD obj/Release/apps/soundbox/smartbox/switch_device.o
LOAD obj/Release/apps/soundbox/smartbox/tuya/tuya_demo.o
LOAD obj/Release/apps/soundbox/soundcard/lamp.o
LOAD obj/Release/apps/soundbox/soundcard/notice.o
LOAD obj/Release/apps/soundbox/soundcard/peripheral.o
LOAD obj/Release/apps/soundbox/soundcard/soundcard.o
LOAD obj/Release/apps/soundbox/task_manager/app_common.o
LOAD obj/Release/apps/soundbox/task_manager/app_task_switch.o
LOAD obj/Release/apps/soundbox/task_manager/bt/bt.o
LOAD obj/Release/apps/soundbox/task_manager/bt/bt_ble.o
LOAD obj/Release/apps/soundbox/task_manager/bt/bt_emitter.o
LOAD obj/Release/apps/soundbox/task_manager/bt/bt_event_fun.o
LOAD obj/Release/apps/soundbox/task_manager/bt/bt_key_fun.o
LOAD obj/Release/apps/soundbox/task_manager/bt/bt_product_test.o
LOAD obj/Release/apps/soundbox/task_manager/bt/bt_switch_fun.o
LOAD obj/Release/apps/soundbox/task_manager/bt/bt_tws.o
LOAD obj/Release/apps/soundbox/task_manager/bt/bt_vartual_fast_connect.o
LOAD obj/Release/apps/soundbox/task_manager/bt/vol_sync.o
LOAD obj/Release/apps/soundbox/task_manager/fm/fm.o
LOAD obj/Release/apps/soundbox/task_manager/fm/fm_api.o
LOAD obj/Release/apps/soundbox/task_manager/fm/fm_rw.o
LOAD obj/Release/apps/soundbox/task_manager/idle/idle.o
LOAD obj/Release/apps/soundbox/task_manager/linein/linein.o
LOAD obj/Release/apps/soundbox/task_manager/linein/linein_api.o
LOAD obj/Release/apps/soundbox/task_manager/linein/linein_dev.o
LOAD obj/Release/apps/soundbox/task_manager/music/music.o
LOAD obj/Release/apps/soundbox/task_manager/pc/pc.o
LOAD obj/Release/apps/soundbox/task_manager/power_off/power_off.o
LOAD obj/Release/apps/soundbox/task_manager/power_on/power_on.o
LOAD obj/Release/apps/soundbox/task_manager/record/record.o
LOAD obj/Release/apps/soundbox/task_manager/rtc/alarm_api.o
LOAD obj/Release/apps/soundbox/task_manager/rtc/alarm_user.o
LOAD obj/Release/apps/soundbox/task_manager/rtc/rtc.o
LOAD obj/Release/apps/soundbox/task_manager/rtc/virtual_rtc.o
LOAD obj/Release/apps/soundbox/task_manager/sleep/sleep.o
LOAD obj/Release/apps/soundbox/task_manager/spdif/hdmi_cec_drv.o
LOAD obj/Release/apps/soundbox/task_manager/spdif/spdif.o
LOAD obj/Release/apps/soundbox/task_manager/task_key.o
LOAD obj/Release/apps/soundbox/third_party_profile/ancs_client_demo/ancs_client_demo.o
LOAD obj/Release/apps/soundbox/third_party_profile/app_protocol_deal.o
LOAD obj/Release/apps/soundbox/third_party_profile/trans_data_demo/trans_data_demo.o
LOAD obj/Release/apps/soundbox/ui/color_led/color_led_app.o
LOAD obj/Release/apps/soundbox/ui/color_led/color_led_table.o
LOAD obj/Release/apps/soundbox/ui/color_led/driver/color_led.o
LOAD obj/Release/apps/soundbox/ui/color_led/driver/color_led_driver.o
LOAD obj/Release/apps/soundbox/ui/lcd/lyrics_api.o
LOAD obj/Release/apps/soundbox/ui/lcd/STYLE_02/bt_action.o
LOAD obj/Release/apps/soundbox/ui/lcd/STYLE_02/clock_action.o
LOAD obj/Release/apps/soundbox/ui/lcd/STYLE_02/file_brower.o
LOAD obj/Release/apps/soundbox/ui/lcd/STYLE_02/fm_action.o
LOAD obj/Release/apps/soundbox/ui/lcd/STYLE_02/linein_action.o
LOAD obj/Release/apps/soundbox/ui/lcd/STYLE_02/music_action.o
LOAD obj/Release/apps/soundbox/ui/lcd/STYLE_02/record_action.o
LOAD obj/Release/apps/soundbox/ui/lcd/STYLE_02/system_action.o
LOAD obj/Release/apps/soundbox/ui/lcd/ui_sys_param_api.o
LOAD obj/Release/apps/soundbox/ui/lcd_simple/my_demo.o
LOAD obj/Release/apps/soundbox/ui/led7/ui_bt.o
LOAD obj/Release/apps/soundbox/ui/led7/ui_common.o
LOAD obj/Release/apps/soundbox/ui/led7/ui_fm.o
LOAD obj/Release/apps/soundbox/ui/led7/ui_fm_emitter.o
LOAD obj/Release/apps/soundbox/ui/led7/ui_idle.o
LOAD obj/Release/apps/soundbox/ui/led7/ui_linein.o
LOAD obj/Release/apps/soundbox/ui/led7/ui_music.o
LOAD obj/Release/apps/soundbox/ui/led7/ui_pc.o
LOAD obj/Release/apps/soundbox/ui/led7/ui_record.o
LOAD obj/Release/apps/soundbox/ui/led7/ui_rtc.o
LOAD obj/Release/apps/soundbox/ui/led/pwm_led_api.o
LOAD obj/Release/apps/soundbox/ui/led/pwm_led_para_table.o
LOAD obj/Release/apps/soundbox/user_api/app_pwmled_api.o
LOAD obj/Release/apps/soundbox/user_api/app_record_api.o
LOAD obj/Release/apps/soundbox/user_api/app_special_play_api.o
LOAD obj/Release/apps/soundbox/user_api/app_status_api.o
LOAD obj/Release/apps/soundbox/user_api/dev_multiplex_api.o
LOAD obj/Release/apps/soundbox/user_api/product_info_api.o
LOAD obj/Release/apps/soundbox/version.o
LOAD obj/Release/cpu/br25/adc_api.o
LOAD obj/Release/cpu/br25/audio_common/app_audio.o
LOAD obj/Release/cpu/br25/audio_common/audio_iis.o
LOAD obj/Release/cpu/br25/audio_common/audio_link.o
LOAD obj/Release/cpu/br25/audio_dec/audio_dec.o
LOAD obj/Release/cpu/br25/audio_dec/audio_dec_bt.o
LOAD obj/Release/cpu/br25/audio_dec/audio_dec_file.o
LOAD obj/Release/cpu/br25/audio_dec/audio_dec_fm.o
LOAD obj/Release/cpu/br25/audio_dec/audio_dec_linein.o
LOAD obj/Release/cpu/br25/audio_dec/audio_dec_midi_ctrl.o
LOAD obj/Release/cpu/br25/audio_dec/audio_dec_midi_file.o
LOAD obj/Release/cpu/br25/audio_dec/audio_dec_pc.o
LOAD obj/Release/cpu/br25/audio_dec/audio_dec_record.o
LOAD obj/Release/cpu/br25/audio_dec/audio_dec_spdif.o
LOAD obj/Release/cpu/br25/audio_dec/audio_dec_tone.o
LOAD obj/Release/cpu/br25/audio_dec/audio_spectrum.o
LOAD obj/Release/cpu/br25/audio_dec/audio_sync.o
LOAD obj/Release/cpu/br25/audio_dec/audio_usb_mic.o
LOAD obj/Release/cpu/br25/audio_dec/tone_player.o
LOAD obj/Release/cpu/br25/audio_demo/audio_cvp_demo.o
LOAD obj/Release/cpu/br25/audio_demo/audio_fft_demo.o
LOAD obj/Release/cpu/br25/audio_effect/audio_autotune_demo.o
LOAD obj/Release/cpu/br25/audio_effect/audio_ch_swap_demo.o
LOAD obj/Release/cpu/br25/audio_effect/audio_dynamic_eq_demo.o
LOAD obj/Release/cpu/br25/audio_effect/audio_eff_default_parm.o
LOAD obj/Release/cpu/br25/audio_effect/audio_eq_drc_demo.o
LOAD obj/Release/cpu/br25/audio_effect/audio_gain_process_demo.o
LOAD obj/Release/cpu/br25/audio_effect/audio_noise_gate_demo.o
LOAD obj/Release/cpu/br25/audio_effect/audio_sound_track_2_p_x.o
LOAD obj/Release/cpu/br25/audio_effect/audio_surround_demo.o
LOAD obj/Release/cpu/br25/audio_effect/audio_vbass_demo.o
LOAD obj/Release/cpu/br25/audio_effect/audio_voice_changer_demo.o
LOAD obj/Release/cpu/br25/audio_effect/effects_adj.o
LOAD obj/Release/cpu/br25/audio_effect/eq_config.o
LOAD obj/Release/cpu/br25/audio_enc/audio_adc_demo.o
LOAD obj/Release/cpu/br25/audio_enc/audio_cvp.o
LOAD obj/Release/cpu/br25/audio_enc/audio_dongle_codec.o
LOAD obj/Release/cpu/br25/audio_enc/audio_enc.o
LOAD obj/Release/cpu/br25/audio_enc/audio_enc_file.o
LOAD obj/Release/cpu/br25/audio_enc/audio_enc_recoder.o
LOAD obj/Release/cpu/br25/audio_enc/audio_mic_codec.o
LOAD obj/Release/cpu/br25/audio_enc/audio_recorder_mix.o
LOAD obj/Release/cpu/br25/audio_enc/audio_sbc_codec.o
LOAD obj/Release/cpu/br25/audio_mic/effect_parm.o
LOAD obj/Release/cpu/br25/audio_mic/effect_reg.o
LOAD obj/Release/cpu/br25/audio_mic/loud_speaker.o
LOAD obj/Release/cpu/br25/audio_mic/mic_effect.o
LOAD obj/Release/cpu/br25/audio_mic/mic_stream.o
LOAD obj/Release/cpu/br25/audio_mic/simpleAGC.o
LOAD obj/Release/cpu/br25/audio_mic/vollevel_detect.o
LOAD obj/Release/cpu/br25/charge.o
LOAD obj/Release/cpu/br25/chargebox_hw.o
LOAD obj/Release/cpu/br25/chargestore.o
LOAD obj/Release/cpu/br25/clock_manager.o
LOAD obj/Release/cpu/br25/iic_eeprom_test.o
LOAD obj/Release/cpu/br25/iic_hw.o
LOAD obj/Release/cpu/br25/iic_slave_test.o
LOAD obj/Release/cpu/br25/iic_soft.o
LOAD obj/Release/cpu/br25/irflt.o
LOAD obj/Release/cpu/br25/led_spi.o
LOAD obj/Release/cpu/br25/ledc_test.o
LOAD obj/Release/cpu/br25/localtws/localtws.o
LOAD obj/Release/cpu/br25/localtws/localtws_dec.o
LOAD obj/Release/cpu/br25/mcpwm.o
LOAD obj/Release/cpu/br25/overlay_code.o
LOAD obj/Release/cpu/br25/plcnt.o
LOAD obj/Release/cpu/br25/port_wkup.o
LOAD obj/Release/cpu/br25/pwm_led.o
LOAD obj/Release/cpu/br25/setup.o
LOAD obj/Release/cpu/br25/spi.o
LOAD obj/Release/cpu/br25/spi_test.o
LOAD obj/Release/cpu/br25/uart_bt_product.o
LOAD obj/Release/cpu/br25/uart_dev.o
LOAD obj/Release/cpu/br25/uart_test.o
LOAD obj/Release/cpu/br25/ui_driver/interface/ui_platform.o
LOAD obj/Release/cpu/br25/ui_driver/lcd_seg/lcd_seg3x9_driver.o
LOAD obj/Release/cpu/br25/ui_driver/lcd_spi/lcd_drive.o
LOAD obj/Release/cpu/br25/ui_driver/lcd_spi/spi_oled.o
LOAD obj/Release/cpu/br25/ui_driver/led7/led7_driver.o
LOAD obj/Release/cpu/br25/ui_driver/led7_timer.o
LOAD obj/Release/cpu/br25/ui_driver/LED_1888/LED1888.o
LOAD obj/Release/cpu/br25/ui_driver/ui_common.o
START GROUP
LOAD include_lib/liba/br25/cpu.a
LOAD include_lib/liba/br25/system.a
LOAD include_lib/liba/br25/libepmotion.a
LOAD include_lib/liba/br25/wtg_dec_lib.a
LOAD include_lib/liba/br25/sbc_eng_lib.a
LOAD include_lib/liba/br25/mp3tsy_dec_lib.a
LOAD include_lib/liba/br25/wtgv2_dec_lib.a
LOAD include_lib/liba/br25/flac_dec_lib.a
LOAD include_lib/liba/br25/ape_dec_lib.a
LOAD include_lib/liba/br25/m4a_tws_lib.a
LOAD include_lib/liba/br25/amr_dec_lib.a
LOAD include_lib/liba/br25/dts_dec_lib.a
LOAD include_lib/liba/br25/mp3_decstream_lib.a
LOAD include_lib/liba/br25/wma_decstream_lib.a
LOAD include_lib/liba/br25/libAptFilt_pi32v2_OnChip.a
LOAD include_lib/liba/br25/libEchoSuppress_pi32v2_OnChip.a
LOAD include_lib/liba/br25/libNoiseSuppress_pi32v2_OnChip.a
LOAD include_lib/liba/br25/libSplittingFilter_pi32v2_OnChip.a
LOAD include_lib/liba/br25/libDelayEstimate_pi32v2_OnChip.a
LOAD include_lib/liba/br25/libSingleMicSystem_pi32v2_OnChip.a
LOAD include_lib/liba/br25/compressor.a
LOAD include_lib/liba/br25/crossover_coff.a
LOAD include_lib/liba/br25/limiter.a
LOAD include_lib/liba/br25/lib_pitchshifter.a
LOAD include_lib/liba/br25/lib_pitch_speed.a
LOAD include_lib/liba/br25/lib_reverb_cal.a
LOAD include_lib/liba/br25/lib_mp2_code.a
LOAD include_lib/liba/br25/lib_adpcm_code.a
LOAD include_lib/liba/br25/mp3_enc_lib.a
LOAD include_lib/liba/br25/opus_enc_lib.a
LOAD include_lib/liba/br25/speex_enc_lib.a
LOAD include_lib/liba/br25/lib_rmono2stereo.a
LOAD include_lib/liba/br25/limiter_noiseGate.a
LOAD include_lib/liba/br25/howling.a
LOAD include_lib/liba/br25/noisegate.a
LOAD include_lib/liba/br25/shiftPhase.a
LOAD include_lib/liba/br25/pemafrow.a
LOAD include_lib/liba/br25/lib_howlings_phf.a
LOAD include_lib/liba/br25/lib_resample_cal.a
LOAD include_lib/liba/br25/lib_resample_fast_cal.a
LOAD include_lib/liba/br25/mp3_dec_lib.a
LOAD include_lib/liba/br25/wma_dec_lib.a
LOAD include_lib/liba/br25/wav_dec_lib.a
LOAD include_lib/liba/br25/agreement.a
LOAD include_lib/liba/br25/lib_sur_cal.a
LOAD include_lib/liba/br25/loudness.a
LOAD include_lib/liba/br25/filtparam_cal_lib.a
LOAD include_lib/liba/br25/media_app.a
LOAD include_lib/liba/br25/aec.a
LOAD include_lib/liba/br25/bt_hash_enc.a
LOAD include_lib/liba/br25/rcsp_stack.a
LOAD include_lib/liba/br25/lib_usbaudio_plc.a
LOAD include_lib/liba/br25/coeff_calculate.a
LOAD include_lib/liba/br25/rms.a
LOAD include_lib/liba/br25/SpectrumShow.a
LOAD include_lib/liba/br25/gma_stack.a
LOAD include_lib/liba/br25/dueros_stack.a
LOAD include_lib/liba/br25/tme_stack.a
LOAD include_lib/liba/br25/mma_stack.a
LOAD include_lib/liba/br25/lib_voiceChager.a
LOAD include_lib/liba/br25/drc.a
LOAD include_lib/liba/br25/DynamicEQ.a
LOAD include_lib/liba/br25/VirtualBass.a
LOAD apps/common/third_party_profile/tuya_protocol/sdk/lib/libtuya_lib.a
LOAD include_lib/liba/br25/lib_midi_dec.a
LOAD include_lib/liba/br25/btstack.a
LOAD include_lib/liba/br25/btctrler.a
LOAD include_lib/liba/br25/media.a
LOAD include_lib/liba/br25/libFFT_pi32v2_OnChip.a
LOAD include_lib/liba/br25/update.a
LOAD include_lib/liba/br25/res.a
LOAD include_lib/liba/br25/ui_dot.a
LOAD include_lib/liba/br25/font.a
LOAD include_lib/liba/br25/crypto_toolbox_Ospeed.a
END GROUP
                0x00117d40                local_irq_enable_rom = 0x117d40
                0x00117d44                local_irq_disable_rom = 0x117d44
                0x00117d48                p33_buf = 0x117d48
                0x00117d4c                p33_xor_1byte = 0x117d4c
                0x00117d50                p33_and_1byte = 0x117d50
                0x00117d54                p33_or_1byte = 0x117d54
                0x00117d58                p33_tx_1byte = 0x117d58
                0x00117d5c                p33_rx_1byte = 0x117d5c
                0x00117d60                P33_CON_SET = 0x117d60
                0x00117d64                os_init = 0x117d64
                0x00117d68                os_start = 0x117d68
                0x00117d6c                os_get_curr_tcb_var = 0x117d6c
                0x00117d70                os_task_create = 0x117d70
                0x00117d74                os_current_task_rom = 0x117d74
                0x00117d78                os_time_dly = 0x117d78
                0x00117d7c                os_time_get = 0x117d7c
                0x00117d80                os_task_del_req = 0x117d80
                0x00117d84                os_task_del_res = 0x117d84
                0x00117d88                os_task_del = 0x117d88
                0x00117d8c                __os_taskq_pend = 0x117d8c
                0x00117d90                os_taskq_pend = 0x117d90
                0x00117d94                os_task_pend = 0x117d94
                0x00117d98                __os_taskq_post_rom = 0x117d98
                0x00117da4                os_taskq_flush_rom = 0x117da4
                0x00117db4                os_taskq_accept = 0x117db4
                0x00117db8                os_taskq_del_rom = 0x117db8
                0x00117dbc                os_taskq_del_type = 0x117dbc
                0x00117dc0                os_sem_create = 0x117dc0
                0x00117dc4                os_sem_del = 0x117dc4
                0x00117dc8                os_sem_pend_rom = 0x117dc8
                0x00117dcc                os_sem_post = 0x117dcc
                0x00117dd0                os_sem_set = 0x117dd0
                0x00117dd4                os_sem_valid = 0x117dd4
                0x00117dd8                os_sem_query = 0x117dd8
                0x00117ddc                os_mutex_create = 0x117ddc
                0x00117de0                os_mutex_del = 0x117de0
                0x00117de4                os_mutex_pend_rom = 0x117de4
                0x00117de8                os_mutex_post_rom = 0x117de8
                0x00117dec                os_mutex_valid = 0x117dec
                0x00117df0                xTaskCreate = 0x117df0
                0x00117df4                xTaskGetCurrentTaskHandle = 0x117df4
                0x00117df8                xTaskGetTickCount = 0x117df8
                0x00117dfc                xTaskGetHandle = 0x117dfc
                0x00117e00                vTaskDelete = 0x117e00
                0x00117e04                xTaskGetApplicationTaskTag = 0x117e04
                0x00117e08                vTaskSetApplicationTaskTag = 0x117e08
                0x00117e0c                xQueueGenericCreateStatic = 0x117e0c
                0x00117e10                xQueueGenericReset = 0x117e10
                0x00117e14                xQueueGenericSend = 0x117e14
                0x00117e18                xQueueGenericSendFromISR = 0x117e18
                0x00117e1c                xQueueGenericReceive = 0x117e1c
                0x00117e20                xQueueReceiveFromISR = 0x117e20
                0x00117e24                vQueueDelete = 0x117e24
                0x00117e28                uxQueueMessagesWaiting = 0x117e28
                0x00117e2c                uxQueueMessagesWaitingFromISR = 0x117e2c
                0x00117e30                uxQueueSpacesAvailable = 0x117e30
                0x00117e34                pcTaskGetName = 0x117e34
                0x00117e38                prvGetExpectedIdleTime = 0x117e38
                0x00117e3c                eTaskConfirmSleepModeStatus = 0x117e3c
                0x00117e40                vTaskStepTick = 0x117e40
                0x00117e44                pxPortInitialiseStack = 0x117e44
                0x00117e48                xPortStartScheduler = 0x117e48
                0x00117e4c                vPortEndScheduler = 0x117e4c
                0x00117e50                vPortYield = 0x117e50
                0x00117e54                vPortExitCritical = 0x117e54
                0x00117e58                OS_ClrPending = 0x117e58
                0x00117e5c                vTickISR = 0x117e5c
                0x00117e60                pmalloc_init = 0x117e60
                0x00117e64                pmalloc = 0x117e64
                0x00117e68                pfree = 0x117e68
                0x00117e6c                pmalloc_get_unused_pages = 0x117e6c
                0x00117e70                get_physic_address = 0x117e70
                0x00117e74                pmm_get_var = 0x117e74
                0x00117e78                vmm_init_ = 0x117e78
                0x00117e7c                vmalloc_ = 0x117e7c
                0x00117e80                vfree_ = 0x117e80
                0x00117e84                vmem_get_phy_adr = 0x117e84
                0x00117e88                vmem_start = 0x117e88
                0x00117e8c                vmem_end = 0x117e8c
                0x00117e90                vmm_get_var = 0x117e90
                0x00117e94                vmalloc_v2 = 0x117e94
                0x00117e98                vfree_v2 = 0x117e98
                0x00117e9c                vcopy_ = 0x117e9c
                0x00117ea0                get_cvsd_codec_ops = 0x117ea0
                0x00117ea4                VecPlus_fix_r_r_r = 0x117ea4
                0x00117ea8                VecMinus_fix_r_r_r = 0x117ea8
                0x00117eac                VecDiv_fix_r_r_r = 0x117eac
                0x00117eb0                VecEleMul_fix_r_r_r = 0x117eb0
                0x00117eb4                VecEleMul_fix_c_r_c = 0x117eb4
                0x00117eb8                VecMagAndDiv_fix = 0x117eb8
                0x00117ebc                VecCopy_fix_r_r = 0x117ebc
                0x00117ec0                VecConjEleMulAndDiv_fix = 0x117ec0
                0x00117ec4                VecRecurAvg_fix = 0x117ec4
                0x00117ec8                VecConjRecurAvg_fix = 0x117ec8
                0x00117ecc                VecMagRecurAvg_fix = 0x117ecc
                0x00117ed0                VecPlusMulScalar_fix = 0x117ed0
                0x00117ed4                VecGetMag_fix = 0x117ed4
                0x00117ed8                VecMax_fix_v_s = 0x117ed8
                0x00117edc                VecMin_fix_v_s = 0x117edc
                0x00117ee0                VecOppos_fix = 0x117ee0
                0x00117ee4                VecMean_fix = 0x117ee4
                0x00117ee8                VecMeanSq_fix_c = 0x117ee8
                0x00117eec                VecRequanByMax_fix_r = 0x117eec
                0x00117ef0                VecRequanByMax_fix_c = 0x117ef0
                0x00117ef4                VecEleShift_fix_c = 0x117ef4
                0x00117ef8                VecOvShift_fix = 0x117ef8
                0x00117efc                VecCopy_fix_r_c = 0x117efc
                0x00117f00                VecMeanSq_fix_r = 0x117f00
                0x00117f04                VecEleShift_fix_r = 0x117f04
                0x00117f08                logAprx_fix = 0x117f08
                0x00117f0c                expAprx_fix = 0x117f0c
                0x00117f10                sqrtAprx_fix = 0x117f10
                0x00117f14                VecEleMul_s16_s16_s32 = 0x117f14
                0x00117f18                VecEleMul_s16_s32_s16 = 0x117f18
                0x00117f1c                VecEleMul_s32_s16_s32 = 0x117f1c
                0x00117f20                VecOvShift_s16_s16 = 0x117f20
                0x00117f24                VecOvShift_s16_s32 = 0x117f24
                0x00117f28                VecCopy_s16_s32 = 0x117f28
                0x00117f2c                VecCopy_s32_s16 = 0x117f2c
                0x00117f30                VecMinus_s16_s32_s32 = 0x117f30
                0x00117f34                VecMeanSq_s16_s32 = 0x117f34
                0x00117f38                CircVecArrEwMulAndSum_fix = 0x117f38
                0x00117f3c                B_fir_cal_s = 0x117f3c
                0x00117f40                B_array_vol = 0x117f40
                0x00117f44                B_Syn_filt = 0x117f44
                0x00117f48                B_Residu = 0x117f48
                0x00117f4c                B_comput_correlataionS = 0x117f4c
                0x00117f50                B_iircal = 0x117f50
                0x00117f54                repair_corefun_corr = 0x117f54
                0x00117f58                repair_corefun_mixdata = 0x117f58
                0x00117f5c                get_repair_api = 0x117f5c
                0x00117f60                firfft = 0x117f60
                0x00117f64                firifft = 0x117f64
                0x00117f68                _rfifft_wrap = 0x117f68
                0x00117f6c                _rififft_wrap = 0x117f6c
                0x00117f70                memmem = 0x117f70
                0x00117f74                memcpy = 0x117f74
                0x00117f78                memmove = 0x117f78
                0x00117f7c                memcmp = 0x117f7c
                0x00117f80                memset = 0x117f80
                0x00117f84                strcmp = 0x117f84
                0x00117f88                strcpy = 0x117f88
                0x00117f8c                strlen = 0x117f8c
                0x00117f90                strncmp = 0x117f90
                0x00117f94                strstr = 0x117f94
                0x00117f98                strchr = 0x117f98
                0x00117f9c                __fixdfsi = 0x117f9c
                0x00117fa0                __fixsfsi = 0x117fa0
                0x00117fa4                spi_get_port = 0x117fa4
                0x00117fa8                spi_set_port = 0x117fa8
                0x00117fac                sfc_suspend = 0x117fac
                0x00117fb0                sfc_resume = 0x117fb0
                0x00117fb4                sfc_drop_cache = 0x117fb4
                0x00117fb8                chip_crc16 = 0x117fb8
                0x00117fbc                CrcDecode = 0x117fbc
                0x00117fc0                mask_init = 0x117fc0
                0x00117fc4                wdt_clr = 0x117fc4
                0x00117fc8                nvram_set_boot_state = 0x117fc8
                0x00117fcc                chip_reset = 0x117fcc
                0x00117fd0                the_debug_isr = 0x117fd0
                0x00117fd4                flash_poweron = 0x117fd4
                0x00117fdc                print = 0x117fdc
                0x00117fe0                sprintf = 0x117fe0
                0x00117fe8                puts = 0x117fe8
                0x00117fec                doe = 0x117fec
                0x00117ff0                LZ4_setStreamDecode = 0x117ff0
                0x00117ff4                LZ4_decompress_safe_continue = 0x117ff4
                0x00117ff8                LZ4_decompress_generic = 0x117ff8
                0x00117ffc                LZ4_decompress_safe_usingDict = 0x117ffc
                0x00110f60                bsinc_tab_6 = 0x110f60
                0x001111a4                bsinc_tab_6_l = 0x1111a4
                0x00110c60                ans_win = 0x110c60
                0x00110d60                nlp_win = 0x110d60
                0x00115f48                iCos_Tab = 0x115f48
                0x00110060                WOLA_ANA_128 = 0x110060
                0x00110460                WOLA_ANA_64 = 0x110460
                0x00110660                WOLA_SYN_128 = 0x110660
                0x00110a60                WOLA_SYN_64 = 0x110a60
                0x00031f00                _IRQ_MEM_ADDR = 0x31f00
                0x00031b60                _MASK_MEM_BEGIN = 0x31b60
                0x00000318                _MASK_MEM_SIZE = 0x318
                0x00000080                UPDATA_SIZE = 0x80
                0x00031ae0                UPDATA_BEG = (_MASK_MEM_BEGIN - UPDATA_SIZE)
                0x000f9000                UPDATA_BREDR_BASE_BEG = 0xf9000
                0x00010000                RAM_LIMIT_L = 0x10000
                0x00031ae0                RAM_LIMIT_H = UPDATA_BEG
                0x00021ae0                PHY_RAM_SIZE = (RAM_LIMIT_H - RAM_LIMIT_L)
                0x00031f00                ISR_BASE = _IRQ_MEM_ADDR
                0x00000318                ROM_RAM_SIZE = _MASK_MEM_SIZE
                0x00031b60                ROM_RAM_BEG = _MASK_MEM_BEGIN
                0x00010000                RAM_BEGIN = RAM_LIMIT_L
                0x00031ae0                RAM_END = RAM_LIMIT_H
                0x00021ae0                RAM_SIZE = (RAM_END - RAM_BEGIN)
                0x00000003                MIC_EFFECT_EQ_SECTION = 0x3
                0x0000000d                EQ_SECTION_NUM = (0xa + MIC_EFFECT_EQ_SECTION)
                0x01e00100                . = ORIGIN (code0)

.text           0x01e00100    0x67938
                0x01e00100                PROVIDE (flash_code_begin, .)
 *(.startup.text)
 .startup.text  0x01e00100       0x7e include_lib/liba/br25/cpu.a(startup.S.o)
                0x01e00100                _start
                0x01e0017e                bank_stub_start = .
 *(.bank.stub.*)
                0x00000000                bank_stub_size = (. - bank_stub_start)
                0x01e00180                . = ALIGN (0x4)
 *fill*         0x01e0017e        0x2 
 *(.dts_dec_const)
 *(.dts_const)
 *(.dts_dec_code)
 *(.dts_code)
 *(.dts_dec_sparse_code)
 *(.dts_dec_sparse_const)
 *(.dts_dec_ff_const)
                0x01e00180                . = ALIGN (0x4)
 *(.m4a_const)
 *(.m4a_code)
 .m4a_code      0x01e00180      0x3c6 cpu\br25\tools\sdk.elf.o
 *(.m4a_dec_const)
 *(.m4a_dec_code)
 .m4a_dec_code  0x01e00546     0x233a cpu\br25\tools\sdk.elf.o
 *(.m4a_dec_sparse_code)
 .m4a_dec_sparse_code
                0x01e02880      0x766 cpu\br25\tools\sdk.elf.o
 *(.m4a_dec_sparse_const)
 *fill*         0x01e02fe6        0x2 
 .m4a_dec_sparse_const
                0x01e02fe8      0x1bc cpu\br25\tools\sdk.elf.o
 *(.m4a_dec_ff_const)
                0x01e031a4                . = ALIGN (0x4)
 *(.aac_const)
 *(.aac_code)
 *(.bt_aac_dec_eng_const)
 .bt_aac_dec_eng_const
                0x01e031a4     0x3b1c cpu\br25\tools\sdk.elf.o
 *(.bt_aac_dec_eng_code)
 .bt_aac_dec_eng_code
                0x01e06cc0      0xe34 cpu\br25\tools\sdk.elf.o
 *(.bt_aac_dec_core_code)
 .bt_aac_dec_core_code
                0x01e07af4     0x12c8 cpu\br25\tools\sdk.elf.o
 *(.bt_aac_dec_core_sparse_code)
 .bt_aac_dec_core_sparse_code
                0x01e08dbc      0xb1e cpu\br25\tools\sdk.elf.o
                0x01e098dc                . = ALIGN (0x4)
 *fill*         0x01e098da        0x2 
 *(.alac_const)
 *(.alac_code)
                0x01e098dc                . = ALIGN (0x4)
                0x01e098dc                clock_critical_handler_begin = .
 *(.clock_critical_txt)
 .clock_critical_txt
                0x01e098dc       0x28 cpu\br25\tools\sdk.elf.o
                0x01e098dc                clock_chargestore
                0x01e098e4                clock_uart
                0x01e098ec                clock_timer
                0x01e098f4                clock_lrc
                0x01e098fc                clock_port
                0x01e09904                clock_critical_handler_end = .
                0x01e09904                . = ALIGN (0x4)
                0x01e09904                gsensor_dev_begin = .
 *(.gsensor_dev)
                0x01e09904                gsensor_dev_end = .
                0x01e09904                . = ALIGN (0x4)
                0x01e09904                OMSensor_dev_begin = .
 *(.omsensor_dev)
                0x01e09904                OMSensor_dev_end = .
                0x01e09904                . = ALIGN (0x4)
                0x01e09904                fm_dev_begin = .
 *(.fm_dev)
                0x01e09904                fm_dev_end = .
                0x01e09904                . = ALIGN (0x4)
                0x01e09904                fm_emitter_dev_begin = .
 *(.fm_emitter_dev)
                0x01e09904                fm_emitter_dev_end = .
                0x01e09904                . = ALIGN (0x4)
                0x01e09904                tool_interface_begin = .
 *(.tool_interface)
                0x01e09904                tool_interface_end = .
                0x01e09904                . = ALIGN (0x4)
                0x01e09904                cmd_interface_begin = .
 *(.eff_cmd)
                0x01e09904                cmd_interface_end = .
                0x01e09904                . = ALIGN (0x4)
                0x01e09904                . = ALIGN (0x4)
                0x01e09904                adapter_idev_begin = .
 *(.adapter_idev)
                0x01e09904                adapter_idev_end = .
                0x01e09904                . = ALIGN (0x4)
                0x01e09904                adapter_odev_begin = .
 *(.adapter_odev)
                0x01e09904                adapter_odev_end = .
                0x01e09904                . = ALIGN (0x4)
                0x01e09904                adapter_enc_begin = .
 *(.adapter_enc)
                0x01e09904                adapter_enc_end = .
                0x01e09904                . = ALIGN (0x4)
                0x01e09904                adapter_decoder_begin = .
 *(.adapter_decoder)
                0x01e09904                adapter_decoder_end = .
                0x01e09904                . = ALIGN (0x4)
                0x01e09904                adapter_encoder_begin = .
 *(.adapter_encoder)
                0x01e09904                adapter_encoder_end = .
 *(.usr_timer_const)
 *(.timer_const)
 .timer_const   0x01e09904       0x64 cpu\br25\tools\sdk.elf.o
 *(.cbuf_const)
 *(.fm_data_const)
                0x01e09968                . = ALIGN (0x4)
 *(.usr_timer_code)
 .usr_timer_code
                0x01e09968      0x380 cpu\br25\tools\sdk.elf.o
 *(.timer_code)
 .timer_code    0x01e09ce8      0x14c cpu\br25\tools\sdk.elf.o
 *(.cbuf_code)
 .cbuf_code     0x01e09e34      0x1ec cpu\br25\tools\sdk.elf.o
 *(.fm_data_code)
                0x01e0a020                . = ALIGN (0x4)
                0x01e0a020                . = ALIGN (0x4)
 *(.gpio_ram)
 .gpio_ram      0x01e0a020      0x50c cpu\br25\tools\sdk.elf.o
                0x01e0a52c                . = ALIGN (0x4)
 *(.LED_code)
                0x01e0a52c                . = ALIGN (0x4)
 *(.LED_const)
                0x01e0a52c                . = ALIGN (0x4)
 *(.gpio_const_ram)
 .gpio_const_ram
                0x01e0a52c       0x10 cpu\br25\tools\sdk.elf.o
                0x01e0a53c                . = ALIGN (0x4)
                0x01e0a53c                __movable_region_start = .
 *(.movable.region.1)
                0x01e0a53c                __movable_region2_start = .
 *(.movable.region.2)
                0x01e0a53c                __movable_region3_start = .
 *(.movable.region.3)
 .movable.region.3
                0x01e0a53c      0x952 cpu\br25\tools\sdk.elf.o
                0x01e0a53c                is_spi_code_at_region
                0x01e0a540                spi_code_need_load_cache
                0x01e0a79c                __udelay
                0x01e0a878                exit_continue_mode
                0x01e0a928                enter_continue_mode
                0x01e0a9b8                flash_enter_2bit_mode_by_spi_soft
                0x01e0aa7e                flash_enter_4bit_mode_by_spi_soft
                0x01e0ab8a                flash_exit_2bit_mode_by_spi_soft
                0x01e0abfa                flash_exit_4bit_mode_by_spi_soft
                0x01e0acde                norflash_erase
                0x01e0adea                read_flash_id
                0x01e0ae8e                __movable_region4_start = .
 *(.movable.region.4)
                0x01e0ae8e                __movable_region_end = .
                0x00000000                __movable_region1_size = ABSOLUTE ((__movable_region2_start - __movable_region_start))
                0x00000000                __movable_region2_size = ABSOLUTE ((__movable_region3_start - __movable_region2_start))
                0x00000952                __movable_region3_size = ABSOLUTE ((__movable_region4_start - __movable_region3_start))
                0x00000000                __movable_region4_size = ABSOLUTE ((__movable_region_end - __movable_region4_start))
                0x00000952                __movable_region_size = ABSOLUTE ((__movable_region_end - __movable_region_start))
                0x01e0ae90                . = ALIGN (0x4)
 *fill*         0x01e0ae8e        0x2 
 *(.bfilt_code)
 *(.bfilt_table_maskroom)
                0x01e0ae90                . = ALIGN (0x4)
                0x01e0ae90                __VERSION_BEGIN = .
 *(.sys.version)
 .sys.version   0x01e0ae90       0x23 obj/Release/apps/soundbox/sdk_version.z.o
 .sys.version   0x01e0aeb3       0x1f include_lib/liba/br25/btstack.a(version.z.o)
                0x01e0aeb3                lib_btstack_version
 .sys.version   0x01e0aed2       0x20 include_lib/liba/br25/btctrler.a(version.z.o)
                0x01e0aed2                lib_btctler_version
 .sys.version   0x01e0aef2       0x1d include_lib/liba/br25/media.a(version.z.o)
                0x01e0aef2                lib_media_version
 .sys.version   0x01e0af0f       0x1e include_lib/liba/br25/update.a(version.z.o)
                0x01e0af0f                lib_update_version
 *(.version)
                0x01e0af2d                __VERSION_END = .
 *(.noop_version)
                0x01e0af30                . = ALIGN (0x4)
 *fill*         0x01e0af2d        0x3 
 *(.tech_lib.aec.text)
                0x01e0af30                . = ALIGN (0x4)
                0x01e0af30                btstack_code_start = .
                0x01e0af30                . = ALIGN (0x4)
                0x01e0af30                a2dp_source_media_codec_begin = .
 *(.a2dp_source_media_codec)
 .a2dp_source_media_codec
                0x01e0af30       0x18 cpu\br25\tools\sdk.elf.o
                0x01e0af30                a2dp_source_codec
                0x01e0af48                a2dp_source_media_codec_end = .
                0x01e0af48                a2dp_sink_media_probe_begin = .
 *(.a2dp_sink_media_probe)
                0x01e0af48                a2dp_sink_media_probe_end = .
                0x01e0af48                a2dp_sink_media_codec_begin = .
 *(.a2dp_sink_media_codec)
 .a2dp_sink_media_codec
                0x01e0af48       0x30 cpu\br25\tools\sdk.elf.o
                0x01e0af48                a2dp_1sbc_codec_private
                0x01e0af60                a2dp_2aac_sink_codec
                0x01e0af78                a2dp_sink_media_codec_end = .
                0x01e0af78                a2dp_event_handler_begin = .
 *(.a2dp_event_handler)
 .a2dp_event_handler
                0x01e0af78       0x70 cpu\br25\tools\sdk.elf.o
                0x01e0af78                a2dp_sink_event_handler
                0x01e0af94                a2dp_source_event_handler
                0x01e0afb0                acp_a2dp_event_handler
                0x01e0afcc                acp_a2dp_src_event_handler
                0x01e0afe8                a2dp_event_handler_end = .
                0x01e0afe8                sdp_record_item_begin = .
 *(.sdp_record_item)
 .sdp_record_item
                0x01e0afe8       0x30 cpu\br25\tools\sdk.elf.o
                0x01e0afe8                a2dp_sdp_record_item
                0x01e0aff4                arp_ct_sdp_record_item
                0x01e0b000                hid_sdp_record_item
                0x01e0b00c                pnp_sdp_record_item
                0x01e0b018                sdp_record_item_end = .
                0x01e0b018                bt_sleep_begin = .
 *(.bt_sleep)
 .bt_sleep      0x01e0b018       0x6c cpu\br25\tools\sdk.elf.o
                0x01e0b018                bt_suspend_a2dp_resumea2dp_release
                0x01e0b024                bt_suspend_avctp_resumeavctp_release
                0x01e0b030                bt_suspend_hfp_resumehfp_release
                0x01e0b03c                bt_suspend_hid_resumehid_release
                0x01e0b048                bt_suspend_user_cmd_loop_resumeuser_cmd_loop_release
                0x01e0b054                bt_suspend_spp_resumespp_release
                0x01e0b060                bt_suspend_spp_up_resumespp_up_release
                0x01e0b06c                bt_suspend_iap_resumeiap_release
                0x01e0b078                bt_suspend_sdp_resumesdp_release
                0x01e0b084                bt_sleep_end = .
 *(.bt_stack_const)
 .bt_stack_const
                0x01e0b084      0x360 cpu\br25\tools\sdk.elf.o
 *(.bt_stack_code)
 .bt_stack_code
                0x01e0b3e4     0x8030 cpu\br25\tools\sdk.elf.o
 *(.ble_db_const)
 *(.ble_db_code)
 *(.ble_sm_const)
 *(.ble_sm_code)
 *(.ble_att_const)
 *(.ble_att_code)
 *(.ble_gatt_const)
 *(.ble_gatt_code)
                0x01e13414                BTSTACK_LE_HOST_MESH_CODE_START = .
 *(.ble_mesh_code)
 *(.ble_mesh_tinycrypt_code)
 *(.ble_mesh_const)
 *(.ble_mesh_tinycrypt_const)
                0x00000000                BTSTACK_LE_HOST_MESH_CODE_SIZE = ABSOLUTE ((. - BTSTACK_LE_HOST_MESH_CODE_START))
                0x01e13414                btstack_code_end = .
                0x01e13414                . = ALIGN (0x4)
                0x000084e4                BTSTACK_CODE_TOTAL_SIZE = (btstack_code_end - btstack_code_start)
                0x01e13414                . = ALIGN (0x4)
                0x01e13414                . = ALIGN (0x4)
                0x01e13414                system_text_start = .
                0x01e13414                _device_node_begin = .
                0x01e13414                PROVIDE (device_node_begin, .)
 *(.device)
 .device        0x01e13414       0x18 cpu\br25\tools\sdk.elf.o
                0x01e13414                device_table
                0x01e1342c                _device_node_end = .
                0x01e1342c                PROVIDE (device_node_end, .)
                0x01e1342c                config_target_begin = .
                [!provide]                PROVIDE (config_target_begin, .)
 *(.config_target)
                0x01e1342c                config_target_end = .
                [!provide]                PROVIDE (config_target_end, .)
                0x01e1342c                system_code_begin = .
 *(.system.*.text)
 .system.fs.text
                0x01e1342c     0x6916 cpu\br25\tools\sdk.elf.o
 .system.device.text
                0x01e19d42       0xdc cpu\br25\tools\sdk.elf.o
 .system.cpu.text
                0x01e19e1e      0xe6e cpu\br25\tools\sdk.elf.o
                0x01e1a210                hw_mmu_disable
                0x01e1a29c                vFillingTaskStack
                0x01e1a2ce                maskrom_init
 .system.cbuf.text
                0x01e1ac8c        0xe cpu\br25\tools\sdk.elf.o
 .system.event.text
                0x01e1ac9a      0x43a cpu\br25\tools\sdk.elf.o
 .system.timer.text
                0x01e1b0d4      0x348 cpu\br25\tools\sdk.elf.o
 .system.cfg_tool.text
                0x01e1b41c      0x698 cpu\br25\tools\sdk.elf.o
 .system.task.text
                0x01e1bab4       0x5a cpu\br25\tools\sdk.elf.o
 .system.ascii.text
                0x01e1bb0e       0xd8 cpu\br25\tools\sdk.elf.o
 .system.app_core.text
                0x01e1bbe6      0x152 cpu\br25\tools\sdk.elf.o
 .system.lbuf.text
                0x01e1bd38      0x438 cpu\br25\tools\sdk.elf.o
 .system.printf.text
                0x01e1c170       0x56 cpu\br25\tools\sdk.elf.o
 .system.init.text
                0x01e1c1c6       0x2a cpu\br25\tools\sdk.elf.o
                0x01e1c1c6                boot_info_init
                0x01e1c1f0                system_code_end = .
                0x01e1c1f0                . = ALIGN (0x4)
                0x00008dc4                system_code_size = (system_code_end - system_code_begin)
                0x01e1c1f0                vfs_ops_begin = .
 *(.vfs_operations)
 .vfs_operations
                0x01e1c1f0       0xe8 cpu\br25\tools\sdk.elf.o
                0x01e1c1f0                sdfile_vfs_ops
                0x01e1c264                fat_vfs_ops
                0x01e1c2d8                vfs_ops_end = .
                0x01e1c2d8                _lib_version_begin = .
                [!provide]                PROVIDE (lib_version_begin, .)
 *(.lib_version)
 .lib_version   0x01e1c2d8        0xc cpu\br25\tools\sdk.elf.o
                0x01e1c2d8                __version_sdfile
                0x01e1c2dc                __version_fs
                0x01e1c2e0                __version_fatfs
                0x01e1c2e4                _lib_version_end = .
                [!provide]                PROVIDE (lib_version_end, .)
                0x01e1c2e4                _initcall_begin = .
                0x01e1c2e4                PROVIDE (initcall_begin, .)
 *(.initcall)
 .initcall      0x01e1c2e4        0x4 cpu\br25\tools\sdk.elf.o
                0x01e1c2e4                __initcall_app_update_init
                0x01e1c2e8                _initcall_end = .
                0x01e1c2e8                PROVIDE (initcall_end, .)
                0x01e1c2e8                _early_initcall_begin = .
                0x01e1c2e8                PROVIDE (early_initcall_begin, .)
 *(.early.initcall)
 .early.initcall
                0x01e1c2e8        0xc cpu\br25\tools\sdk.elf.o
                0x01e1c2e8                __initcall_board_power_wakeup_init
                0x01e1c2ec                __initcall_sys_event_init
                0x01e1c2f0                __initcall_sdfile_init
                0x01e1c2f4                _early_initcall_end = .
                0x01e1c2f4                PROVIDE (early_initcall_end, .)
                0x01e1c2f4                _late_initcall_begin = .
                0x01e1c2f4                PROVIDE (late_initcall_begin, .)
 *(.late.initcall)
 .late.initcall
                0x01e1c2f4        0x4 cpu\br25\tools\sdk.elf.o
                0x01e1c2f4                __initcall_sdk_meky_check
                0x01e1c2f8                _late_initcall_end = .
                0x01e1c2f8                PROVIDE (late_initcall_end, .)
                0x01e1c2f8                _platform_initcall_begin = .
                0x01e1c2f8                PROVIDE (platform_initcall_begin, .)
 *(.platform.initcall)
 .platform.initcall
                0x01e1c2f8        0x4 cpu\br25\tools\sdk.elf.o
                0x01e1c2f8                __initcall_syscfg_tools_init
                0x01e1c2fc                _platform_initcall_end = .
                0x01e1c2fc                PROVIDE (platform_initcall_end, .)
                0x01e1c2fc                _module_initcall_begin = .
                0x01e1c2fc                PROVIDE (module_initcall_begin, .)
 *(.module.initcall)
                0x01e1c2fc                _module_initcall_end = .
                0x01e1c2fc                PROVIDE (module_initcall_end, .)
                0x01e1c2fc                _sys_event_handler_begin = .
                0x01e1c2fc                PROVIDE (sys_event_handler_begin, .)
 *(.sys_event.4.handler)
 .sys_event.4.handler
                0x01e1c2fc        0x8 cpu\br25\tools\sdk.elf.o
                0x01e1c2fc                __event_handler_tws_key_event_handler
 *(.sys_event.3.handler)
 .sys_event.3.handler
                0x01e1c304        0x8 cpu\br25\tools\sdk.elf.o
                0x01e1c304                __event_handler_app_key_event_remap
 *(.sys_event.2.handler)
 *(.sys_event.1.handler)
 *(.sys_event.0.handler)
 .sys_event.0.handler
                0x01e1c30c        0x8 cpu\br25\tools\sdk.elf.o
                0x01e1c30c                __event_handler_app_sys_event_probe_handler
                0x01e1c314                _sys_event_handler_end = .
                0x01e1c314                PROVIDE (sys_event_handler_end, .)
                0x01e1c314                _syscfg_arg_begin = .
                [!provide]                PROVIDE (syscfg_arg_begin, .)
 *(.syscfg.arg)
                0x01e1c314                _syscfg_arg_end = .
                [!provide]                PROVIDE (syscfg_arg_end, .)
                0x01e1c314                _syscfg_handler_begin = .
                [!provide]                PROVIDE (syscfg_handler_begin, .)
 *(.syscfg.handler)
                0x01e1c314                _syscfg_handler_end = .
                [!provide]                PROVIDE (syscfg_handler_end, .)
                0x01e1c314                _syscfg_ops_begin = .
                0x01e1c314                PROVIDE (syscfg_ops_begin, .)
 *(.syscfg.2.ops)
 .syscfg.2.ops  0x01e1c314       0x1c cpu\br25\tools\sdk.elf.o
                0x01e1c314                cfg_btif
 *(.syscfg.1.ops)
 .syscfg.1.ops  0x01e1c330       0x1c cpu\br25\tools\sdk.elf.o
                0x01e1c330                cfg_vm
 *(.syscfg.0.ops)
 .syscfg.0.ops  0x01e1c34c       0x1c cpu\br25\tools\sdk.elf.o
                0x01e1c34c                cfg_bin
                0x01e1c368                _syscfg_ops_end = .
                0x01e1c368                PROVIDE (syscfg_ops_end, .)
                0x01e1c368                _server_info_begin = .
                [!provide]                PROVIDE (server_info_begin, .)
 *(.server_info)
                0x01e1c368                _server_info_end = .
                [!provide]                PROVIDE (server_info_end, .)
                0x01e1c368                _bus_device_begin = .
                [!provide]                PROVIDE (bus_device_begin, .)
 *(.bus_device)
                0x01e1c368                _bus_device_end = .
                [!provide]                PROVIDE (bus_device_end, .)
                0x01e1c368                _sys_power_hal_ops_begin = .
                [!provide]                PROVIDE (sys_power_hal_ops_begin, .)
 *(.sys_power_hal_ops)
                0x01e1c368                _sys_power_hal_ops_end = .
                [!provide]                PROVIDE (sys_power_hal_ops_end, .)
                0x01e1c368                . = ALIGN (0x4)
                0x01e1c368                lp_target_begin = .
                [!provide]                PROVIDE (lp_target_begin, .)
 *(.lp_target)
 .lp_target     0x01e1c368       0x88 cpu\br25\tools\sdk.elf.o
                0x01e1c368                key_lp_target
                0x01e1c370                hid_user_target
                0x01e1c378                ota_lp_target
                0x01e1c380                usb_stor_lp_target
                0x01e1c388                phone_incom_lp_target
                0x01e1c390                music_lp_target
                0x01e1c398                pc_lp_target
                0x01e1c3a0                audio_dec_init_lp_target
                0x01e1c3a8                bt_dec_lp_target
                0x01e1c3b0                tone_dec_lp_target
                0x01e1c3b8                audio_cvp_lp_target
                0x01e1c3c0                linein_demo_lp_target
                0x01e1c3c8                mic_demo_lp_target
                0x01e1c3d0                __wakeup_is_idle_target
                0x01e1c3d8                usb_dev_lp_target
                0x01e1c3e0                usr_systimer_lp_target
                0x01e1c3e8                btstack_lowpower_target
                0x01e1c3f0                lp_target_end = .
                [!provide]                PROVIDE (lp_target_end, .)
                0x01e1c3f0                . = ALIGN (0x4)
                0x01e1c3f0                deepsleep_target_begin = .
                [!provide]                PROVIDE (deepsleep_target_begin, .)
 *(.deepsleep_target)
                0x01e1c3f0                deepsleep_target_end = .
                [!provide]                PROVIDE (deepsleep_target_end, .)
                0x01e1c3f0                crypto_begin = .
 *(.crypto_ecdh_code)
 *(.crypto_ecdh_const)
 *(.crypto_bigint_code)
 .crypto_bigint_code
                0x01e1c3f0      0x5ea cpu\br25\tools\sdk.elf.o
 *(.crypto_bigint_const)
 *(.crypto_code)
 .crypto_code   0x01e1c9da      0x594 cpu\br25\tools\sdk.elf.o
 *(.crypto_const)
 *fill*         0x01e1cf6e        0x2 
 .crypto_const  0x01e1cf70      0x171 cpu\br25\tools\sdk.elf.o
 *(.ECDH_sample_code)
 *(.ECDH_sample_const)
 *(.uECC_code)
 *fill*         0x01e1d0e1        0x1 
 .uECC_code     0x01e1d0e2     0x1f1e cpu\br25\tools\sdk.elf.o
 *(.uECC_const)
 .uECC_const    0x01e1f000       0xb0 cpu\br25\tools\sdk.elf.o
 *(.hmac_code)
 .hmac_code     0x01e1f0b0      0x32c cpu\br25\tools\sdk.elf.o
 *(.hmac_const)
 *(.hash_sample_code)
 *(.hash_sample_const)
 *(.aes_cmac_sample_code)
 *(.aes_cmac_sample_const)
                0x01e1f3dc                crypto_end = .
                0x00002fec                crypto_size = (. - crypto_begin)
 *(.mem_code)
 *(.mem_const)
 *(.os_port_code)
 *(.os_port_const)
                0x01e1f3dc                __movable_function_start = .
 *(movable.text.*)
 *(movable.stub.*)
 *(movable.region.*)
                0x01e1f3dc                __movable_function_end = .
                0x00000000                __movable_function_size = (__movable_function_end - __movable_function_start)
                0x01e1f3dc                system_text_end = .
                0x0000bfc8                system_code_total_size = (system_text_end - system_text_start)
                0x01e1f3dc                . = ALIGN (0x4)
                0x01e1f3dc                update_target_begin = .
                [!provide]                PROVIDE (update_target_begin, .)
 *(.update_target)
 .update_target
                0x01e1f3dc       0x28 cpu\br25\tools\sdk.elf.o
                0x01e1f3dc                audio_update_target
                0x01e1f3e4                iic_update_target
                0x01e1f3ec                spi_update_target
                0x01e1f3f4                bredr_update_target
                0x01e1f3fc                ble_update_target
                0x01e1f404                update_target_end = .
                [!provide]                PROVIDE (update_target_end, .)
                0x01e1f404                . = ALIGN (0x4)
                0x01e1f404                . = ALIGN (0x4)
 *(.ui_ram)
                0x01e1f404                . = ALIGN (0x4)
                0x01e1f404                lcd_interface_begin = .
 *(.lcd_if_info)
                0x01e1f404                lcd_interface_end = .
                0x01e1f404                ui_style_begin = .
 *(.ui_style)
                0x01e1f404                ui_style_end = .
                0x01e1f404                elm_event_handler_begin_JL = .
 *(.elm_event_handler_JL)
                0x01e1f404                elm_event_handler_end_JL = .
                0x01e1f404                elm_event_handler_begin_UPGRADE = .
 *(.elm_event_handler_UPGRADE)
                0x01e1f404                elm_event_handler_end_UPGRADE = .
                0x01e1f404                elm_event_handler_begin_DIAL = .
 *(.elm_event_handler_DIAL)
                0x01e1f404                elm_event_handler_end_DIAL = .
                0x01e1f404                control_event_handler_begin = .
 *(.control_event_handler)
                0x01e1f404                control_event_handler_end = .
                0x01e1f404                control_ops_begin = .
 *(.control_ops)
                0x01e1f404                control_ops_end = .
                0x01e1f404                battery_notify_begin = .
 *(.battery_notify)
                0x01e1f404                battery_notify_end = .
                0x01e1f404                . = ALIGN (0x4)
                0x01e1f404                media_text_start = .
                0x01e1f404                . = ALIGN (0x4)
 *(.dns_16k_data)
 *(.dns_8k_data)
 *(.jlsp_const)
 *(.jlsp_code)
 *(.aec_code)
 .aec_code      0x01e1f404      0xe8c cpu\br25\tools\sdk.elf.o
 *(.aec_const)
 *(.der_code)
 *(.der_const)
 *(.nlp_code)
 .nlp_code      0x01e20290      0x2d2 cpu\br25\tools\sdk.elf.o
 *(.nlp_const)
 *(.qmf_code)
 .qmf_code      0x01e20562      0x1a6 cpu\br25\tools\sdk.elf.o
 *(.qmf_const)
 .qmf_const     0x01e20708       0x18 cpu\br25\tools\sdk.elf.o
 *(.bt_audioplc_sparse_code)
 *(.bt_audioplc_code)
 *(.bt_audioplc_const)
                0x01e20720                . = ALIGN (0x4)
 *(.res_code)
 *(.res_const)
                0x01e20720                . = ALIGN (0x4)
 *(.ns_code)
 .ns_code       0x01e20720      0x3aa cpu\br25\tools\sdk.elf.o
 *(.ns_const)
 *(.opcore_maskrom)
 .opcore_maskrom
                0x01e20aca      0x1a4 cpu\br25\tools\sdk.elf.o
 *(.bark_const)
 *fill*         0x01e20c6e        0x2 
 .bark_const    0x01e20c70     0x1eb0 cpu\br25\tools\sdk.elf.o
                0x01e22b20                . = ALIGN (0x4)
 *(.pcm_code)
 .pcm_code      0x01e22b20      0x212 cpu\br25\tools\sdk.elf.o
 *(.pcm_const)
 *(.g729_code)
 .g729_code     0x01e22d32      0x1ea cpu\br25\tools\sdk.elf.o
 *(.g729_const)
 *(.g726_code)
 *(.g726_const)
 *(.f2a_dec_code)
 *(.f2a_dec_const)
 *(.f2a_dec_sparse_code)
 *(.wtg_dec_code)
 .wtg_dec_code  0x01e22f1c      0xda4 cpu\br25\tools\sdk.elf.o
 *(.wtg_dec_const)
 .wtg_dec_const
                0x01e23cc0     0x10b4 cpu\br25\tools\sdk.elf.o
 *(.wtg_dec_sparse_code)
 .wtg_dec_sparse_code
                0x01e24d74       0xe4 cpu\br25\tools\sdk.elf.o
 *(.wtg_dec_sparse_const)
 *(.wtgv2_code)
 *(.wtgv2_const)
 *(.wtgv2dec_code)
 *(.wtgv2dec_const)
 *(.wtgv2dec_str)
 *(.wtg_decv2_sparse_code)
 *(.bfilt_code)
                0x01e24e58                . = ALIGN (0x4)
 *(.mp3_decstream_const)
 *(.mp3_decstream_code)
 *(.mp3_decstream_sparse_code)
 *(.mp3_decstream_sparse_const)
 *(.mp3_dec_sparse_code)
 .mp3_dec_sparse_code
                0x01e24e58     0x14f0 cpu\br25\tools\sdk.elf.o
 *(.mp3_dec_sparse_const)
 *(.mp3_dec_code)
 .mp3_dec_code  0x01e26348     0x32c6 cpu\br25\tools\sdk.elf.o
 *(.mp3_dec_const)
 *fill*         0x01e2960e        0x2 
 .mp3_dec_const
                0x01e29610     0x2b2c cpu\br25\tools\sdk.elf.o
 *(.mp3_const)
 *(.mp3_code)
 .mp3_code      0x01e2c13c      0x414 cpu\br25\tools\sdk.elf.o
 *(.msbc_code)
 .msbc_code     0x01e2c550      0x5c4 cpu\br25\tools\sdk.elf.o
 *(.msbc_const)
 .msbc_const    0x01e2cb14       0x4e cpu\br25\tools\sdk.elf.o
 *(.mty_code)
 *(.mty_const)
 *(.mp3tsy_dec_code)
 *(.mp3tsy_dec_const)
 *(.mp3tsy_dec_sparse_code)
 *(.mp3tsy_dec_sparse_const)
 *(.sbc_code)
 .sbc_code      0x01e2cb62      0x3f6 cpu\br25\tools\sdk.elf.o
 *(.sbc_const)
 .sbc_const     0x01e2cf58        0xc cpu\br25\tools\sdk.elf.o
 *(.sine_code)
 *(.sine_const)
 *(.wma_code)
 *(.wma_const)
 *(.wma_dec_code)
 *(.wma_dec_const)
 *(.wma_dec_sparse_code)
 *(.wma_dec_sparse_const)
 *(.wma_decstream_const)
 *(.wma_decstream_code)
 *(.wma_decstream_sparse_code)
 *(.wma_decstream_sparse_const)
 *(.amr_code)
 *(.amr_const)
 *(.midi_code)
 *(.midi_const)
 *(.audio_decoder_code)
 .audio_decoder_code
                0x01e2cf64      0x8ce cpu\br25\tools\sdk.elf.o
 *(.audio_decoder_const)
 *(.mp3_encode_code)
 .mp3_encode_code
                0x01e2d832      0x1cc cpu\br25\tools\sdk.elf.o
 *(.mp3_encode_const)
 *(.media_device_code)
 *(.media_device_const)
 *(.audio_encoder_code)
 *(.audio_encoder_const)
 *(.mixer_code)
 .mixer_code    0x01e2d9fe      0x756 cpu\br25\tools\sdk.elf.o
 *(.mixer_const)
 *(.stream_code)
 .stream_code   0x01e2e154      0x204 cpu\br25\tools\sdk.elf.o
 *(.stream_const)
 *(.dec_server_code)
 *(.dec_server_const)
 *(.rec_server_code)
 *(.rec_server_const)
 *(.auto_mute_code)
 *(.auto_mute_const)
 *(.plc_code)
 *(.plc_const)
 *(.wireless_sync_code)
 *(.wireless_sync_const)
 *(.fft_code)
 .fft_code      0x01e2e358      0x14c cpu\br25\tools\sdk.elf.o
 *(.fft_const)
 *(.mp3_enc_code)
 *(.mp3_enc_const)
 *(.mp3_enc_sparse_code)
 *(.mp3_enc_sparse_const)
                0x01e2e4a4                . = ALIGN (0x4)
 *(.mp2_encode_code)
 .mp2_encode_code
                0x01e2e4a4      0x146 include_lib/liba/br25/lib_mp2_code.a(mp2code_main.o)
                0x01e2e4a4                mp2_put_bits
 .mp2_encode_code
                0x01e2e5ea      0x7da include_lib/liba/br25/lib_mp2_code.a(encodemp2.o)
                0x01e2e5ea                compute_bit_allocation
                0x01e2e802                encode_init
                0x01e2e954                compute_scale_factors
                0x01e2ea0e                get_header_length
                0x01e2ea60                encode_frame_header
                0x01e2ec48                encode_frame_data
 .mp2_encode_code
                0x01e2edc4      0x562 include_lib/liba/br25/lib_mp2_code.a(mp2dsp.o)
                0x01e2edc4                mp2_filter
 *(.mp2_encode_const)
 *fill*         0x01e2f326        0x2 
 .mp2_encode_const
                0x01e2f328       0x1c include_lib/liba/br25/lib_mp2_code.a(mp2code_main.o)
                0x01e2f328                mp2contobj_ops
 .mp2_encode_const
                0x01e2f344      0x374 include_lib/liba/br25/lib_mp2_code.a(encodemp2.o)
                0x01e2f344                mp3_freq_tab
                0x01e2f34a                mp2_bitrate_table
                0x01e2f395                sblimt
                0x01e2f39a                quant_steps
                0x01e2f3bc                quant_bits
                0x01e2f3ce                total_quant_bits
                0x01e2f3f0                alloc_sb1
                0x01e2f40e                alloc_table_1
                0x01e2f43a                alloc_sb3
                0x01e2f446                alloc_table_3
                0x01e2f45e                alloc_sb4
                0x01e2f47c                alloc_table_4
                0x01e2f498                quant_snr
                0x01e2f4bc                alloc_sbs
                0x01e2f4d0                alloc_tables
                0x01e2f4e4                nb_scale_factors
                0x01e2f4e8                scale_factor_table
                0x01e2f5e8                scale_factor_shift
                0x01e2f628                scale_factor_mult
                0x01e2f6a8                mp2_ff_log2_tab
 .mp2_encode_const
                0x01e2f6b8      0xca0 include_lib/liba/br25/lib_mp2_code.a(mp2dsp.o)
                0x01e2f6b8                mp2_filter_bank
                0x01e2feb8                mp2_costab32
                0x01e2ff34                bitinv32
                0x01e2ff54                mpa_enwindow
 *(.mp2_encode_sparse_code)
 .mp2_encode_sparse_code
                0x01e30358      0x15a include_lib/liba/br25/lib_mp2_code.a(mp2code_main.o)
                0x01e304aa                get_mp2_ops
 *(.mp2_encode_sparse_const)
                0x01e304b4                . = ALIGN (0x4)
 *fill*         0x01e304b2        0x2 
 *(.adpcm_encode_code)
 .adpcm_encode_code
                0x01e304b4      0x50c include_lib/liba/br25/lib_adpcm_code.a(en_adpcm.o)
                0x01e3052a                adpcm_coder
 *(.adpcm_encode_const)
 .adpcm_encode_const
                0x01e309c0       0x1c include_lib/liba/br25/lib_adpcm_code.a(en_adpcm_main.o)
                0x01e309c0                msadpcmcontobj_ops
 .adpcm_encode_const
                0x01e309dc       0x78 include_lib/liba/br25/lib_adpcm_code.a(en_adpcm.o)
                0x01e309dc                ms_AdaptCoeff1
                0x01e309f8                ms_AdaptCoeff2
 *(.adpcm_encode_sparse_code)
 .adpcm_encode_sparse_code
                0x01e30a54      0x1a0 include_lib/liba/br25/lib_adpcm_code.a(en_adpcm_main.o)
                0x01e30bec                get_msenadpcm_ops
 *(.adpcm_encode_sparse_const)
                0x01e30bf4                . = ALIGN (0x4)
 *(.m4a_dec_sparse_code)
 *(.m4a_dec_sparse_const)
 *(.aac_dec_sparse_code)
 *(.aac_dec_sparse_const)
 *(.bt_aac_dec_core_const)
 .bt_aac_dec_core_const
                0x01e30bf4     0x2500 cpu\br25\tools\sdk.elf.o
 *(.amr_dec_const)
 *(.dts_dec_ff_const)
 *(.dts_dec_sparse_code)
 *(.dts_dec_sparse_const)
 *(.res_sparse_code)
 *(.ns_sparse_code)
 .ns_sparse_code
                0x01e330f4      0x3b0 cpu\br25\tools\sdk.elf.o
 *(.aec_sparse_code)
 .aec_sparse_code
                0x01e334a4       0xf2 cpu\br25\tools\sdk.elf.o
 *(.nlp_sparse_code)
 .nlp_sparse_code
                0x01e33596      0x10e cpu\br25\tools\sdk.elf.o
 *(.der_sparse_code)
 *(.qmf_sparse_code)
 .qmf_sparse_code
                0x01e336a4       0x26 cpu\br25\tools\sdk.elf.o
 *(.sms_const)
 *(.sms_sparse_code)
 *(.sms_code)
 *(.resample_cal_code)
 *(.resample_cal_sparse_code)
 *(.resample_cal_const)
 *(.bt_compressor_sparse_const)
 *(.bt_compressor_sparse_code)
 *(.compressor_sparse_code)
 *(.compressor_sparse_const)
 *(.bt_limiter_sparse_const)
 *(.bt_limiter_sparse_code)
 *(.limiter_sparse_code)
 *(.limiter_sparse_const)
 *(.bt_crossOver_sparse_const)
 *(.bt_crossOver_sparse_code)
 *(.crossOver_sparse_code)
 *(.crossOver_sparse_const)
 *(.iap_code)
 *(.iap_const)
 *(.audio_bfilt_code)
 *(.audio_bfilt_const)
 *(.audio_buf_sync_code)
 .audio_buf_sync_code
                0x01e336ca       0xe2 cpu\br25\tools\sdk.elf.o
 *(.audio_buf_sync_const)
 *(.audio_dec_app_code)
 .audio_dec_app_code
                0x01e337ac      0xab6 cpu\br25\tools\sdk.elf.o
 *(.audio_dec_app_const)
 *fill*         0x01e34262        0x2 
 .audio_dec_app_const
                0x01e34264       0x6c cpu\br25\tools\sdk.elf.o
 *(.audio_dec_app_sync_code)
 .audio_dec_app_sync_code
                0x01e342d0        0x2 cpu\br25\tools\sdk.elf.o
 *(.audio_dec_app_sync_const)
 *(.audio_dec_app_event_callback)
 .audio_dec_app_event_callback
                0x01e342d2       0x5a cpu\br25\tools\sdk.elf.o
 *(.audio_dec_app_dec_run)
 .audio_dec_app_dec_run
                0x01e3432c       0xf8 cpu\br25\tools\sdk.elf.o
 *(.audio_dec_app_normal_run)
 .audio_dec_app_normal_run
                0x01e34424       0x56 cpu\br25\tools\sdk.elf.o
 *(.audio_dec_tone_event_callback)
 .audio_dec_tone_event_callback
                0x01e3447a      0x112 cpu\br25\tools\sdk.elf.o
 *(.audio_dig_vol_code)
 *(.audio_dig_vol_const)
 *(.audio_echo_reverb_code)
 *(.audio_echo_reverb_const)
 *(.echo_cal_code)
 *(.echo_cal_const)
 *(.platereverb_code)
 *(.platereverb_const)
 *(.reverb0_code)
 *(.reverb0_const)
 *(.reverb_cal_sparse_code)
 *(.audio_echo_src_code)
 *(.audio_echo_src_const)
 *(.audio_energy_detect_code)
 *(.audio_energy_detect_const)
 *(.audio_eq_code)
 *(.audio_eq_const)
 *(.eq_run_code)
 *(.hw_eq_code)
 *(.hw_eq_const)
 *(.audio_drc_code)
 *(.audio_drc_const)
 *(.drc_run_code)
 *(.sw_drc_code)
 *(.drc_code)
 *(.sw_drc_const)
 *(.drc_const)
 *(.crossOver_code)
 *(.crossOver_const)
 *(.audio_eq_drc_apply_code)
 *(.audio_eq_drc_apply_const)
 *(.audio_equalloudness_code)
 *(.audio_equalloudness_const)
 *(.audio_howling_code)
 *(.audio_howling_const)
 *(.howlings_phf_sparse_code)
 *(.howlings_phf_code)
 *(.howlings_phf_const)
 *(.notchhowling_code)
 *(.notchhowling_const)
 *(.notchhowling_sparse_code)
 *(.notchhowling_sparse_const)
 *(.audio_noisegate_code)
 *(.audio_noisegate_const)
 *(.noisegate_code)
 *(.noisegate_const)
 *(.noisegate_sparse_code)
 *(.noisegate_sparse_const)
 *(.audio_output_dac_code)
 .audio_output_dac_code
                0x01e3458c      0x3e0 cpu\br25\tools\sdk.elf.o
 *(.audio_output_dac_const)
 *(.audio_pemafrow_code)
 *(.audio_pemafrow_const)
 *(.audio_pitch_code)
 *(.audio_pitch_const)
 *(.audio_pitchspeed_code)
 *(.audio_pitchspeed_const)
 *(.audio_surround_code)
 *(.audio_surround_const)
 *(.sur_cal_common_code)
 *(.sur_TYPE0_cal_code)
 *(.sur_TYPE1_cal_code)
 *(.sur_TYPE0_cal_const)
 *(.sur_TYPE1_cal_const)
 *(.sur_LRDRIFT2_cal_code)
 *(.sur_LRDRIFT2_cal_const)
 *(.sur_ROTATE_cal_code)
 *(.sur_ROTATE_cal_const)
 *(.sur_LRDRIFT_cal_code)
 *(.sur_LRDRIFT_cal_const)
 *(.sur_cal_sparse_code)
 *(.audio_vocal_remove_code)
 *(.audio_vocal_remove_const)
 *(.audio_vocal_tract_synthesis_code)
 *(.audio_vocal_tract_synthesis_const)
 *(.eq_config_code)
 *(.eq_config_const)
 *(.eq_config_protocol_code)
 *(.eq_config_protocol_const)
 *(.spectrum_eq_code)
 *(.spectrum_eq_const)
 *(.spectrum_fft_code)
 *(.spectrum_fft_const)
 *(.audio_localtws_code)
 *(.audio_localtws_const)
 *(.audio_dec_localtws_code)
 *(.audio_dec_localtws_const)
 *(.audio_dec_a2dp_code)
 .audio_dec_a2dp_code
                0x01e3496c      0x4e6 cpu\br25\tools\sdk.elf.o
 *(.audio_dec_a2dp_const)
 *fill*         0x01e34e52        0x2 
 .audio_dec_a2dp_const
                0x01e34e54       0x2c cpu\br25\tools\sdk.elf.o
 *(.audio_dec_esco_code)
 .audio_dec_esco_code
                0x01e34e80      0x240 cpu\br25\tools\sdk.elf.o
 *(.audio_dec_esco_const)
 .audio_dec_esco_const
                0x01e350c0       0x2c cpu\br25\tools\sdk.elf.o
 *(.audio_dec_file_code)
 .audio_dec_file_code
                0x01e350ec      0x484 cpu\br25\tools\sdk.elf.o
 *(.audio_dec_file_const)
 .audio_dec_file_const
                0x01e35570       0x10 cpu\br25\tools\sdk.elf.o
 *(.audio_dec_pcm_code)
 .audio_dec_pcm_code
                0x01e35580      0x144 cpu\br25\tools\sdk.elf.o
 *(.audio_dec_pcm_const)
 .audio_dec_pcm_const
                0x01e356c4       0x2c cpu\br25\tools\sdk.elf.o
 *(.audio_resample_code)
 *(.audio_resample_const)
 *(.audio_splicing_code)
 .audio_splicing_code
                0x01e356f0      0x4ae cpu\br25\tools\sdk.elf.o
 *(.audio_splicing_const)
 *(.channel_switch_code)
 .channel_switch_code
                0x01e35b9e       0x1c cpu\br25\tools\sdk.elf.o
 *(.channel_switch_const)
 *(.aptx_decoder_code)
 *(.aptx_decoder_const)
 *(.ldac_decoder_code)
 *(.ldac_decoder_const)
 *(.speex_encoder_code)
 *(.speex_encoder_const)
 *(.sbc_encoder_code)
 .sbc_encoder_code
                0x01e35bba      0x110 cpu\br25\tools\sdk.elf.o
 *(.sbc_encoder_const)
 *(.opus_encoder_code)
 *(.opus_encoder_const)
 *(.prevent_task_fill_code)
 *(.prevent_task_fill_const)
 *(.audio_cfifo_code)
 .audio_cfifo_code
                0x01e35cca      0x2a6 cpu\br25\tools\sdk.elf.o
 *(.audio_cfifo_const)
 *(.audio_track_code)
 .audio_track_code
                0x01e35f70       0xec cpu\br25\tools\sdk.elf.o
 *(.audio_track_const)
 *(.audio_adc_code)
 .audio_adc_code
                0x01e3605c       0x28 cpu\br25\tools\sdk.elf.o
 *(.audio_adc_const)
 *(.audio_dac_code)
 .audio_dac_code
                0x01e36084      0xed4 cpu\br25\tools\sdk.elf.o
 *(.audio_dac_const)
 .audio_dac_const
                0x01e36f58       0x10 cpu\br25\tools\sdk.elf.o
 *(.audio_linein_code)
 *(.audio_linein_const)
 *(.audio_link_code)
 *(.audio_link_const)
 *(.audio_sample_sync_code)
 .audio_sample_sync_code
                0x01e36f68      0x55a cpu\br25\tools\sdk.elf.o
 *(.audio_sample_sync_const)
 *(.audio_wireless_sync_code)
 .audio_wireless_sync_code
                0x01e374c2      0x996 cpu\br25\tools\sdk.elf.o
 *(.audio_wireless_sync_const)
 *(.audio_spdif_code)
 *(.audio_spdif_const)
 *(.audio_src_code)
 .audio_src_code
                0x01e37e58       0xda cpu\br25\tools\sdk.elf.o
 *(.audio_src_const)
 *(.audio_src_base_code)
 .audio_src_base_code
                0x01e37f32      0x210 cpu\br25\tools\sdk.elf.o
 *(.audio_src_base_const)
 *(.effectrs_sync_code)
 *(.effectrs_sync_const)
 *(.eq_design_code)
 *(.eq_design_const)
 *(.iic_code)
 *(.iic_const)
 *(.mic_cap_code)
 .mic_cap_code  0x01e38142      0x4f4 cpu\br25\tools\sdk.elf.o
 *(.mic_cap_const)
 .mic_cap_const
                0x01e38636      0x4c6 cpu\br25\tools\sdk.elf.o
 *(.sbc_hwaccel_code)
 .sbc_hwaccel_code
                0x01e38afc      0x464 cpu\br25\tools\sdk.elf.o
 *(.sbc_hwaccel_const)
                0x01e38f60                . = ALIGN (0x4)
                0x01e38f60                _audio_decoder_begin = .
                0x01e38f60                PROVIDE (audio_decoder_begin, .)
 *(.audio_decoder)
 .audio_decoder
                0x01e38f60      0x264 cpu\br25\tools\sdk.elf.o
                0x01e38f60                wav_decoder
                0x01e38fa4                m4a_decoder
                0x01e38fe8                g729_decoder
                0x01e3902c                mp3_decoder
                0x01e39070                flac_decoder
                0x01e390b4                pcm_decoder
                0x01e390f8                sbc_decoder
                0x01e3913c                msbc_decoder
                0x01e39180                cvsd_decoder
                0x01e391c4                _audio_decoder_end = .
                0x01e391c4                PROVIDE (audio_decoder_end, .)
                0x01e391c4                _audio_encoder_begin = .
                0x01e391c4                PROVIDE (audio_encoder_begin, .)
 *(.audio_encoder)
 .audio_encoder
                0x01e391c4       0xa0 cpu\br25\tools\sdk.elf.o
                0x01e391c4                adpcm_encoder
                0x01e391e4                cvsd_encoder
                0x01e39204                msbc_encoder
                0x01e39224                sbc_encoder
                0x01e39244                mp3_encoder
                0x01e39264                _audio_encoder_end = .
                0x01e39264                PROVIDE (audio_encoder_end, .)
                0x01e39264                _audio_package_begin = .
                [!provide]                PROVIDE (audio_package_begin, .)
 *(.audio_package)
                0x01e39264                _audio_package_end = .
                [!provide]                PROVIDE (audio_package_end, .)
                0x01e39264                _audio_dev_begin = .
                [!provide]                PROVIDE (audio_dev_begin, .)
 *(.audio_device)
                0x01e39264                _audio_dev_end = .
                [!provide]                PROVIDE (audio_dev_end, .)
                0x01e39264                _audio_hwaccel_begin = .
                0x01e39264                PROVIDE (audio_hwaccel_begin, .)
 *(.audio_hwaccel)
 .audio_hwaccel
                0x01e39264       0x24 cpu\br25\tools\sdk.elf.o
                0x01e39264                sbc_hwaccel
                0x01e39288                _audio_hwaccel_end = .
                0x01e39288                PROVIDE (audio_hwaccel_end, .)
                0x01e39288                . = ALIGN (0x4)
                0x01e39288                media_code_begin = .
 *(.media.*.text)
 .media.media_cpu.text
                0x01e39288       0xfe cpu\br25\tools\sdk.elf.o
 .media.audio_decoder.text
                0x01e39386       0x44 cpu\br25\tools\sdk.elf.o
 .media.mixer.text
                0x01e393ca       0x2c cpu\br25\tools\sdk.elf.o
 .media.audio_stream.text
                0x01e393f6       0x18 cpu\br25\tools\sdk.elf.o
 .media.audio_encoder.text
                0x01e3940e     0x1810 cpu\br25\tools\sdk.elf.o
 .media.audio_libutils.text
                0x01e3ac1e       0x20 cpu\br25\tools\sdk.elf.o
                0x01e3ac40                . = ALIGN (0x4)
 *fill*         0x01e3ac3e        0x2 
 *(.bt_crossOver_const)
 *(.bt_crossOver_code)
                0x01e3ac40                . = ALIGN (0x4)
 *(.compressor_code)
 *(.compressor_const)
 *(.bt_compressor_const)
 *(.bt_compressor_code)
                0x01e3ac40                . = ALIGN (0x4)
 *(.limiter_code)
 *(.limiter_const)
 *(.bt_limiter_const)
 *(.bt_limiter_code)
 *(.drc_sparse_code)
 *(.drc_sparse_const)