Archive member included to satisfy reference by file (symbol)

cpu/br29/liba/cpu.a(crc16.c.o)
                              obj/Release/cpu/br29/setup.o (symbol from plugin) (__crc16_mutex_init)
cpu/br29/liba/cpu.a(uart.c.o)
                              obj/Release/cpu/br29/iic_soft.o (symbol from plugin) (delay)
cpu/br29/liba/cpu.a(clock.c.o)
                              obj/Release/cpu/br29/adc_api.o (symbol from plugin) (udelay)
cpu/br29/liba/cpu.a(gpio.c.o)
                              obj/Release/apps/common/device/usb/usb_config.o (symbol from plugin) (usb_iomode)
cpu/br29/liba/cpu.a(timer.c.o)
                              obj/Release/apps/common/device/key/key_driver.o (symbol from plugin) (timer_get_ms)
cpu/br29/liba/cpu.a(usb.c.o)  obj/Release/apps/common/device/usb/usb_config.o (symbol from plugin) (usb_sofie_enable)
cpu/br29/liba/cpu.a(wdt.c.o)  obj/Release/apps/soundbox/common/init.o (symbol from plugin) (wdt_close)
cpu/br29/liba/cpu.a(efuse.c.o)
                              obj/Release/cpu/br29/charge.o (symbol from plugin) (get_vbat_trim)
cpu/br29/liba/cpu.a(debug.c.o)
                              obj/Release/cpu/br29/setup.o (symbol from plugin) (debug_init)
cpu/br29/liba/cpu.a(vm.c.o)   obj/Release/apps/common/update/update.o (symbol from plugin) (get_vm_ram_storage_enable)
cpu/br29/liba/cpu.a(power_driver.c.o)
                              timer.c.o (symbol from plugin) (low_power_sys_get)
cpu/br29/liba/cpu.a(power_wakeup.c.o)
                              obj/Release/apps/soundbox/common/init.o (symbol from plugin) (is_ldo5v_wakeup)
cpu/br29/liba/cpu.a(power_reset.c.o)
                              obj/Release/cpu/br29/setup.o (symbol from plugin) (power_reset_source_dump)
cpu/br29/liba/cpu.a(power_compat.c.o)
                              obj/Release/apps/soundbox/common/init.o (symbol from plugin) (cpu_reset_by_soft)
cpu/br29/liba/cpu.a(lptmr.c.o)
                              power_driver.c.o (symbol from plugin) (__lp_timer0_set_time)
cpu/br29/liba/cpu.a(lrc.c.o)  obj/Release/cpu/br29/pwm_led.o (symbol from plugin) (__get_lrc_hz)
cpu/br29/liba/cpu.a(p33.c.o)  obj/Release/cpu/br29/adc_api.o (symbol from plugin) (adc_pmu_ch_select)
cpu/br29/liba/cpu.a(p33_io.c.o)
                              obj/Release/apps/soundbox/board/br29/board_ac706n_1TN/board_ac706n_1TN.o (symbol from plugin) (power_wakeup_set_callback)
cpu/br29/liba/cpu.a(port.c.o)
                              obj/Release/cpu/br29/power/power_port.o (symbol from plugin) (port_protect)
cpu/br29/liba/cpu.a(power_hw.c.o)
                              power_driver.c.o (symbol from plugin) (power_soft_off_init)
cpu/br29/liba/cpu.a(misc_hw.c.o)
                              power_driver.c.o (symbol from plugin) (delay_tmr2_lrc)
cpu/br29/liba/cpu.a(reset.c.o)
                              obj/Release/cpu/br29/power/power_trim.o (symbol from plugin) (is_reset_source)
cpu/br29/liba/cpu.a(power_analog.c.o)
                              power_driver.c.o (symbol from plugin) (msys_init)
cpu/br29/liba/cpu.a(power_clock.c.o)
                              power_driver.c.o (symbol from plugin) (is_pdown_osc_keep)
cpu/br29/liba/cpu.a(power_sfc.c.o)
                              power_driver.c.o (symbol from plugin) (hw_flash_pwr_en)
cpu/br29/liba/cpu.a(chargestore.c.o)
                              obj/Release/apps/soundbox/power_manage/app_chargestore.o (symbol from plugin) (chargestore_api_write)
cpu/br29/liba/cpu.a(otg.c.o)  obj/Release/apps/common/device/usb/usb_config.o (symbol from plugin) (usb_otg_suspend)
cpu/br29/liba/cpu.a(usb_phy.c.o)
                              usb.c.o (symbol from plugin) (usb_mdelay)
cpu/br29/liba/cpu.a(usb_setup.c.o)
                              obj/Release/apps/common/device/usb/usb_config.o (symbol from plugin) (usb_device2id)
cpu/br29/liba/cpu.a(descriptor.c.o)
                              usb_setup.c.o (symbol from plugin) (get_device_descriptor)
cpu/br29/liba/cpu.a(startup.S.o)
                              (_start)
cpu/br29/liba/cpu.a(encryption.c.o)
                              vm.c.o (symbol from plugin) (doe)
cpu/br29/liba/system.a(app_msg.c.o)
                              obj/Release/apps/soundbox/task_manager/idle/idle.o (symbol from plugin) (app_task_get_msg)
cpu/br29/liba/system.a(ASCII_lib.c.o)
                              obj/Release/cpu/br29/audio_dec/audio_dec_tone.o (symbol from plugin) (ASCII_StrCmpNoCase)
cpu/br29/liba/system.a(circular_buf.c.o)
                              obj/Release/apps/common/audio/demo/audio_mic_enc_dec_demo.o (symbol from plugin) (cbuf_read)
cpu/br29/liba/system.a(syscfg_api.c.o)
                              obj/Release/apps/soundbox/aec/br29/audio_aec.o (symbol from plugin) (syscfg_read)
cpu/br29/liba/system.a(cfg_bin.c.o)
                              syscfg_api.c.o (symbol from plugin) (syscfg_bin_enable)
cpu/br29/liba/system.a(cfg_btif.c.o)
                              syscfg_api.c.o (symbol from plugin) (syscfg_btif_enable)
[...]
Memory Configuration

Name             Origin             Length             Attributes
code0            0x07e00100         0x00100000         xr
ram0             0x00100000         0x00021c50         xrw
*default*        0x00000000         0xffffffff

Linker script and memory map

LOAD obj/Release/apps/common/audio/amplitude_statistic.o
LOAD cpu\br29\tools\sdk.elf.o
LOAD obj/Release/apps/common/audio/audio_digital_vol.o
LOAD obj/Release/apps/common/audio/audio_export_demo.o
LOAD obj/Release/apps/common/audio/audio_utils.o
LOAD obj/Release/apps/common/audio/decode/decode.o
LOAD obj/Release/apps/common/audio/demo/audio_mic_enc_dec_demo.o
LOAD obj/Release/apps/common/audio/live_audio/capture_synchronize.o
LOAD obj/Release/apps/common/audio/live_audio/live_audio_buffer.o
LOAD obj/Release/apps/common/audio/live_audio/live_audio_capture.o
LOAD obj/Release/apps/common/audio/live_audio/live_audio_effect.o
LOAD obj/Release/apps/common/audio/live_audio/live_audio_mixer.o
LOAD obj/Release/apps/common/audio/live_audio/live_audio_player.o
LOAD obj/Release/apps/common/audio/live_audio/live_stream_encoder.o
LOAD obj/Release/apps/common/audio/live_audio/pcm_capture_buffer.o
LOAD obj/Release/apps/common/audio/online_debug/aud_mic_dut.o
LOAD obj/Release/apps/common/audio/online_debug/audio_online_debug.o
LOAD obj/Release/apps/common/audio/sine_make.o
LOAD obj/Release/apps/common/audio/stream/stream_entry.o
LOAD obj/Release/apps/common/audio/stream/stream_llns.o
LOAD obj/Release/apps/common/audio/stream/stream_src.o
LOAD obj/Release/apps/common/audio/stream/stream_sync.o
LOAD obj/Release/apps/common/audio/uartPcmSender.o
LOAD obj/Release/apps/common/bt_common/bt_test_api.o
LOAD obj/Release/apps/common/charge_box/chargeIc_manage.o
LOAD obj/Release/apps/common/charge_box/chgbox_box.o
LOAD obj/Release/apps/common/charge_box/chgbox_ctrl.o
LOAD obj/Release/apps/common/charge_box/chgbox_det.o
LOAD obj/Release/apps/common/charge_box/chgbox_handshake.o
LOAD obj/Release/apps/common/charge_box/chgbox_ui.o
LOAD obj/Release/apps/common/charge_box/chgbox_ui_drv_pwmled.o
LOAD obj/Release/apps/common/charge_box/chgbox_ui_drv_timer.o
LOAD obj/Release/apps/common/charge_box/chgbox_wireless.o
LOAD obj/Release/apps/common/config/app_config.o
LOAD obj/Release/apps/common/config/bt_profile_config.o
LOAD obj/Release/apps/common/config/ci_transport_uart.o
LOAD obj/Release/apps/common/config/new_cfg_tool.o
LOAD obj/Release/apps/common/debug/debug.o
LOAD obj/Release/apps/common/debug/debug_lite.o
LOAD obj/Release/apps/common/dev_manager/dev_manager.o
LOAD obj/Release/apps/common/dev_manager/dev_reg.o
LOAD obj/Release/apps/common/dev_manager/dev_update.o
LOAD obj/Release/apps/common/device/key/adkey.o
LOAD obj/Release/apps/common/device/key/ctmu_touch_key.o
LOAD obj/Release/apps/common/device/key/iokey.o
LOAD obj/Release/apps/common/device/key/key_driver.o
LOAD obj/Release/apps/common/device/key/touch_key.o
LOAD obj/Release/apps/common/device/usb/device/cdc.o
LOAD obj/Release/apps/common/device/usb/device/custom_hid.o
LOAD obj/Release/apps/common/device/usb/device/descriptor.o
LOAD obj/Release/apps/common/device/usb/device/hid.o
LOAD obj/Release/apps/common/device/usb/device/msd.o
LOAD obj/Release/apps/common/device/usb/device/msd_upgrade.o
LOAD obj/Release/apps/common/device/usb/device/rcsp_hid_inter.o
LOAD obj/Release/apps/common/device/usb/device/task_pc.o
LOAD obj/Release/apps/common/device/usb/device/uac1.o
LOAD obj/Release/apps/common/device/usb/device/uac_stream.o
LOAD obj/Release/apps/common/device/usb/device/usb_device.o
LOAD obj/Release/apps/common/device/usb/device/user_setup.o
LOAD obj/Release/apps/common/device/usb/host/adb.o
LOAD obj/Release/apps/common/device/usb/host/aoa.o
LOAD obj/Release/apps/common/device/usb/host/audio.o
LOAD obj/Release/apps/common/device/usb/host/audio_demo.o
LOAD obj/Release/apps/common/device/usb/host/hid.o
LOAD obj/Release/apps/common/device/usb/host/usb_bulk_transfer.o
LOAD obj/Release/apps/common/device/usb/host/usb_ctrl_transfer.o
LOAD obj/Release/apps/common/device/usb/host/usb_host.o
LOAD obj/Release/apps/common/device/usb/host/usb_storage.o
LOAD obj/Release/apps/common/device/usb/usb_config.o
LOAD obj/Release/apps/common/device/usb/usb_host_config.o
LOAD obj/Release/apps/common/temp_trim/dtemp_pll_trim.o
LOAD obj/Release/apps/common/third_party_profile/common/custom_cfg.o
LOAD obj/Release/apps/common/third_party_profile/jieli/hid_user.o
LOAD obj/Release/apps/common/third_party_profile/jieli/le_client_demo.o
LOAD obj/Release/apps/common/third_party_profile/jieli/multi_demo/le_multi_client.o
LOAD obj/Release/apps/common/third_party_profile/jieli/multi_demo/le_multi_common.o
LOAD obj/Release/apps/common/third_party_profile/jieli/multi_demo/le_multi_trans.o
LOAD obj/Release/apps/common/third_party_profile/jieli/online_db/online_db_deal.o
LOAD obj/Release/apps/common/third_party_profile/jieli/online_db/spp_online_db.o
LOAD obj/Release/apps/common/third_party_profile/jieli/trans_data_demo/le_trans_data.o
LOAD obj/Release/apps/common/third_party_profile/jieli/trans_data_demo/spp_trans_data.o
LOAD obj/Release/apps/common/ui/led7/led7_ui_api.o
LOAD obj/Release/apps/common/update/testbox_update.o
LOAD obj/Release/apps/common/update/uart_update.o
LOAD obj/Release/apps/common/update/uart_update_master.o
LOAD obj/Release/apps/common/update/update.o
LOAD obj/Release/apps/common/wireless_dev_manager/wireless_dev_manager.o
LOAD obj/Release/apps/soundbox/aec/br29/audio_aec.o
LOAD obj/Release/apps/soundbox/aec/br29/audio_aec_demo.o
LOAD obj/Release/apps/soundbox/aec/br29/audio_aec_dms.o
LOAD obj/Release/apps/soundbox/aec/br29/audio_aec_online.o
LOAD obj/Release/apps/soundbox/app_main.o
LOAD obj/Release/apps/soundbox/board/br29/board_ac706n_1TN/board_ac706n_1TN.o
LOAD obj/Release/apps/soundbox/board/br29/board_ac706n_1TN/key_table/adkey_table.o
LOAD obj/Release/apps/soundbox/board/br29/board_ac706n_1TN/key_table/iokey_table.o
LOAD obj/Release/apps/soundbox/board/br29/board_ac706n_1TN/key_table/touch_key_table.o
LOAD obj/Release/apps/soundbox/board/br29/board_ac706n_2T1_simplex/board_ac706n_2T1_simplex.o
LOAD obj/Release/apps/soundbox/board/br29/board_ac706n_2T1_simplex/key_table/adkey_table.o
LOAD obj/Release/apps/soundbox/board/br29/board_ac706n_2T1_simplex/key_table/iokey_table.o
LOAD obj/Release/apps/soundbox/board/br29/board_ac706n_2T1_simplex/key_table/touch_key_table.o
LOAD obj/Release/apps/soundbox/board/br29/board_ac706n_test/board_ac706n_test.o
LOAD obj/Release/apps/soundbox/board/br29/board_ac706n_test/key_table/adkey_table.o
LOAD obj/Release/apps/soundbox/board/br29/board_ac706n_test/key_table/iokey_table.o
LOAD obj/Release/apps/soundbox/board/br29/board_ac706n_test/key_table/touch_key_table.o
LOAD obj/Release/apps/soundbox/board/br29/undef_func.o
LOAD obj/Release/apps/soundbox/broadcast/app_broadcast.o
LOAD obj/Release/apps/soundbox/broadcast/broadcast.o
LOAD obj/Release/apps/soundbox/common/dev_status.o
LOAD obj/Release/apps/soundbox/common/init.o
LOAD obj/Release/apps/soundbox/common/task_table.o
LOAD obj/Release/apps/soundbox/common/tone_table.o
LOAD obj/Release/apps/soundbox/common/user_cfg_new.o
LOAD obj/Release/apps/soundbox/connected/app_connected.o
LOAD obj/Release/apps/soundbox/connected/connected.o
LOAD obj/Release/apps/soundbox/connected/connected_sync_call.o
LOAD obj/Release/apps/soundbox/font/fontinit.o
LOAD obj/Release/apps/soundbox/log_config/app_config.o
LOAD obj/Release/apps/soundbox/log_config/lib_btctrler_config.o
LOAD obj/Release/apps/soundbox/log_config/lib_btstack_config.o
LOAD obj/Release/apps/soundbox/log_config/lib_driver_config.o
LOAD obj/Release/apps/soundbox/log_config/lib_media_config.o
LOAD obj/Release/apps/soundbox/log_config/lib_system_config.o
LOAD obj/Release/apps/soundbox/log_config/lib_update_config.o
LOAD obj/Release/apps/soundbox/power_manage/app_charge.o
LOAD obj/Release/apps/soundbox/power_manage/app_chargestore.o
LOAD obj/Release/apps/soundbox/power_manage/app_power_manage.o
LOAD obj/Release/apps/soundbox/sdk_version.z.o
LOAD obj/Release/apps/soundbox/task_manager/app_common.o
LOAD obj/Release/apps/soundbox/task_manager/app_task_switch.o
LOAD obj/Release/apps/soundbox/task_manager/bt/bt_other_func.o
LOAD obj/Release/apps/soundbox/task_manager/idle/idle.o
LOAD obj/Release/apps/soundbox/task_manager/linein/linein.o
LOAD obj/Release/apps/soundbox/task_manager/linein/linein_api.o
LOAD obj/Release/apps/soundbox/task_manager/linein/linein_dev.o
LOAD obj/Release/apps/soundbox/task_manager/live_sound/live_iis.o
LOAD obj/Release/apps/soundbox/task_manager/live_sound/live_iis_task.o
LOAD obj/Release/apps/soundbox/task_manager/live_sound/live_mic.o
LOAD obj/Release/apps/soundbox/task_manager/live_sound/live_mic_task.o
LOAD obj/Release/apps/soundbox/task_manager/pc/pc.o
LOAD obj/Release/apps/soundbox/task_manager/power_off/power_off.o
LOAD obj/Release/apps/soundbox/task_manager/power_on/power_on.o
LOAD obj/Release/apps/soundbox/task_manager/task_key.o
LOAD obj/Release/apps/soundbox/third_party_profile/ancs_client_demo/ancs_client_demo.o
LOAD obj/Release/apps/soundbox/third_party_profile/app_protocol_deal.o
LOAD obj/Release/apps/soundbox/third_party_profile/trans_data_demo/trans_data_demo.o
LOAD obj/Release/apps/soundbox/ui/color_led/color_led_app.o
LOAD obj/Release/apps/soundbox/ui/color_led/color_led_table.o
LOAD obj/Release/apps/soundbox/ui/color_led/driver/color_led.o
LOAD obj/Release/apps/soundbox/ui/color_led/driver/color_led_driver.o
LOAD obj/Release/apps/soundbox/ui/led7/ui_common.o
LOAD obj/Release/apps/soundbox/ui/led7/ui_idle.o
LOAD obj/Release/apps/soundbox/ui/led7/ui_linein.o
LOAD obj/Release/apps/soundbox/ui/led7/ui_pc.o
LOAD obj/Release/apps/soundbox/ui/led/pwm_led_api.o
LOAD obj/Release/apps/soundbox/ui/led/pwm_led_para_table.o
LOAD obj/Release/apps/soundbox/version.o
LOAD obj/Release/apps/soundbox/wireless/audio/audio_mode.o
LOAD obj/Release/apps/soundbox/wireless/ble/big.o
LOAD obj/Release/apps/soundbox/wireless/ble/cig.o
LOAD obj/Release/apps/soundbox/wireless/parameters/big_params.o
LOAD obj/Release/apps/soundbox/wireless/parameters/cig_params.o
LOAD obj/Release/apps/soundbox/wireless/test/wireless_trans_auto_test.o
LOAD obj/Release/cpu/br29/adc_api.o
LOAD obj/Release/cpu/br29/aec_tool.o
LOAD obj/Release/cpu/br29/audio_codec_clock.o
LOAD obj/Release/cpu/br29/audio_common/app_audio.o
LOAD obj/Release/cpu/br29/audio_common/sound_device_driver.o
LOAD obj/Release/cpu/br29/audio_common/sound_iis_capture.o
LOAD obj/Release/cpu/br29/audio_common/sound_pcm_demo.o
LOAD obj/Release/cpu/br29/audio_dec/audio_dec.o
LOAD obj/Release/cpu/br29/audio_dec/audio_dec_bt.o
LOAD obj/Release/cpu/br29/audio_dec/audio_dec_iis.o
LOAD obj/Release/cpu/br29/audio_dec/audio_dec_linein.o
LOAD obj/Release/cpu/br29/audio_dec/audio_dec_mic.o
LOAD obj/Release/cpu/br29/audio_dec/audio_dec_pc.o
LOAD obj/Release/cpu/br29/audio_dec/audio_dec_tone.o
LOAD obj/Release/cpu/br29/audio_dec/audio_spectrum.o
LOAD obj/Release/cpu/br29/audio_dec/audio_usb_mic.o
LOAD obj/Release/cpu/br29/audio_dec/audio_usb_mix_mic.o
LOAD obj/Release/cpu/br29/audio_dec/lfwordana_enc_api.o
LOAD obj/Release/cpu/br29/audio_dec/live_stream_player.o
LOAD obj/Release/cpu/br29/audio_dec/tone_player.o
LOAD obj/Release/cpu/br29/audio_effect/audio_autotune_demo.o
LOAD obj/Release/cpu/br29/audio_effect/audio_ch_swap_demo.o
LOAD obj/Release/cpu/br29/audio_effect/audio_dynamic_eq_demo.o
LOAD obj/Release/cpu/br29/audio_effect/audio_eff_default_parm.o
LOAD obj/Release/cpu/br29/audio_effect/audio_eq_drc_demo.o
LOAD obj/Release/cpu/br29/audio_effect/audio_gain_process_demo.o
LOAD obj/Release/cpu/br29/audio_effect/audio_noise_gate_demo.o
LOAD obj/Release/cpu/br29/audio_effect/audio_sound_track_2_p_x.o
LOAD obj/Release/cpu/br29/audio_effect/audio_surround_demo.o
LOAD obj/Release/cpu/br29/audio_effect/audio_vbass_demo.o
LOAD obj/Release/cpu/br29/audio_effect/audio_voice_changer_demo.o
LOAD obj/Release/cpu/br29/audio_effect/effects_adj.o
LOAD obj/Release/cpu/br29/audio_effect/eq_config.o
LOAD obj/Release/cpu/br29/audio_enc/audio_adc_demo.o
LOAD obj/Release/cpu/br29/audio_enc/audio_enc.o
LOAD obj/Release/cpu/br29/audio_enc/audio_enc_file.o
LOAD obj/Release/cpu/br29/audio_enc/audio_enc_recoder.o
LOAD obj/Release/cpu/br29/audio_enc/audio_mic_codec.o
LOAD obj/Release/cpu/br29/audio_enc/audio_recorder_mix.o
LOAD obj/Release/cpu/br29/audio_enc/audio_sbc_codec.o
LOAD obj/Release/cpu/br29/audio_general.o
LOAD obj/Release/cpu/br29/audio_link.o
LOAD obj/Release/cpu/br29/audio_mic/effect_linein.o
LOAD obj/Release/cpu/br29/audio_mic/effect_parm.o
LOAD obj/Release/cpu/br29/audio_mic/effect_reg.o
LOAD obj/Release/cpu/br29/audio_mic/loud_speaker.o
LOAD obj/Release/cpu/br29/audio_mic/mic_effect.o
LOAD obj/Release/cpu/br29/audio_mic/mic_stream.o
LOAD obj/Release/cpu/br29/audio_mic/mic_stream_agc.o
LOAD obj/Release/cpu/br29/audio_mic/mic_stream_demo.o
LOAD obj/Release/cpu/br29/audio_mic/simpleAGC.o
LOAD obj/Release/cpu/br29/audio_mic/wireless_mic_effect.o
LOAD obj/Release/cpu/br29/audio_sound_dac.o
LOAD obj/Release/cpu/br29/audio_way/audio_app_stream.o
LOAD obj/Release/cpu/br29/audio_way/audio_way.o
LOAD obj/Release/cpu/br29/audio_way/audio_way_dac.o
LOAD obj/Release/cpu/br29/charge.o
LOAD obj/Release/cpu/br29/chargestore.o
LOAD obj/Release/cpu/br29/clock_manager.o
LOAD obj/Release/cpu/br29/hw_fft.o
LOAD obj/Release/cpu/br29/iic_hw.o
LOAD obj/Release/cpu/br29/iic_soft.o
LOAD obj/Release/cpu/br29/irflt.o
LOAD obj/Release/cpu/br29/led_spi.o
LOAD obj/Release/cpu/br29/lp_touch_key.o
LOAD obj/Release/cpu/br29/lp_touch_key_tool.o
LOAD obj/Release/cpu/br29/lua_port_api.o
LOAD obj/Release/cpu/br29/mcpwm.o
LOAD obj/Release/cpu/br29/overlay_code.o
LOAD obj/Release/cpu/br29/plcnt.o
LOAD obj/Release/cpu/br29/power/power_app.o
LOAD obj/Release/cpu/br29/power/power_check.o
LOAD obj/Release/cpu/br29/power/power_port.o
LOAD obj/Release/cpu/br29/power/power_trim.o
LOAD obj/Release/cpu/br29/psram.o
LOAD obj/Release/cpu/br29/pwm_led.o
LOAD obj/Release/cpu/br29/rdec.o
LOAD obj/Release/cpu/br29/setup.o
LOAD obj/Release/cpu/br29/sound_iis.o
LOAD obj/Release/cpu/br29/spi.o
LOAD obj/Release/cpu/br29/uart_dev.o
LOAD obj/Release/cpu/br29/ui_driver/led7/led7_driver.o
LOAD obj/Release/cpu/br29/ui_driver/led7_timer.o
LOAD obj/Release/cpu/br29/ui_driver/LED_1888/LED1888.o
LOAD obj/Release/cpu/br29/ui_driver/ui_common.o
START GROUP
LOAD cpu/br29/liba/cpu.a
LOAD cpu/br29/liba/system.a
LOAD cpu/br29/liba/btstack.a
LOAD cpu/br29/liba/btctrler.a
LOAD cpu/br29/liba/media.a
LOAD cpu/br29/liba/media_app.a
LOAD cpu/br29/liba/update.a
LOAD cpu/br29/liba/jla_codec_lib.a
LOAD cpu/br29/liba/wtg_dec_lib.a
LOAD cpu/br29/liba/lib_jla_ll_codec.a
LOAD cpu/br29/liba/rcsp_stack.a
LOAD cpu/br29/liba/tme_stack.a
LOAD cpu/br29/liba/aec.a
LOAD cpu/br29/liba/libepmotion.a
LOAD cpu/br29/liba/crypto_toolbox_Osize.a
LOAD cpu/br29/liba/libFFT_pi32v2_OnChip.a
LOAD cpu/br29/liba/libAptFilt_pi32v2_OnChip.a
LOAD cpu/br29/liba/libEchoSuppress_pi32v2_OnChip.a
LOAD cpu/br29/liba/libNoiseSuppress_pi32v2_OnChip.a
LOAD cpu/br29/liba/libSplittingFilter_pi32v2_OnChip.a
LOAD cpu/br29/liba/agreement.a
LOAD cpu/br29/liba/SpectrumShow.a
LOAD cpu/br29/liba/drc.a
LOAD cpu/br29/liba/DynamicEQ.a
LOAD cpu/br29/liba/lib_voiceChanger.a
LOAD cpu/br29/liba/VirtualBass.a
LOAD cpu/br29/liba/lib_sur_cal.a
LOAD cpu/br29/liba/loudness.a
LOAD cpu/br29/liba/howling.a
LOAD cpu/br29/liba/noisegate.a
LOAD cpu/br29/liba/lib_howlings_phf.a
LOAD cpu/br29/liba/crossover_coff.a
LOAD cpu/br29/liba/lib_reverb_cal.a
LOAD cpu/br29/liba/lib_plateReverb_adv.a
LOAD cpu/br29/liba/lib_pitch_speed.a
LOAD cpu/br29/liba/libllns.a
LOAD cpu/br29/liba/libjlsp.a
END GROUP
                0x0000fe50                request_irq = 0xfe50
                0x0000fe54                p33_buf = 0xfe54
                0x0000fe58                p33_xor_1byte = 0xfe58
                0x0000fe5c                p33_and_1byte = 0xfe5c
                0x0000fe60                p33_or_1byte = 0xfe60
                0x0000fe64                p33_tx_1byte = 0xfe64
                0x0000fe68                p33_rx_1byte = 0xfe68
                0x0000fe6c                P33_CON_SET = 0xfe6c
                0x0000fe70                memcpy = 0xfe70
                0x0000fe74                memmove = 0xfe74
                0x0000fe78                memcmp = 0xfe78
                0x0000fe7c                memset = 0xfe7c
                0x0000fe80                strcmp = 0xfe80
                0x0000fe84                strlen = 0xfe84
                0x0000fe88                ic_pll_init = 0xfe88
                0x0000fe8c                sfc_suspend = 0xfe8c
                0x0000fe90                sfc_resume = 0xfe90
                0x0000fe94                sfc_drop_cache = 0xfe94
                0x0000fe98                IcuInitial = 0xfe98
                0x0000fe9c                IcuFlushinvAll = 0xfe9c
                0x0000fea0                chip_crc16 = 0xfea0
                0x0000fea4                CrcDecode = 0xfea4
                0x0000fea8                mask_init = 0xfea8
                0x0000feac                wdt_clear = 0xfeac
                0x0000feb0                rom_nvram_set_boot_state = 0xfeb0
                0x0000feb4                chip_reset = 0xfeb4
                0x0000feb8                flash_poweron = 0xfeb8
                0x0000febc                flash_poweroff = 0xfebc
                0x0000fec0                uart_set_dma_dir = 0xfec0
                0x0000fec4                doe = 0xfec4
                0x0000fec8                LZ4_setStreamDecode = 0xfec8
                0x0000fecc                LZ4_decompress_safe_continue = 0xfecc
                0x0000fed0                LZ4_decompress_generic = 0xfed0
                0x0000fed4                LZ4_decompress_safe_usingDict = 0xfed4
                0x0000fed8                dec_isd_cfg_ini = 0xfed8
                0x0000fedc                os_init = 0xfedc
                0x0000fee0                os_current_task_prio = 0xfee0
                0x0000fee4                os_current_task_stask_size = 0xfee4
                0x0000fee8                os_time_get = 0xfee8
                0x0000feec                os_task_create_static = 0xfeec
                0x0000fef0                os_task_coreaffinityset = 0xfef0
                0x0000fef4                os_task_create_affinity_core = 0xfef4
                0x0000fef8                rom_os_task_create = 0xfef8
                0x0000fefc                os_time_dly = 0xfefc
                0x0000ff00                os_task_del_req = 0xff00
                0x0000ff04                os_task_del_res = 0xff04
                0x0000ff08                os_task_del = 0xff08
                0x0000ff0c                os_taskq_post = 0xff0c
                0x0000ff10                os_taskq_accept = 0xff10
                0x0000ff14                __os_taskq_pend = 0xff14
                0x0000ff18                os_sem_create = 0xff18
                0x0000ff1c                os_sem_del = 0xff1c
                0x0000ff20                os_sem_pend = 0xff20
                0x0000ff24                os_sem_post = 0xff24
                0x0000ff28                os_sem_set = 0xff28
                0x0000ff2c                os_sem_query = 0xff2c
                0x0000ff30                os_sem_valid = 0xff30
                0x0000ff34                os_mutex_create = 0xff34
                0x0000ff38                os_mutex_del = 0xff38
                0x0000ff3c                os_mutex_pend = 0xff3c
                0x0000ff40                os_mutex_post = 0xff40
                0x0000ff44                os_mutex_valid = 0xff44
                0x0000ff48                os_q_create = 0xff48
                0x0000ff4c                os_q_del = 0xff4c
                0x0000ff50                os_q_flush = 0xff50
                0x0000ff54                os_taskq_flush = 0xff54
                0x0000ff58                os_q_pend = 0xff58
                0x0000ff5c                os_q_recv = 0xff5c
                0x0000ff60                os_q_peek = 0xff60
                0x0000ff64                os_q_post = 0xff64
                0x0000ff68                os_q_post_to_back = 0xff68
                0x0000ff6c                os_q_post_to_front = 0xff6c
                0x0000ff70                os_q_query = 0xff70
                0x0000ff74                os_q_valid = 0xff74
                0x0000ff78                rom_os_task_get_handle = 0xff78
                0x0000ff7c                OSInit = 0xff7c
                0x0000ff80                OSSchedLock = 0xff80
                0x0000ff84                OSSchedUnlock = 0xff84
                0x0000ff88                os_time_tick = 0xff88
                0x0000ff8c                OS_SchedRoundRobin = 0xff8c
                0x0000ff90                OS_EventTaskRdy = 0xff90
                0x0000ff94                OS_EventTaskWait = 0xff94
                0x0000ff98                OS_EventTO = 0xff98
                0x0000ff9c                OS_Sched = 0xff9c
                0x0000ffa0                OSUpdateIdleTime = 0xffa0
                0x0000ffa4                prvGetExpectedIdleTime = 0xffa4
                0x0000ffa8                os_taskq_post_msg = 0xffa8
                0x0000ffac                os_taskq_post_event = 0xffac
                0x0000ffb0                os_taskq_post_type = 0xffb0
                0x0000ffb4                task_queue_post_event = 0xffb4
                0x0000ffb8                task_queue_post_msg = 0xffb8
                0x0000ffbc                task_queue_post = 0xffbc
                0x0000ffc0                OSTaskQFlush = 0xffc0
                0x0000ffc4                __OSTaskQFlushMsg = 0xffc4
                0x0000ffc8                os_taskq_pend = 0xffc8
                0x0000ffcc                os_current_task_rom = 0xffcc
                0x0000ffd0                OSTimeDly = 0xffd0
                0x0000ffd4                OSTimeDlyResume = 0xffd4
                0x0000ffd8                OSTimeGet = 0xffd8
                0x0000ffdc                OSTimeSet = 0xffdc
                0x0000ffe0                os_var_info_get = 0xffe0
                0x0000ffe4                OSTaskCreate = 0xffe4
                0x0000ffe8                os_taskq_del_type = 0xffe8
                0x00003a50                STFT_Win_FixHalf_M512_D160 = 0x3a50
                0x00003e50                STFT_Win_FixHalf_M256_D160 = 0x3e50
                0x00004050                STFT_Win_FixHalf_M256_D80 = 0x4050
                0x00004250                STFT_Win_FixHalf_M128_D80 = 0x4250
                0x00000250                WOLAAnalysisFilter_Float_M64_m4_r1 = 0x250
                0x00000650                WOLASynthesisFilter_Float_M64_m4_r1 = 0x650
                0x00000a50                WOLAAnalysisFilter_Float_M128_m4_r1 = 0xa50
                0x00001250                WOLASynthesisFilter_Float_M128_m4_r1 = 0x1250
                0x00001a50                WOLAAnalysisFilter_Float_M256_m4_r1 = 0x1a50
                0x00002a50                WOLASynthesisFilter_Float_M256_m4_r1 = 0x2a50
                0x0000ffec                get_cvsd_codec_ops = 0xffec
                0x0000fff0                get_mp3_ops = 0xfff0
                0x0000fff4                mpegaudio_synth_full = 0xfff4
                0x0000fff8                mp3_decode = 0xfff8
                0x0000fffc                mpeg_decode_header = 0xfffc
                0x000055c0                pre_decode = 0x55c0
                0x000055d0                music_decode = 0x55d0
                0x00004364                mp3_decoder_ops = 0x4364
                0x000063f0                D_windowtab = 0x63f0
                0x00121d30                efuse_page0 = 0x121d30
                0x00121d34                efuse_page1 = 0x121d34
                0x00121f00                _IRQ_MEM_ADDR = 0x121f00
                0x00100000                _RAM_LIMIT_L = 0x100000
                0x00100930                _MASK_USED_MEM_END = 0x100930
                0x00121cd0                _MASK_EXPORT_MEM_BEGIN = 0x121cd0
                0x00000224                _MASK_EXPORT_MEM_SIZE = 0x224
                0x0000b8c8                mdelay = 0xb8c8
                0x0000b8a4                udelay = 0xb8a4
                0x00121d84                OSRdyTbl = 0x121d84
                0x00121d90                OSTCBCur = 0x121d90
                0x00121d94                OSTCBPrioTbl = 0x121d94
                0x00121e94                OSNextTaskUnblockTime = 0x121e94
                0x0000feac                clr_wdt = 0xfeac
                0x00000080                UPDATA_SIZE = 0x80
                0x00121c50                UPDATA_BEG = (_MASK_EXPORT_MEM_BEGIN - UPDATA_SIZE)
                0x00114000                UPDATA_BREDR_BASE_BEG = 0x114000
                0x00100000                RAM_LIMIT_L = _RAM_LIMIT_L
                0x00121c50                RAM_LIMIT_H = UPDATA_BEG
                0x00021c50                PHY_RAM_SIZE = (RAM_LIMIT_H - RAM_LIMIT_L)
                0x00121f00                ISR_BASE = _IRQ_MEM_ADDR
                0x00000224                ROM_RAM_SIZE = _MASK_EXPORT_MEM_SIZE
                0x00121cd0                ROM_RAM_BEG = _MASK_EXPORT_MEM_BEGIN
                0x00100000                RAM0_BEG = RAM_LIMIT_L
                0x00121c50                RAM0_END = RAM_LIMIT_H
                0x00021c50                RAM0_SIZE = (RAM0_END - RAM0_BEG)
                0x07e00100                TEXT_CODE_BEG = 0x7e00100
                0x07e00100                . = ORIGIN (code0)

.text           0x07e00100    0x29e70
                [!provide]                PROVIDE (text_rodata_begin, .)
 *(.startup.text)
 .startup.text  0x07e00100      0x112 cpu/br29/liba/cpu.a(startup.S.o)
                0x07e00100                _start
                0x07e00192                __BT_UPDATA_JUMP
                0x07e00200                exception_irq_handler
 *(.text)
 .text          0x07e00212     0xa692 cpu\br29\tools\sdk.elf.o
                0x07e02e60                update_result_get
                0x07e033da                __errno
                0x07e0382e                main
                0x07e07db0                app_bank_init
 .text          0x07e0a8a4      0x110 C:\JL\pi32\pi32v2-lib\r5\libm.a(lib_a-s_ceil.o)
                0x07e0a8a4                ceil
 .text          0x07e0a9b4       0xae C:\JL\pi32\pi32v2-lib\r5\libc.a(lib_a-strchr.o)
                0x07e0a9b4                strchr
 .text          0x07e0aa62       0x6e C:\JL\pi32\pi32v2-lib\r5\libc.a(lib_a-strcpy.o)
                0x07e0aa62                strcpy
 .text          0x07e0aad0       0x60 C:\JL\pi32\pi32v2-lib\r5\libc.a(lib_a-strncmp.o)
                0x07e0aad0                strncmp
 .text          0x07e0ab30      0x30e C:\JL\pi32\pi32v2-lib\r5\libcompiler-rt.a(adddf3.o)
                0x07e0ab5e                __adddf3
 .text          0x07e0ae3e      0x1a0 C:\JL\pi32\pi32v2-lib\r5\libcompiler-rt.a(comparedf2.o)
                0x07e0ae3e                __ledf2
                0x07e0ae3e                __cmpdf2
                0x07e0aeee                __gedf2
                0x07e0af96                __unorddf2
                0x07e0afd6                __eqdf2
                0x07e0afd8                __ltdf2
                0x07e0afda                __nedf2
                0x07e0afdc                __gtdf2
 .text          0x07e0afde      0x338 C:\JL\pi32\pi32v2-lib\r5\libcompiler-rt.a(divdf3.o)
                0x07e0b006                __divdf3
 .text          0x07e0b316       0x7a C:\JL\pi32\pi32v2-lib\r5\libcompiler-rt.a(extendsfdf2.o)
                0x07e0b316                __extendsfdf2
 .text          0x07e0b390       0x54 C:\JL\pi32\pi32v2-lib\r5\libcompiler-rt.a(fixdfsi.o)
                0x07e0b390                __fixdfsi
 .text          0x07e0b3e4       0x4c C:\JL\pi32\pi32v2-lib\r5\libcompiler-rt.a(floatsidf.o)
                0x07e0b3e4                __floatsidf
 .text          0x07e0b430       0x34 C:\JL\pi32\pi32v2-lib\r5\libcompiler-rt.a(floatunsidf.o)
                0x07e0b430                __floatunsidf
 .text          0x07e0b464      0x2ec C:\JL\pi32\pi32v2-lib\r5\libcompiler-rt.a(muldf3.o)
                0x07e0b48c                __muldf3
 .text          0x07e0b750      0x146 C:\JL\pi32\pi32v2-lib\r5\libcompiler-rt.a(truncdfsf2.o)
                0x07e0b750                __truncdfsf2
                0x07e0b898                . = ALIGN (0x4)
 *fill*         0x07e0b896        0x2 
                0x07e0b898                update_target_begin = .
                [!provide]                PROVIDE (update_target_begin, .)
 *(.update_target)
 .update_target
                0x07e0b898        0x8 cpu\br29\tools\sdk.elf.o
                0x07e0b898                audio_update_target
                0x07e0b8a0                update_target_end = .
                [!provide]                PROVIDE (update_target_end, .)
                0x07e0b8a0                . = ALIGN (0x4)
 *(.LOG_TAG_CONST*)
 *(.rodata*)
 .rodata.str1.1
                0x07e0b8a0      0x19c cpu\br29\tools\sdk.elf.o
                                0x1b9 (size before relaxing)
 *fill*         0x07e0ba3c        0x4 
 .rodata        0x07e0ba40     0x2400 cpu\br29\tools\sdk.elf.o
                0x07e0bc1c                LZ4_DATA_CODE_ENABLE
 .rodata.cst8   0x07e0de40        0x8 cpu\br29\tools\sdk.elf.o
 .rodata.cst16  0x07e0de48       0x10 cpu\br29\tools\sdk.elf.o
 .rodata.cst4   0x07e0de58        0x4 cpu\br29\tools\sdk.elf.o
                0x07e0de5c                . = ALIGN (0x4)
                [!provide]                PROVIDE (text_rodata_end, .)
                0x07e0de5c                clock_critical_handler_begin = .
 *(.clock_critical_txt)
 .clock_critical_txt
                0x07e0de5c       0x28 cpu\br29\tools\sdk.elf.o
                0x07e0de5c                clock_saradc
                0x07e0de64                clock_chargestore
                0x07e0de6c                clock_uart
                0x07e0de74                clock_lrc
                0x07e0de7c                clock_port
                0x07e0de84                clock_critical_handler_end = .
                0x07e0de84                chargestore_handler_begin = .
 *(.chargestore_callback_txt)
                0x07e0de84                chargestore_handler_end = .
 *(.opcore_table_maskrom)
 *(.bfilt_table_maskroom)
 *(.opcore_maskrom)
 *(.bfilt_code)
 *(.bfilt_const)
                0x07e0de84                . = ALIGN (0x4)
                0x07e0de84                __VERSION_BEGIN = .
 *(.sys.version)
 .sys.version   0x07e0de84       0x26 obj/Release/apps/soundbox/sdk_version.z.o
                0x07e0deaa                __VERSION_END = .
 *(.noop_version)
                0x07e0deac                . = ALIGN (0x4)
 *fill*         0x07e0deaa        0x2 
                0x07e0deac                . = ALIGN (0x4)
                0x07e0deac                tool_interface_begin = .
 *(.tool_interface)
                0x07e0deac                tool_interface_end = .
                0x07e0deac                . = ALIGN (0x4)
                0x07e0deac                cmd_interface_begin = .
 *(.eff_cmd)
                0x07e0deac                cmd_interface_end = .
                0x07e0deac                . = ALIGN (0x4)
                0x07e0dec0                . = ALIGN (0x20)
 *fill*         0x07e0deac       0x14 
                0x07e0dec0                m_code_addr = .
 *(.m.code*)
 *(.movable.code*)
                0x00000000                m_code_size = ABSOLUTE ((. - m_code_addr))
                0x07e0dec0                . = ALIGN (0x20)
                0x07e0dec0                gsensor_dev_begin = .
 *(.gsensor_dev)
                0x07e0dec0                gsensor_dev_end = .
                0x07e0dec0                fm_dev_begin = .
 *(.fm_dev)
                0x07e0dec0                fm_dev_end = .
                0x07e0dec0                fm_emitter_dev_begin = .
 *(.fm_emitter_dev)
                0x07e0dec0                fm_emitter_dev_end = .
                0x07e0dec0                storage_device_begin = .
 *(.storage_device)
                0x07e0dec0                storage_device_end = .
                0x07e0dec0                wireless_dev_ops_begin = .
 *(.wireless_dev)
 .wireless_dev  0x07e0dec0       0x18 cpu\br29\tools\sdk.elf.o
                0x07e0dec0                big_tx_op
                0x07e0ded8                wireless_dev_ops_end = .
                0x07e0ded8                connected_sync_channel_begin = .
 *(.connected_call_sync)
                0x07e0ded8                connected_sync_channel_end = .
                0x07e0ded8                conn_sync_call_func_begin = .
 *(.connected_sync_call_func)
                0x07e0ded8                conn_sync_call_func_end = .
                0x07e0ded8                conn_data_trans_stub_begin = .
 *(.conn_data_trans_stub)
                0x07e0ded8                conn_data_trans_stub_end = .
                0x07e0ded8                . = ALIGN (0x4)
 *(.gpio_ram)
                0x07e0ded8                . = ALIGN (0x4)
 *(.LED_code)
                0x07e0ded8                . = ALIGN (0x4)
 *(.LED_const)
                0x07e0ded8                . = ALIGN (0x4)
 *(.usb.text)
 .usb.text      0x07e0ded8        0x4 cpu\br29\tools\sdk.elf.o
 *(.usb.text.const)
 .usb.text.const
                0x07e0dedc        0x4 cpu\br29\tools\sdk.elf.o
                0x07e0dee0                . = ALIGN (0x4)
                0x07e0dee0                broadcast_text_begin = .
 *(.broadcast_text)
 .broadcast_text
                0x07e0dee0      0x8d0 cpu\br29\tools\sdk.elf.o
 *(.broadcast_const)
 .broadcast_const
                0x07e0e7b0       0x50 cpu\br29\tools\sdk.elf.o
 *(.app_broadcast_text)
 .app_broadcast_text
                0x07e0e800      0x31e cpu\br29\tools\sdk.elf.o
 *(.app_broadcast_const)
 *fill*         0x07e0eb1e        0x2 
 .app_broadcast_const
                0x07e0eb20       0x10 cpu\br29\tools\sdk.elf.o
                0x07e0eb30                broadcast_text_end = .
                0x07e0eb40                . = ALIGN (0x20)
 *fill*         0x07e0eb30       0x10 
                0x07e0eb40                update_code_start = .
 *(.bt_updata_ram_code)
 *(.update_const)
 .update_const  0x07e0eb40      0x152 cpu\br29\tools\sdk.elf.o
 *(.update_code)
 .update_code   0x07e0ec92      0xece cpu\br29\tools\sdk.elf.o
                0x07e0fb60                update_code_end = .
                0x07e0fb60                . = ALIGN (0x4)
                0x07e0fb60                btstack_code_start = .
                0x07e0fb60                . = ALIGN (0x4)
                0x07e0fb60                a2dp_source_media_codec_begin = .
 *(.a2dp_source_media_codec)
                0x07e0fb60                a2dp_source_media_codec_end = .
                0x07e0fb60                a2dp_sink_media_probe_begin = .
 *(.a2dp_sink_media_probe)
                0x07e0fb60                a2dp_sink_media_probe_end = .
                0x07e0fb60                a2dp_sink_media_codec_begin = .
 *(.a2dp_sink_media_codec)
 .a2dp_sink_media_codec
                0x07e0fb60       0x30 cpu\br29\tools\sdk.elf.o
                0x07e0fb60                a2dp_1sbc_codec_private
                0x07e0fb78                a2dp_2aac_sink_codec
                0x07e0fb90                a2dp_sink_media_codec_end = .
                0x07e0fb90                a2dp_event_handler_begin = .
 *(.a2dp_event_handler)
                0x07e0fb90                a2dp_event_handler_end = .
                0x07e0fb90                sdp_record_item_begin = .
 *(.sdp_record_item)
                0x07e0fb90                sdp_record_item_end = .
                0x07e0fb90                bt_sleep_begin = .
 *(.bt_sleep)
 .bt_sleep      0x07e0fb90       0x60 cpu\br29\tools\sdk.elf.o
                0x07e0fb90                bt_suspend_a2dp_resumea2dp_release
                0x07e0fb9c                bt_suspend_avctp_resumeavctp_release
                0x07e0fba8                bt_suspend_user_cmd_loop_resumeuser_cmd_loop_release
                0x07e0fbb4                bt_suspend_hfp_resumehfp_release
                0x07e0fbc0                bt_suspend_hid_resumehid_release
                0x07e0fbcc                bt_suspend_spp_resumespp_release
                0x07e0fbd8                bt_suspend_sdp_resumesdp_release
                0x07e0fbe4                bt_suspend_iap_resumeiap_release
                0x07e0fbf0                bt_sleep_end = .
 *(.bt_stack_const)
 .bt_stack_const
                0x07e0fbf0       0x78 cpu\br29\tools\sdk.elf.o
 *(.bt_stack_code)
 .bt_stack_code
                0x07e0fc68     0x1ef8 cpu\br29\tools\sdk.elf.o
 *(.ble_db_const)
 *(.ble_db_code)
 *(.ble_sm_const)
 *(.ble_sm_code)
 *(.ble_att_const)
 *(.ble_att_code)
 .ble_att_code  0x07e11b60       0x20 cpu\br29\tools\sdk.elf.o
 *(.ble_gatt_const)
 *(.ble_gatt_code)
                0x07e11b80                BTSTACK_LE_HOST_MESH_CODE_START = .
 *(.ble_mesh_code)
 *(.ble_mesh_tinycrypt_code)
 *(.ble_mesh_const)
 *(.ble_mesh_tinycrypt_const)
                0x00000000                BTSTACK_LE_HOST_MESH_CODE_SIZE = ABSOLUTE ((. - BTSTACK_LE_HOST_MESH_CODE_START))
                0x07e11b80                BTSTACK_LE_AUDIO_BIG_TEXT_START = .
 *(.big_rx_const)
 *(.big_tx_const)
 .big_tx_const  0x07e11b80       0x10 cpu\br29\tools\sdk.elf.o
 *(.big_common_const)
 *(.big_rx_code)
 *(.big_tx_code)
 .big_tx_code   0x07e11b90      0x868 cpu\br29\tools\sdk.elf.o
 *(.big_common_code)
 .big_common_code
                0x07e123f8       0xa4 cpu\br29\tools\sdk.elf.o
                0x0000091c                BTSTACK_LE_AUDIO_BIG_TEXT_SIZE = ABSOLUTE ((. - BTSTACK_LE_AUDIO_BIG_TEXT_START))
                0x07e1249c                BTSTACK_LE_AUDIO_CIG_TEXT_START = .
 *(.cig_central_const)
 *(.cig_peripheral_const)
 *(.cig_common_const)
 *(.cig_central_code)
 *(.cig_peripheral_code)
 *(.cig_common_code)
                0x00000000                BTSTACK_LE_AUDIO_CIG_TEXT_SIZE = ABSOLUTE ((. - BTSTACK_LE_AUDIO_CIG_TEXT_START))
                0x07e1249c                btstack_code_end = .
                0x07e1249c                . = ALIGN (0x4)
                0x07e1249c                . = ALIGN (0x4)
                0x07e1249c                system_text_start = .
                0x07e1249c                _device_node_begin = .
                0x07e1249c                PROVIDE (device_node_begin, .)
 *(.device)
 .device        0x07e1249c        0xc cpu\br29\tools\sdk.elf.o
                0x07e1249c                device_table
                0x07e124a8                _device_node_end = .
                0x07e124a8                PROVIDE (device_node_end, .)
                0x07e124a8                config_target_begin = .
                [!provide]                PROVIDE (config_target_begin, .)
 *(.config_target)
                0x07e124a8                config_target_end = .
                [!provide]                PROVIDE (config_target_end, .)
                0x07e124a8                system_code_begin = .
 *(.system.*.text)
 .system.task.text
                0x07e124a8      0x162 cpu\br29\tools\sdk.elf.o
 .system.cpu.text
                0x07e1260a      0x610 cpu\br29\tools\sdk.elf.o
 .system.cbuf.text
                0x07e12c1a      0x114 cpu\br29\tools\sdk.elf.o
 .system.device.text
                0x07e12d2e       0xb0 cpu\br29\tools\sdk.elf.o
 .system.event.text
                0x07e12dde      0x3aa cpu\br29\tools\sdk.elf.o
 .system.timer.text
                0x07e13188      0x706 cpu\br29\tools\sdk.elf.o
 .system.cfg_tool.text
                0x07e1388e      0x702 cpu\br29\tools\sdk.elf.o
 .system.fs.text
                0x07e13f90      0xbe2 cpu\br29\tools\sdk.elf.o
 .system.app_core.text
                0x07e14b72      0x138 cpu\br29\tools\sdk.elf.o
 .system.ascii.text
                0x07e14caa       0x3a cpu\br29\tools\sdk.elf.o
 .system.init.text
                0x07e14ce4       0x32 cpu\br29\tools\sdk.elf.o
                0x07e14ce4                boot_info_init
 .system.printf.text
                0x07e14d16      0x3fc cpu\br29\tools\sdk.elf.o
                0x07e15112                system_code_end = .
                0x07e15114                . = ALIGN (0x4)
 *fill*         0x07e15112        0x2 
                0x00002c6a                system_code_size = (system_code_end - system_code_begin)
                0x07e15114                vfs_ops_begin = .
 *(.vfs_operations)
 .vfs_operations
                0x07e15114       0x74 cpu\br29\tools\sdk.elf.o
                0x07e15114                sdfile_vfs_ops
                0x07e15188                vfs_ops_end = .
                0x07e15188                _lib_version_begin = .
                [!provide]                PROVIDE (lib_version_begin, .)
 *(.lib_version)
 .lib_version   0x07e15188        0xc cpu\br29\tools\sdk.elf.o
                0x07e15188                __version_sdfile
                0x07e1518c                __version_fs
                0x07e15190                __version_fatfs
                0x07e15194                _lib_version_end = .
                [!provide]                PROVIDE (lib_version_end, .)
                0x07e15194                _initcall_begin = .
                0x07e15194                PROVIDE (initcall_begin, .)
 *(.initcall)
 .initcall      0x07e15194       0x1c cpu\br29\tools\sdk.elf.o
                0x07e15194                __initcall_audio_online_debug_open
                0x07e15198                __initcall_trim_timer_add
                0x07e1519c                __initcall_app_update_init
                0x07e151a0                __initcall_app_chargestore_init
                0x07e151a4                __initcall_audio_drc_lib_init
                0x07e151a8                __initcall_ns_init
                0x07e151ac                __initcall_audio_eq_lib_init
                0x07e151b0                _initcall_end = .
                0x07e151b0                PROVIDE (initcall_end, .)
                0x07e151b0                _early_initcall_begin = .
                0x07e151b0                PROVIDE (early_initcall_begin, .)
 *(.early.initcall)
 .early.initcall
                0x07e151b0        0x8 cpu\br29\tools\sdk.elf.o
                0x07e151b0                __initcall_sys_event_init
                0x07e151b4                __initcall_sdfile_init
                0x07e151b8                _early_initcall_end = .
                0x07e151b8                PROVIDE (early_initcall_end, .)
                0x07e151b8                _late_initcall_begin = .
                0x07e151b8                PROVIDE (late_initcall_begin, .)
 *(.late.initcall)
 .late.initcall
                0x07e151b8        0x4 cpu\br29\tools\sdk.elf.o
                0x07e151b8                __initcall_sdk_meky_check
                0x07e151bc                _late_initcall_end = .
                0x07e151bc                PROVIDE (late_initcall_end, .)
                0x07e151bc                _platform_initcall_begin = .
                0x07e151bc                PROVIDE (platform_initcall_begin, .)
 *(.platform.initcall)
 .platform.initcall
                0x07e151bc        0x4 cpu\br29\tools\sdk.elf.o
                0x07e151bc                __initcall_syscfg_tools_init
                0x07e151c0                _platform_initcall_end = .
                0x07e151c0                PROVIDE (platform_initcall_end, .)
                0x07e151c0                _module_initcall_begin = .
                0x07e151c0                PROVIDE (module_initcall_begin, .)
 *(.module.initcall)
                0x07e151c0                _module_initcall_end = .
                0x07e151c0                PROVIDE (module_initcall_end, .)
                0x07e151c0                _sys_event_handler_begin = .
                0x07e151c0                PROVIDE (sys_event_handler_begin, .)
 *(.sys_event.4.handler)
 .sys_event.4.handler
                0x07e151c0        0x8 cpu\br29\tools\sdk.elf.o
                0x07e151c0                __event_handler_bt_tws_event_handler
 *(.sys_event.3.handler)
 .sys_event.3.handler
                0x07e151c8        0x8 cpu\br29\tools\sdk.elf.o
                0x07e151c8                __event_handler_app_key_event_remap
 *(.sys_event.2.handler)
 *(.sys_event.1.handler)
 *(.sys_event.0.handler)
 .sys_event.0.handler
                0x07e151d0        0x8 cpu\br29\tools\sdk.elf.o
                0x07e151d0                __event_handler_app_sys_event_probe_handler
                0x07e151d8                _sys_event_handler_end = .
                0x07e151d8                PROVIDE (sys_event_handler_end, .)
                0x07e151d8                _syscfg_arg_begin = .
                [!provide]                PROVIDE (syscfg_arg_begin, .)
 *(.syscfg.arg)
                0x07e151d8                _syscfg_arg_end = .
                [!provide]                PROVIDE (syscfg_arg_end, .)
                0x07e151d8                _syscfg_handler_begin = .
                [!provide]                PROVIDE (syscfg_handler_begin, .)
 *(.syscfg.handler)
                0x07e151d8                _syscfg_handler_end = .
                [!provide]                PROVIDE (syscfg_handler_end, .)
                0x07e151d8                _syscfg_ops_begin = .
                0x07e151d8                PROVIDE (syscfg_ops_begin, .)
 *(.syscfg.2.ops)
 .syscfg.2.ops  0x07e151d8       0x1c cpu\br29\tools\sdk.elf.o
                0x07e151d8                cfg_btif
 *(.syscfg.1.ops)
 .syscfg.1.ops  0x07e151f4       0x1c cpu\br29\tools\sdk.elf.o
                0x07e151f4                cfg_vm
 *(.syscfg.0.ops)
 .syscfg.0.ops  0x07e15210       0x1c cpu\br29\tools\sdk.elf.o
                0x07e15210                cfg_bin
                0x07e1522c                _syscfg_ops_end = .
                0x07e1522c                PROVIDE (syscfg_ops_end, .)
                0x07e1522c                _server_info_begin = .
                [!provide]                PROVIDE (server_info_begin, .)
 *(.server_info)
                0x07e1522c                _server_info_end = .
                [!provide]                PROVIDE (server_info_end, .)
                0x07e1522c                _bus_device_begin = .
                [!provide]                PROVIDE (bus_device_begin, .)
 *(.bus_device)
                0x07e1522c                _bus_device_end = .
                [!provide]                PROVIDE (bus_device_end, .)
                0x07e1522c                _sys_power_hal_ops_begin = .
                [!provide]                PROVIDE (sys_power_hal_ops_begin, .)
 *(.sys_power_hal_ops)
                0x07e1522c                _sys_power_hal_ops_end = .
                [!provide]                PROVIDE (sys_power_hal_ops_end, .)
                0x07e1522c                . = ALIGN (0x4)
                0x07e1522c                lp_target_begin = .
                [!provide]                PROVIDE (lp_target_begin, .)
 *(.lp_target)
 .lp_target     0x07e1522c       0x84 cpu\br29\tools\sdk.elf.o
                0x07e1522c                bt_test_lp_target
                0x07e15238                key_lp_target
                0x07e15244                plll_trim_lp_target
                0x07e15250                ota_lp_target
                0x07e1525c                audio_dec_init_lp_target
                0x07e15268                bt_dec_lp_target
                0x07e15274                audio_adc_demo
                0x07e15280                mic_demo_lp_target
                0x07e1528c                usb_dev_lp_target
                0x07e15298                usr_systimer_lp_target
                0x07e152a4                btstack_lowpower_target
                0x07e152b0                lp_target_end = .
                [!provide]                PROVIDE (lp_target_end, .)
                0x07e152b0                . = ALIGN (0x4)
                0x07e152b0                deepsleep_target_begin = .
                [!provide]                PROVIDE (deepsleep_target_begin, .)
 *(.deepsleep_target)
 .deepsleep_target
                0x07e152b0       0x18 cpu\br29\tools\sdk.elf.o
                0x07e152b0                uart
                0x07e152bc                tmr
                0x07e152c8                deepsleep_target_end = .
                [!provide]                PROVIDE (deepsleep_target_end, .)
                0x07e152c8                crypto_begin = .
 *(.crypto_ecdh_code)
 *(.crypto_ecdh_const)
 *(.crypto_bigint_code)
 *(.crypto_bigint_const)
 *(.crypto_code)
 *(.crypto_const)
 *(.ECDH_sample_code)
 *(.ECDH_sample_const)
 *(.uECC_code)
 *(.uECC_const)
 *(.hmac_code)
 *(.hmac_const)
 *(.hash_sample_code)
 *(.hash_sample_const)
 *(.aes_cmac_sample_code)
 *(.aes_cmac_sample_const)
                0x07e152c8                crypto_end = .
                0x00000000                crypto_size = (. - crypto_begin)
 *(.mem_code)
 *(.mem_const)
 *(.os_code)
 .os_code       0x07e152c8      0x7ae cpu\br29\tools\sdk.elf.o
                0x07e1598a                maskrom_init
 *(.os_port_code)
 *(.os_port_const)
 *(.os_const)
 *fill*         0x07e15a76        0x2 
 .os_const      0x07e15a78       0x18 cpu\br29\tools\sdk.elf.o
 *(.os_str)
 .os_str        0x07e15a90        0xc cpu\br29\tools\sdk.elf.o
 *(.math_fast_funtion_code)
                0x07e15a9c                __movable_function_start = .
 *(movable.text.*)
 *(movable.stub.*)
 *(movable.region.*)
                0x07e15a9c                __movable_function_end = .
                0x00000000                __movable_function_size = (__movable_function_end - __movable_function_start)
                0x07e15a9c                system_text_end = .
                0x00003600                system_code_total_size = (system_text_end - system_text_start)
                0x07e15a9c                btctler_code_start = .
                0x07e15a9c                BTCTLER_CONTROLLER_CODE_START = .
 *(.bt_rf_const)
 .bt_rf_const   0x07e15a9c      0x5f8 cpu\br29\tools\sdk.elf.o
 *(.bt_rf_code)
 .bt_rf_code    0x07e16094     0x26f4 cpu\br29\tools\sdk.elf.o
 *(.vendor_manager_const)
 *(.vendor_manager_code)
 *(.device_manager_const)
 *(.device_manager_code)
 *(.hci_controller_const)
 .hci_controller_const
                0x07e18788       0x28 cpu\br29\tools\sdk.elf.o
 *(.hci_controller_code)
 .hci_controller_code
                0x07e187b0      0x460 cpu\br29\tools\sdk.elf.o
 *(.hci_interface_const)
 *(.hci_interface_code)
                0x00003174                BTCTLER_CONTROLLER_CODE_SIZE = ABSOLUTE ((. - BTCTLER_CONTROLLER_CODE_START))
                0x07e18c10                BTCTLER_LE_CONTROLLER_CODE_START = .
 *(.ble_rf_const)
 *(.ble_rf_code)
 .ble_rf_code   0x07e18c10     0x52b6 cpu\br29\tools\sdk.elf.o
 *(.ble_ll_const)
 *fill*         0x07e1dec6        0x2 
 .ble_ll_const  0x07e1dec8       0xd4 cpu\br29\tools\sdk.elf.o
 *(.ble_ll_code)
 .ble_ll_code   0x07e1df9c     0x71fc cpu\br29\tools\sdk.elf.o
 *(.ble_hci_const)
 .ble_hci_const
                0x07e25198       0x19 cpu\br29\tools\sdk.elf.o
 *(.ble_hci_code)
 *fill*         0x07e251b1        0x1 
 .ble_hci_code  0x07e251b2      0x6e2 cpu\br29\tools\sdk.elf.o
                0x0000cc84                BTCTLER_LE_CONTROLLER_CODE_SIZE = ABSOLUTE ((. - BTCTLER_LE_CONTROLLER_CODE_START))
                0x07e25894                BTCTLER_CL_CODE_START = .
 *(.bredr_irq)
 *(.bredr_irq_code)
 *(.bredr_irq_const)
 *(.classic_hci_const)
 *(.classic_hci_code)
 *(.classic_lmp_const)
 *(.classic_lmp_auth_const)
 *(.classic_lmp_bigint_const)
 *(.classic_lmp_crypt_const)
 *(.classic_lmp_ecdh_const)
 *(.classic_lmp_hmac_const)
 *(.classic_lmp_code)
 .classic_lmp_code
                0x07e25894      0x272 cpu\br29\tools\sdk.elf.o
 *(.classic_lmp_auth_code)
 *(.classic_lmp_bigint_code)
 *(.classic_lmp_crypt_code)
 *(.classic_lmp_ecdh_code)
 *(.classic_lmp_hmac_code)
 *(.classic_rf_const)
 .classic_rf_const
                0x07e25b06       0x60 cpu\br29\tools\sdk.elf.o
 *(.classic_rf_code)
 .classic_rf_code
                0x07e25b66      0x458 cpu\br29\tools\sdk.elf.o
 *(.classic_bb_const)
 *(.classic_bb_code)
                0x0000072a                BTCTLER_CL_CODE_SIZE = ABSOLUTE ((. - BTCTLER_CL_CODE_START))
                0x07e25fc0                . = ALIGN (0x4)
 *fill*         0x07e25fbe        0x2 
 *(.classic_tws_const)
 *(.classic_tws_code)
 .classic_tws_code
                0x07e25fc0        0x4 cpu\br29\tools\sdk.elf.o
 *(.classic_tws_code.esco)
                0x07e25fc4                . = ALIGN (0x4)
 *(.lmp_irq_code)
 .lmp_irq_code  0x07e25fc4       0x6e cpu\br29\tools\sdk.elf.o
 *(.link_bulk_code)
 *(.frame_irq_code)
 .frame_irq_code
                0x07e26032      0x1ec cpu\br29\tools\sdk.elf.o
                0x07e26220                . = ALIGN (0x4)
 *fill*         0x07e2621e        0x2 
 *(.link_task_const)
 *(.link_task_code)
                0x07e26220                . = ALIGN (0x4)
 *(.classic_irq_const)
 *(.classic_irq_code)
 .classic_irq_code
                0x07e26220      0x328 cpu\br29\tools\sdk.elf.o
                0x07e26548                . = ALIGN (0x4)
 *(.tws_irq_code)
                0x07e26548                . = ALIGN (0x4)
                0x07e26548                tws_sync_call_begin = .
 *(.tws_sync_call)
 .tws_sync_call
                0x07e26548        0xc cpu\br29\tools\sdk.elf.o
                0x07e26554                tws_sync_call_end = .
                0x07e26554                . = ALIGN (0x4)
                0x07e26554                tws_func_stub_begin = .
 *(.tws_func_stub)
 .tws_func_stub
                0x07e26554       0x20 cpu\br29\tools\sdk.elf.o
                0x07e26574                tws_func_stub_end = .
 *(.tws_media_sync_code)
 *(.tws_media_sync_const)
 *(.tws_data_forward_code)
 *(.tws_data_forward_const)
                0x07e26574                . = ALIGN (0x4)
                0x07e26574                tws_sync_channel_begin = .
 *(.tws_sync_channel.0)
 *(.tws_sync_channel.1)
 *(.tws_sync_channel.2)
 *(.tws_sync_channel.3)
 *(.tws_sync_channel.4)
 *(.tws_sync_channel.5)
 *(.tws_sync_channel.6)
 *(.tws_sync_channel.7)
 *(.tws_sync_channel.8)
 *(.tws_sync_channel.9)
 *(.tws_sync_channel.10)
 *(.tws_sync_channel.11)
 *(.tws_sync_channel.12)
 *(.tws_sync_channel.13)
                0x07e26574                tws_sync_channel_end = .
                0x07e26574                btctler_code_end = .
                0x07e26574                . = ALIGN (0x4)
                0x07e26574                driver_code_start = .
 *(.fm_code)
                0x07e26574                CLOCK_CODE_START = .
 *(.clock_code)
 *(.clock_const)
                0x00000000                CLOCK_CODE_SIZE = ABSOLUTE ((. - CLOCK_CODE_START))
                0x07e26574                SDMMC_CODE_START = .
 *(.sdmmc.text)
 *(.sdmmc.text.const)
                0x00000000                SDMMC_CODE_SIZE = ABSOLUTE ((. - SDMMC_CODE_START))
 *(.debug_code)
 *(.debug_const)
 *(.power_code)
 *(.power_const)
 *(.uart_code)
 *(.uart_const)
                0x07e26574                driver_code_end = .
                0x07e26574                . = ALIGN (0x4)
                0x07e26574                media_text_start = .
 *(.aec_code)
 *(.aec_const)
 *(.der_code)
 *(.der_const)
 *(.nlp_code)
 *(.nlp_const)
 *(.qmf_code)
 *(.qmf_const)
 *(.bt_audioplc_sparse_code)
 *(.bt_audioplc_code)
 *(.bt_audioplc_const)
 *(.lf_audioplc_code)
 *(.lf_audioplc_sparse_code)
 *(.lf_audioplc_const)
                0x07e26574                . = ALIGN (0x4)
 *(.res_code)
 *(.res_const)
 *(.bark_const)
                0x07e26574                . = ALIGN (0x4)
 *(.ns_code)
 *(.ns_const)
 *(.opcore_maskrom)
                0x07e26574                . = ALIGN (0x4)
 *(.pcm_code)
 *(.pcm_const)
 *(.jla_ll_codec.text)
 .jla_ll_codec.text
                0x07e26574       0x16 cpu\br29\tools\sdk.elf.o
 *(.jla_ll_codec.text.const)
 *(.g729_code)
 *(.g729_const)
 *(.g726_code)
 *(.g726_const)
 *(.wtg_dec_code)
 *(.wtg_dec_const)
 *(.wtg_dec_sparse_code)
 *(.wtg_dec_sparse_const)
 *(.lib_wtg_dec_code)
 *(.lib_wtg_dec_const)
 *(.wtgv2_code)
 *(.wtgv2_const)
 *(.wtgv2dec_code)
 *(.wtgv2dec_const)
 *(.wtgv2dec_str)
 *(.wtg_decv2_sparse_code)
 *(.bfilt_code)
                0x07e2658c                . = ALIGN (0x4)
 *fill*         0x07e2658a        0x2 
 *(.mp3_decstream_const)
 *(.mp3_decstream_code)
 *(.mp3_decstream_sparse_code)
 *(.mp3_decstream_sparse_const)
 *(.mp3_dec_sparse_code)
 *(.mp3_dec_sparse_const)
 *(.mp3_dec_code)
 *(.mp3_dec_const)
 *(.mp3_const)
 *(.mp3_code)
 *(.msbc_code)
 *(.msbc_const)
 *(.mty_code)
 *(.mty_const)
 *(.mp3tsy_dec_code)
 *(.mp3tsy_dec_const)
 *(.mp3tsy_dec_sparse_code)
 *(.mp3tsy_dec_sparse_const)
 *(.sbc_code)
 *(.sbc_const)
 *(.sine_code)
 *(.sine_const)
 *(.wav_dec_sparse_code)
 *(.wav_dec_sparse_const)
 *(.wav_dec_code)
 *(.wav_dec_const)
 *(.wav_const)
 *(.wav_code)
 *(.alac_const)
 *(.alac_code)
 *(.alac_dec_code)
 *(.wma_code)
 *(.wma_const)
 *(.wma_dec_code)
 *(.wma_dec_const)
 *(.wma_dec_sparse_code)
 *(.wma_dec_sparse_const)
 *(.wma_decstream_const)
 *(.wma_decstream_code)
 *(.wma_decstream_sparse_code)
 *(.wma_decstream_sparse_const)
 *(.aac_code)
 *(.aac_const)
 *(.amr_dec_sparse_code)
 *(.amr_dec_sparse_const)
 *(.amr_dec_code)
 *(.amr_dec_const)
 *(.amr_code)
 *(.amr_const)
 *(.midi_code)
 *(.midi_const)
 *(.lfwordnan_const)
 *(.lfwordana_const)
 *(.lfwordana_code)
 *(.lfwordana_sparse_code)
 *(.ape_dec_sparse_code)
 *(.ape_dec_sparse_const)
 *(.ape_dec_code)
 *(.ape_dec_const)
 *(.ape_code)
 *(.ape_const)
 *(.audio_decoder_code)
 .audio_decoder_code
                0x07e2658c      0x21a cpu\br29\tools\sdk.elf.o
 *(.audio_decoder_const)
 *(.cvsd_code)
 *(.cvsd_const)
 *(.dts_dec_ff_const)
 *(.dts_dec_sparse_code)
 *(.dts_dec_sparse_const)
 *(.dts_dec_code)
 *(.dts_dec_const)
 *(.dts_code)
 *(.dts_const)
 *(.flac_dec_sparse_code)
 *(.flac_dec_sparse_const)
 *(.flac_dec_code)
 *(.flac_dec_const)
 *(.flac_const)
 *(.flac_code)
 *(.m4a_dec_code)
 *(.m4a_dec_ff_const)
 *(.m4a_dec_const)
 *(.m4a_code)
 *(.m4a_const)
 *(.mp3_encode_code)
 *(.mp3_encode_const)
 *(.media_device_code)
 *(.media_device_const)
 *(.audio_encoder_code)
 *(.audio_encoder_const)
 *(.mixer_code)
 *(.mixer_const)
 *(.stream_code)
 .stream_code   0x07e267a6       0x9c cpu\br29\tools\sdk.elf.o
 *(.stream_const)
 *(.dec_server_code)
 *(.dec_server_const)
 *(.rec_server_code)
 *(.rec_server_const)
 *(.auto_mute_code)
 *(.auto_mute_const)
 *(.plc_code)
 *(.plc_const)
 *(.wireless_sync_code)
 *(.wireless_sync_const)
 *(.fft_code)
 *(.fft_const)
 *(.mp3_enc_code)
 *(.mp3_enc_const)
 *(.mp3_enc_sparse_code)
 *(.mp3_enc_sparse_const)
                0x07e26844                . = ALIGN (0x4)
 *fill*         0x07e26842        0x2 
 *(.mp2_encode_code)
 *(.mp2_encode_const)
 *(.mp2_encode_sparse_code)
 *(.mp2_encode_sparse_const)
                0x07e26844                . = ALIGN (0x4)
 *(.adpcm_encode_code)
 *(.adpcm_encode_const)
 *(.adpcm_encode_sparse_code)
 *(.adpcm_encode_sparse_const)
                0x07e26844                . = ALIGN (0x4)
 *(.m4a_dec_sparse_code)
 *(.m4a_dec_sparse_const)
 *(.aac_dec_sparse_code)
 *(.aac_dec_sparse_const)
 *(.bt_aac_dec_core_const)
 *(.bt_aac_dec_eng_const)
 *(.bt_aac_dec_eng_code)
 *(.bt_aac_dec_core_code)
 *(.bt_aac_dec_core_sparse_code)
 *(.res_sparse_code)
 *(.ns_sparse_code)
 *(.aec_sparse_code)
 *(.nlp_sparse_code)
 *(.der_sparse_code)
 *(.qmf_sparse_code)
 *(.sms_const)
 *(.sms_sparse_code)
 *(.sms_code)
 *(.resample_cal_code)
 *(.resample_cal_sparse_code)
 *(.resample_cal_const)
 *(.bt_compressor_sparse_const)
 *(.bt_compressor_sparse_code)
 *(.compressor_sparse_code)
 *(.compressor_sparse_const)
 *(.bt_limiter_sparse_const)
 *(.bt_limiter_sparse_code)
 *(.limiter_sparse_code)
 *(.limiter_sparse_const)
 *(.bt_crossOver_sparse_const)
 *(.bt_crossOver_sparse_code)
 *(.crossOver_sparse_code)
 *(.crossOver_sparse_const)
 *(.iap_code)
 *(.iap_const)
 *(.audio_bfilt_code)
 *(.audio_bfilt_const)
 *(.audio_buf_sync_code)
 *(.audio_buf_sync_const)
 *(.audio_dec_app_code)
 *(.audio_dec_app_const)
 *(.audio_dec_app_sync_code)
 *(.audio_dec_app_sync_const)
 *(.audio_dec_app_event_callback)
 *(.audio_dec_app_dec_run)
 *(.audio_dec_app_normal_run)
 *(.audio_dec_tone_event_callback)
 *(.audio_dig_vol_code)
 .audio_dig_vol_code
                0x07e26844      0x32e cpu\br29\tools\sdk.elf.o
 *(.audio_dig_vol_const)
 *(.audio_echo_reverb_code)
 .audio_echo_reverb_code
                0x07e26b72       0x4a cpu\br29\tools\sdk.elf.o
 *(.audio_echo_reverb_const)
 *(.echo_cal_code)
 *(.echo_cal_const)
 *(.platereverb_code)
 *(.platereverb_const)
 *(.reverb0_code)
 *(.reverb0_const)
 *(.reverb_cal_sparse_code)
 *(.audio_echo_src_code)
 *(.audio_echo_src_const)
 *(.audio_energy_detect_code)
 *(.audio_energy_detect_const)
 *(.audio_eq_code)
 .audio_eq_code
                0x07e26bbc       0x4c cpu\br29\tools\sdk.elf.o
 *(.audio_eq_const)
 *(.audio_drc_code)
 .audio_drc_code
                0x07e26c08        0xa cpu\br29\tools\sdk.elf.o
 *(.audio_drc_const)
 *(.drc_const)
 *(.drc_code)
 *(.sw_drc_code)
 *(.sw_drc_const)
 *(.audio_eq_drc_apply_code)
 *(.audio_eq_drc_apply_const)
 *(.audio_equalloudness_code)
 *(.audio_equalloudness_const)
 *(.audio_howling_code)
 *(.audio_howling_const)
 *(.howlings_phf_sparse_code)
 *(.howlings_phf_code)
 .howlings_phf_code
                0x07e26c12       0x1c cpu\br29\tools\sdk.elf.o
 *(.howlings_phf_const)
 *(.notchhowling_code)
 *(.notchhowling_const)
 *(.notchhowling_sparse_code)
 *(.notchhowling_sparse_const)
 *(.audio_noisegate_code)
 .audio_noisegate_code
                0x07e26c2e       0x36 cpu\br29\tools\sdk.elf.o
 *(.audio_noisegate_const)
 *(.noisegate_code)
 *(.noisegate_const)
 *(.noisegate_sparse_code)
 *(.noisegate_sparse_const)
 *(.audio_output_dac_code)
 *(.audio_output_dac_const)
 *(.audio_pemafrow_code)
 *(.audio_pemafrow_const)
 *(.audio_pitch_code)
 *(.audio_pitch_const)
 *(.audio_pitchspeed_code)
 *(.audio_pitchspeed_const)
 *(.audio_surround_code)
 *(.audio_surround_const)
 *(.audio_vocal_remove_code)
 *(.audio_vocal_remove_const)
 *(.audio_vocal_tract_synthesis_code)
 *(.audio_vocal_tract_synthesis_const)
 *(.eq_config_code)
 *(.eq_config_const)
 *(.eq_config_protocol_code)
 *(.eq_config_protocol_const)
 *(.spectrum_eq_code)
 *(.spectrum_eq_const)
 *(.spectrum_fft_code)
 *(.spectrum_fft_const)
 *(.audio_localtws_code)
 *(.audio_localtws_const)
 *(.audio_dec_localtws_code)
 *(.audio_dec_localtws_const)
 *(.audio_dec_a2dp_code)
 .audio_dec_a2dp_code
                0x07e26c64        0xc cpu\br29\tools\sdk.elf.o
 *(.audio_dec_a2dp_const)
 *(.audio_dec_esco_code)
 *(.audio_dec_esco_const)
 *(.audio_dec_file_code)
 *(.audio_dec_file_const)
 *(.audio_dec_pcm_code)
 *(.audio_dec_pcm_const)
 *(.audio_resample_code)
 *(.audio_resample_const)
 *(.audio_splicing_code)
 .audio_splicing_code
                0x07e26c70       0x16 cpu\br29\tools\sdk.elf.o
 *(.audio_splicing_const)
 *(.channel_switch_code)
 *(.channel_switch_const)
 *(.aptx_decoder_code)
 *(.aptx_decoder_const)
 *(.ldac_decoder_code)
 *(.ldac_decoder_const)
 *(.speex_encoder_code)
 *(.speex_encoder_const)
 *(.sbc_encoder_code)
 *(.sbc_encoder_const)
 *(.sbc_eng_code)
 *(.sbc_eng_const)
 *(.opus_encoder_code)
 *(.opus_encoder_const)
 *(.prevent_task_fill_code)
 *(.prevent_task_fill_const)
 *(.audio_cfifo_code)
 .audio_cfifo_code
                0x07e26c86        0xc cpu\br29\tools\sdk.elf.o
 *(.audio_cfifo_const)
 *(.audio_track_code)
 *(.audio_track_const)
 *(.audio_adc_code)
 .audio_adc_code
                0x07e26c92      0x372 cpu\br29\tools\sdk.elf.o
 *(.audio_adc_const)
 *(.audio_dac_code)
 *(.audio_dac_const)
 *(.audio_linein_code)
 *(.audio_linein_const)
 *(.audio_link_code)
 *(.audio_link_const)
 *(.audio_sample_sync_code)
 *(.audio_sample_sync_const)
 *(.audio_wireless_sync_code)
 *(.audio_wireless_sync_const)
 *(.audio_spdif_code)
 *(.audio_spdif_const)
 *(.audio_src_code)
 *(.audio_src_const)
 *(.audio_src_base_code)
 *(.audio_src_base_const)
 *(.effectrs_sync_code)
 *(.effectrs_sync_const)
 *(.eq_design_code)
 *(.eq_design_const)
 *(.hw_eq_code)
 *(.hw_eq_const)
 *(.iic_code)
 *(.iic_const)
 *(.mic_cap_code)
 *(.mic_cap_const)
 *(.sbc_hwaccel_code)
 *(.sbc_hwaccel_const)
 *(.audio_gain_code)
 *(.audio_gain_const)
 *(.plateReverb_adv.text.cache.L2.run)
 *(.plateReverb_adv.text)
 *(.plateReverb_adv.text.const)
                0x07e27004                . = ALIGN (0x4)
 *(.llns.text.const)
 *(.llns.text)
 *(.jlsp_code)
 *(.jlsp_const)
                0x07e27004                . = ALIGN (0x4)
                0x07e27004                _audio_decoder_begin = .
                0x07e27004                PROVIDE (audio_decoder_begin, .)
 *(.audio_decoder)
                0x07e27004                _audio_decoder_end = .
                0x07e27004                PROVIDE (audio_decoder_end, .)
                0x07e27004                _audio_encoder_begin = .
                0x07e27004                PROVIDE (audio_encoder_begin, .)
 *(.audio_encoder)
 .audio_encoder
                0x07e27004       0x20 cpu\br29\tools\sdk.elf.o
                0x07e27004                jla_ll_encoder
                0x07e27024                _audio_encoder_end = .
                0x07e27024                PROVIDE (audio_encoder_end, .)
                0x07e27024                _audio_package_begin = .
                [!provide]                PROVIDE (audio_package_begin, .)
 *(.audio_package)
                0x07e27024                _audio_package_end = .
                [!provide]                PROVIDE (audio_package_end, .)
                0x07e27024                _audio_dev_begin = .
                [!provide]                PROVIDE (audio_dev_begin, .)
 *(.audio_device)
                0x07e27024                _audio_dev_end = .
                [!provide]                PROVIDE (audio_dev_end, .)
                0x07e27024                _audio_hwaccel_begin = .
                [!provide]                PROVIDE (audio_hwaccel_begin, .)
 *(.audio_hwaccel)
                0x07e27024                _audio_hwaccel_end = .
                [!provide]                PROVIDE (audio_hwaccel_end, .)
                0x07e27024                _sound_platform_driver_begin = .
                0x07e27024                PROVIDE (sound_platform_driver_begin, .)
 *(.sound_platform_driver)
 .sound_platform_driver
                0x07e27024       0x28 cpu\br29\tools\sdk.elf.o
                0x07e27024                sound_iis_driver
                0x07e27038                audio_dac_driver
                0x07e2704c                _sound_platform_driver_end = .
                0x07e2704c                PROVIDE (sound_platform_driver_end, .)
                0x07e2704c                . = ALIGN (0x4)
                0x07e2704c                media_code_begin = .
 *(.media.*.text)
 .media.media_cpu.text
                0x07e2704c     0x1bb6 cpu\br29\tools\sdk.elf.o
 .media.bluetooth_audio.text
                0x07e28c02      0x25a cpu\br29\tools\sdk.elf.o
 .media.audio_stream.text
                0x07e28e5c        0x4 cpu\br29\tools\sdk.elf.o
 .media.audio_encoder.text
                0x07e28e60       0x24 cpu\br29\tools\sdk.elf.o
 .media.effects.text
                0x07e28e84       0x56 cpu\br29\tools\sdk.elf.o
 .media.sound_cpu.text
                0x07e28eda      0x9fc cpu\br29\tools\sdk.elf.o
 .media.sound_lib.text
                0x07e298d6        0xe cpu\br29\tools\sdk.elf.o
                0x07e298e4                . = ALIGN (0x4)
 *(.crossOver_code)
 *(.crossOver_const)
 *(.bt_crossOver_const)
 *(.bt_crossOver_code)
                0x07e298e4                . = ALIGN (0x4)
 *(.compressor_code)
 *(.compressor_const)
 *(.bt_compressor_const)
 *(.bt_compressor_code)
                0x07e298e4                . = ALIGN (0x4)
 *(.limiter_code)
 *(.limiter_const)
 *(.bt_limiter_const)
 *(.bt_limiter_code)
 *(.drc_sparse_code)
 *(.drc_sparse_const)
 *(.jla_decoder_const)
 *(.jla_decoder_code)
 *(.jla_codec_d_code)
 *(.jla_codec_c_sparse_code)
 *(.jla_codec_t8k_code)
 *(.jla_codec_t16k_code)
 *(.jla_codec_t24k_code)
 *(.jla_codec_t32k_code)
 *(.jla_encoder_const)
 *(.jla_encoder_code)
 *(.jla_codec_e_code)
 *(.jla_codec_c_const)
 *(.jla_codec_c_code)
 *(.jla_codec_ari_c_const)
 *(.jla_codec_ari_c_code)
 *(.jla_codec_t441k_code)
                0x07e298e4                . = ALIGN (0x4)
 *(.lib_pitchshift_code)
 *(.lib_pitchshift_const)
                0x07e298e4                . = ALIGN (0x4)
 *(.sur_cal_const)
 *(.sur_cal_code)
                0x07e298e4                . = ALIGN (0x4)
 *(.reverb_cal_sparse_code)
                0x07e298e4                . = ALIGN (0x4)
 *(.dvol_ram_code)
 .dvol_ram_code
                0x07e298e4       0xf6 cpu\br29\tools\sdk.elf.o
                0x07e299dc                . = ALIGN (0x4)
 *fill*         0x07e299da        0x2 
 *(.reverb_cal_const)
                0x07e299dc                . = ALIGN (0x4)
 *(.reverb_cal_code)
                0x07e299dc                . = ALIGN (0x4)
 *(.stream_code_nor_run)
 .stream_code_nor_run
                0x07e299dc       0xea cpu\br29\tools\sdk.elf.o
 *(.mixer_code_nor_run)
 *(.audio_codec_code)
 *(.audio_codec_code_read_file)
 *(.audio_src_code_nor_run)
 *(.src_base_code_nor_run)
 *(.audio_dac_code_nor_run)
 *(.audio_cfifo_code_nor_run)
 .audio_cfifo_code_nor_run
                0x07e29ac6      0x136 cpu\br29\tools\sdk.elf.o
 *(.stream_code_copy_run)
 *(.mixer_code_out_run)
 *(.audio_codec_code_frame_file)
 *(.buf_sync_code_nor_run)
 *(.resample_fastcal_const)
 *(.resample_fastcal_code)
 *(.resample_fastcal_sparse_code)
 *(.dynamic_eq_code)
 *(.dynamic_eq_const)
 *(.dynamic_eq_detect_code)
 *(.dynamic_eq_detect_const)
 *(.dynamic_eq_sparse_code)
 *(.dynamic_eq_sparse_const)
 *(.dynamic_eq_detect_sparse_code)
 *(.dynamic_eq_detect_sparse_const)
 *(.audio_mic_effect_const)
 *(.audio_mic_effect_code)
 *(.audio_mic_stream_const)
 *(.audio_mic_stream_code)
 *(.audio_effect_adj_const)
 *(.audio_effect_adj_code)
 *(.pitchshifter_code)
 *(.pitchshifter_const)
 *(.pitchshifter_sparse_code)
 *(.audio_vbass_code)
 *(.audio_vbass_const)
 *(.vbss_code)
 *(.vbss_const)
 *(.vbss_sparse_code)
 *(.vbss_sparse_const)
 *(.specshow_code)
 *(.specshow_const)
 *(.specshow_sparse_code)
 *(.specshow_sparse_const)
 *(.media.audio*)
 *(.media.mixer*)
 *(.media.media*)
                0x07e29bfc                audio_sync_code_begin = .
 *(.audio_sync_code)
 .audio_sync_code
                0x07e29bfc      0x372 cpu\br29\tools\sdk.elf.o
                0x07e29f6e                audio_sync_code_end = .
                0x07e29f70                . = ALIGN (0x4)
 *fill*         0x07e29f6e        0x2 
                0x07e29f70                media_code_end = .
                0x07e29f70                . = ALIGN (0x4)
                0x00002f24                media_code_size = (media_code_end - media_code_begin)
                0x07e29f70                . = ALIGN (0x4)
                0x07e29f70                media_text_end = .
                0x000039fc                media_code_total_size = (media_text_end - media_text_start)
                0x07e29f70                system_ui_font_text_start = .
 *(.ui_ram)
 *(.font_Arabic.text)
 *(.font_Arabic.text.const)
 *(.font_ascii.text)
 *(.font_ascii.text.const)
 *(.font_big5.text)
 *(.font_big5.text.const)
 *(.font_gbk.text)
 *(.font_gbk.text.const)
 *(.font_Hebrew.text)
 *(.font_Hebrew.text.const)
 *(.font_ksc.text)
 *(.font_ksc.text.const)
 *(.font_other_language.text)
 *(.font_other_language.text.const)
 *(.font_sdfs.text)
 *(.font_sdfs.text.const)
 *(.font_sjis.text)
 *(.font_sjis.text.const)
 *(.font_textout.text)
 *(.font_textout.text.const)
 *(.font_thai.text)
 *(.font_thai.text.const)
 *(.font_utf8_2_unicode.text)
 *(.font_utf8_2_unicode.text.const)
                0x07e29f70                system_ui_font_text_end = .
                0x00000000                system_ui_font_text_total_size = (system_ui_font_text_end - system_ui_font_text_start)
                0x07e29f70                system_ui_framework_text_start = .
 *(.layer.text)
 *(.layout.text)
 *(.lyrics.text)
 *(.ui_battery.text)
 *(.ui_button.text)
 *(.ui_core.text)
 *(.ui_core_api.text)
 *(.ui_core_dot.text)
 *(.ui_file_attrs.text)
 *(.ui_file_browser.text)
 *(.ui_grid.text)
 *(.ui_number.text)
 *(.ui_p.text)
 *(.ui_pic.text)
 *(.ui_progress.text)
 *(.ui_progress_multi.text)
 *(.ui_rotatable_pic.text)
 *(.ui_rotate.text)
 *(.ui_slider.text)
 *(.ui_slider_vert.text)
 *(.ui_text.text)
 *(.ui_time.text)
 *(.ui_watch.text)
 *(.window.text)
 *(.layer.text.const)
 *(.layout.text.const)
 *(.lyrics.text.const)
 *(.ui_battery.text.const)
 *(.ui_button.text.const)
 *(.ui_core.text.const)
 *(.ui_core_api.text.const)
 *(.ui_core_dot.text.const)
 *(.ui_file_attrs.text.const)
 *(.ui_file_browser.text.const)
 *(.ui_grid.text.const)
 *(.ui_number.text.const)
 *(.ui_p.text.const)
 *(.ui_pic.text.const)
 *(.ui_progress.text.const)
 *(.ui_progress_multi.text.const)
 *(.ui_rotatable_pic.text.const)
 *(.ui_rotate.text.const)
 *(.ui_slider.text.const)
 *(.ui_slider_vert.text.const)
 *(.ui_text.text.const)
 *(.ui_time.text.const)
 *(.ui_watch.text.const)
 *(.window.text.const)
                0x07e29f70                system_ui_framework_text_end = .
                0x00000000                system_ui_framework_text_total_size = (system_ui_framework_text_end - system_ui_framework_text_start)
                0x07e29f70                system_ui_resource_text_start = .
 *(.ascii.text)
 *(.mem_var.text)
 *(.quicklz.text)
 *(.resfile.text)
 *(.rle.text)
 *(.ascii.text.const)
 *(.memvar.text.const)
 *(.quicklz.text.const)
 *(.resfile.text.const)
 *(.rle.text.const)
                0x07e29f70                system_ui_resource_text_end = .
                0x00000000                system_ui_resource_text_total_size = (system_ui_resource_text_end - system_ui_resource_text_start)
                0x07e29f70                system_ui_timer_text_start = .
 *(.timer.text)
 *(.timer.text.const)
                0x07e29f70                system_ui_timer_text_end = .
                0x00000000                system_ui_timer_text_total_size = (system_ui_timer_text_end - system_ui_timer_text_start)
                0x07e29f70                system_ui_draw_text_start = .
 *(.buffer_manager.text)
 *(.image_process.text)
 *(.ui_bar_chart.text)
 *(.ui_circle.text)
 *(.ui_figure.text)
 *(.ui_wave.text)
 *(.buffer_manager.text.const)
 *(.image_process.text.const)
 *(.ui_bar_chart.text.const)
 *(.ui_circle.text.const)
 *(.ui_figure.text.const)
 *(.ui_wave.text.const)
                0x07e29f70                system_ui_draw_text_end = .
                0x00000000                system_ui_draw_text_total_size = (system_ui_draw_text_end - system_ui_draw_text_start)
                0x07e29f70                system_ui_simple_text_start = .
 *(.ap_res.text)
 *(.ap_res.text.const)
                0x07e29f70                system_ui_simple_text_end = .
                0x00000000                system_ui_simple_text_total_size = (system_ui_simple_text_end - system_ui_simple_text_start)
                0x07e29f70                system_ui_vm_text_start = .
 *(.ui_vm_common.text)
 *(.ui_vm_common.text.const)
                0x07e29f70                system_ui_vm_text_end = .
                0x00000000                system_ui_vm_text_total_size = (system_ui_vm_text_end - system_ui_vm_text_start)
                0x07e29f70                . = ALIGN (0x4)
                0x07e29f70                lcd_interface_begin = .
 *(.lcd_if_info)
                0x07e29f70                lcd_interface_end = .
                0x07e29f70                ui_style_begin = .
 *(.ui_style)
                0x07e29f70                ui_style_end = .
                0x07e29f70                elm_event_handler_begin_JL = .
 *(.elm_event_handler_JL)
                0x07e29f70                elm_event_handler_end_JL = .
                0x07e29f70                elm_event_handler_begin_UPGRADE = .
 *(.elm_event_handler_UPGRADE)
                0x07e29f70                elm_event_handler_end_UPGRADE = .
                0x07e29f70                elm_event_handler_begin_DIAL = .
 *(.elm_event_handler_DIAL)
                0x07e29f70                elm_event_handler_end_DIAL = .
                0x07e29f70                control_event_handler_begin = .
 *(.control_event_handler)
                0x07e29f70                control_event_handler_end = .
                0x07e29f70                control_ops_begin = .
 *(.control_ops)
                0x07e29f70                control_ops_end = .
                0x07e29f70                battery_notify_begin = .
 *(.battery_notify)
                0x07e29f70                battery_notify_end = .
                0x07e29f70                . = ALIGN (0x4)
                0x00100000                . = ORIGIN (ram0)

.mmu_tlb        0x00100000      0xd40
 *(.mmu_tlb_segment)
 .mmu_tlb_segment
                0x00100000      0xd40 cpu\br29\tools\sdk.elf.o

.boot_info      0x00100d40       0x40
 *(.boot_info)
 .boot_info     0x00100d40       0x28 cpu\br29\tools\sdk.elf.o
                0x00100d80                . = ALIGN (0x20)
 *fill*         0x00100d68       0x18 

.irq_stack      0x00100d80      0x800
                0x00100d80                _cpu0_sstack_begin = .
 *(.cpu0_stack)
 .cpu0_stack    0x00100d80      0x800 cpu/br29/liba/cpu.a(startup.S.o)
                0x00101580                _cpu0_stack
                0x00101580                _cpu0_sstack_end = .
                0x00101580                . = ALIGN (0x4)
                0x00101580                _cpu1_sstack_begin = .
 *(.cpu1_stack)
                0x00101580                _cpu1_sstack_end = .
                0x00101580                . = ALIGN (0x4)

.data           0x00101580      0xa10
                0x00101580                data_run_addr = .
                0x00101580                . = ALIGN (0x4)
 *(.data_magic)
 .data_magic    0x00101580       0x40 cpu\br29\tools\sdk.elf.o
                0x00101580                data_magic
                0x001015c0                . = ALIGN (0x4)
 *(.data*)
 .data          0x001015c0      0x334 cpu\br29\tools\sdk.elf.o
 *(.mem_var.data)
                0x001018f4                . = ALIGN (0x4)
                0x001018f4                . = ALIGN (0x4)
 *(.usb.data)
                0x001018f4                . = ALIGN (0x4)
                0x001018f4                broadcast_data_begin = .
 *(.broadcast_data)
 .broadcast_data
                0x001018f4       0x10 cpu\br29\tools\sdk.elf.o
 *(.app_broadcast_data)
 .app_broadcast_data
                0x00101904        0xc cpu\br29\tools\sdk.elf.o
                0x00101910                broadcast_data_end = .
                0x00101910                . = ALIGN (0x4)
                0x00101910                update_data_start = .
                0x00101910                update_data_end = .
                0x00101910                . = ALIGN (0x4)
                0x00101910                btstack_data_start = .
 *(.bt_stack_data)
 .bt_stack_data
                0x00101910       0x50 cpu\br29\tools\sdk.elf.o
 *(.ble_db_data)
 *(.ble_sm_data)
 *(.ble_att_data)
 *(.ble_gatt_data)
                0x00101960                BTSTACK_LE_HOST_MESH_DATA_START = .
                0x00101960                . = ((. + 0x3) & 0xfffffffc)
                0x00101960                _net_buf_pool_list = .
 *(._net_buf_pool.static.*)
 *(.ble_mesh_data)
 *(.ble_mesh_tinycrypt_data)
                0x00000000                BTSTACK_LE_HOST_MESH_DATA_SIZE = ABSOLUTE ((. - BTSTACK_LE_HOST_MESH_DATA_START))
                0x00101960                BTSTACK_LE_AUDIO_BIG_DATA_START = .
 *(.big_rx_data)
 *(.big_tx_data)
 .big_tx_data   0x00101960       0x62 cpu\br29\tools\sdk.elf.o
 *(.big_common_data)
                0x00000062                BTSTACK_LE_AUDIO_BIG_DATA_SIZE = ABSOLUTE ((. - BTSTACK_LE_AUDIO_BIG_DATA_START))
                0x001019c2                BTSTACK_LE_AUDIO_CIG_DATA_START = .
 *(.cig_central_data)
 *(.cig_peripheral_data)
 *(.cig_common_data)
                0x00000000                BTSTACK_LE_AUDIO_CIG_DATA_SIZE = ABSOLUTE ((. - BTSTACK_LE_AUDIO_CIG_DATA_START))
                0x001019c2                btstack_data_end = .
                0x001019c4                . = ALIGN (0x4)
 *fill*         0x001019c2        0x2 
                0x001019c4                . = ALIGN (0x4)
                0x001019c4                system_data_start = .
                0x001019c4                _video_subdev_begin = .
                [!provide]                PROVIDE (video_subdev_begin, .)
 *(.video_subdev.0)
 *(.video_subdev.1)
 *(.video_subdev.2)
 *(.video_subdev.3)
 *(.video_subdev.4)
 *(.video_subdev.5)
                0x001019c4                _video_subdev_end = .
                [!provide]                PROVIDE (video_subdev_end, .)
                0x001019c4                _audio_subdev_begin = .
                [!provide]                PROVIDE (audio_subdev_begin, .)
 *(.audio_subdev.0)
 *(.audio_subdev.1)
 *(.audio_subdev.2)
 *(.audio_subdev.3)
                0x001019c4                _audio_subdev_end = .
                [!provide]                PROVIDE (audio_subdev_end, .)
                0x001019c4                _iic_device_begin = .
                [!provide]                PROVIDE (iic_device_begin, .)
 *(.iic)
                0x001019c4                _iic_device_end = .
                [!provide]                PROVIDE (iic_device_end, .)
                0x001019c4                _avin_spi_device_begin = .
                [!provide]                PROVIDE (avin_spi_device_begin, .)
 *(.sw_spi)
                0x001019c4                _avin_spi_device_end = .
                [!provide]                PROVIDE (avin_spi_device_end, .)
                0x001019c4                _video_dev_begin = .
                [!provide]                PROVIDE (video_dev_begin, .)
 *(.video_device)
                0x001019c4                _video_dev_end = .
                [!provide]                PROVIDE (video_dev_end, .)
                0x001019c4                _key_driver_ops_begin = .
                [!provide]                PROVIDE (key_driver_ops_begin, .)
 *(.key_driver_ops)
                0x001019c4                _key_driver_ops_end = .
                [!provide]                PROVIDE (key_driver_ops_end, .)
                0x001019c4                _touch_driver_begin = .
                [!provide]                PROVIDE (touch_driver_begin, .)
 *(.touch_driver)
                0x001019c4                _touch_driver_end = .
                [!provide]                PROVIDE (touch_driver_end, .)
                0x001019c4                _static_hi_timer_begin = .
                [!provide]                PROVIDE (static_hi_timer_begin, .)
 *(.hi_timer)
                0x001019c4                _static_hi_timer_end = .
                [!provide]                PROVIDE (static_hi_timer_end, .)
                0x001019c4                _sys_cpu_timer_begin = .
                [!provide]                PROVIDE (sys_cpu_timer_begin, .)
 *(.sys_cpu_timer)
                0x001019c4                _sys_cpu_timer_end = .
                [!provide]                PROVIDE (sys_cpu_timer_end, .)
                0x001019c4                _sys_config_begin = .
                [!provide]                PROVIDE (sys_config_begin, .)
 *(.sys_cfg)
                0x001019c4                _sys_config_end = .
                [!provide]                PROVIDE (sys_config_end, .)
                0x001019c4                _sys_fat_begin = .
                [!provide]                PROVIDE (sys_fat_begin, .)
 *(.fs_fat)
                0x001019c4                _sys_fat_end = .
                [!provide]                PROVIDE (sys_fat_end, .)
                0x001019c4                _app_begin = .
                0x001019c4                PROVIDE (app_begin, .)
 *(.app)
                0x001019c4                _app_end = .
                0x001019c4                PROVIDE (app_end, .)
 *(.crypto_ecdh_data)
 *(.crypto_data)
 *(.mem_data)
 *(.os_port_data)
 *(.os_data)
 .os_data       0x001019c4        0xc cpu\br29\tools\sdk.elf.o
 *(.uECC_data)
 *(.ECDH_sample_data)
                0x001019d0                __movable_slot_start = .
 *(movable.slot.*)
                0x001019d0                __movable_slot_end = .
                0x001019d0                system_data_end = .
                0x001019d0                btctler_data_start = .
                0x001019d0                BTCTLER_CONTROLLER_DATA_START = .
 *(.bt_rf_data)
 .bt_rf_data    0x001019d0      0x400 cpu\br29\tools\sdk.elf.o
 *(.vendor_manager_data)
 *(.device_manager_data)
 *(.hci_controller_data)
 .hci_controller_data
                0x00101dd0       0xbe cpu\br29\tools\sdk.elf.o
 *(.hci_interface_data)
                0x000004be                BTCTLER_CONTROLLER_DATA_SIZE = ABSOLUTE ((. - BTCTLER_CONTROLLER_DATA_START))
                0x00101e8e                BTCTLER_LE_CONTROLLER_DATA_START = .
 *(.ble_ll_data)
 *fill*         0x00101e8e        0x2 
 .ble_ll_data   0x00101e90       0x14 cpu\br29\tools\sdk.elf.o
 *(.ble_hci_data)
 .ble_hci_data  0x00101ea4       0x81 cpu\br29\tools\sdk.elf.o
 *(.ble_rf_data)
 *fill*         0x00101f25        0x3 
 .ble_rf_data   0x00101f28        0x4 cpu\br29\tools\sdk.elf.o
                0x0000009e                BTCTLER_LE_CONTROLLER_DATA_SIZE = ABSOLUTE ((. - BTCTLER_LE_CONTROLLER_DATA_START))
                0x00101f2c                BTCTLER_CL_DATA_START = .
 *(.classic_hci_data)
 *(.classic_lmp_data)
 .classic_lmp_data
                0x00101f2c        0x8 cpu\br29\tools\sdk.elf.o
 *(.classic_lmp_auth_data)
 *(.classic_lmp_bigint_data)
 *(.classic_lmp_crypt_data)
 *(.classic_lmp_ecdh_data)
 *(.classic_lmp_linkbulk_data)
 *(.classic_lmp_hmac_data)
 *(.classic_rf_data)
 .classic_rf_data
                0x00101f34        0xc cpu\br29\tools\sdk.elf.o
 *(.classic_bb_data)
                0x00000014                BTCTLER_CL_DATA_SIZE = ABSOLUTE ((. - BTCTLER_CL_DATA_START))
                0x00101f40                btctler_data_end = .
                0x00101f40                . = ALIGN (0x4)
                0x00101f40                driver_data_start = .
                0x00101f40                CLOCK_DATA_START = .
 *(.clock_data)
                0x00000000                CLOCK_DATA_SIZE = ABSOLUTE ((. - CLOCK_DATA_START))
                0x00101f40                SDMMC_DATA_START = .
 *(.sdmmc.data)
                0x00000000                SDMMC_DATA_SIZE = ABSOLUTE ((. - SDMMC_DATA_START))
 *(.debug_data)
 *(.power_data)
 *(.uart_data)
                0x00101f40                driver_data_end = .
                0x00101f40                . = ALIGN (0x20)
                0x00101f40                media_data_start = .
                0x00101f40                . = ALIGN (0x4)
                0x00101f40                audio_sync_data_begin = .
 *(.audio_sync_data)
 .audio_sync_data
                0x00101f40        0x8 cpu\br29\tools\sdk.elf.o
                0x00101f48                audio_sync_data_end = .
                0x00101f48                . = ALIGN (0x4)
                0x00101f48                . = ALIGN (0x4)
 *(.aec_data)
                0x00101f48                . = ALIGN (0x4)
 *(.res_data)
                0x00101f48                . = ALIGN (0x4)
 *(.ns_data)
                0x00101f48                . = ALIGN (0x4)
 *(.der_data)
                0x00101f48                . = ALIGN (0x4)
 *(.nlp_data)
                0x00101f48                . = ALIGN (0x4)
 *(.qmf_data)
                0x00101f48                . = ALIGN (0x4)
 *(.fft_data)
                0x00101f48                . = ALIGN (0x4)
 *(.bt_audioplc_data)
 *(.jla_decoder_data)
 *(.jla_encoder_data)
 *(.jla_codec_c_data)
 *(.sms_data)
 *(.pcm_data)
 *(.jla_ll_data)
 *(.jla_ll_codec.data)
 *(.cvsd_data)
 *(.g729_data)
 *(.g726_data)
 *(.wtg_dec_data)
 *(.wtgv2_data)
 *(.wtgv2dec_data)
 *(.mp3_data)
 *(.mp3_dec_data)
 *(.msbc_data)
 *(.mty_data)
 *(.mp3tsy_dec_data)
 *(.sbc_data)
 *(.sine_data)
 *(.wav_dec_data)
 *(.wav_data)
 *(.wma_data)
 *(.wma_dec_data)
 *(.amr_data)
 *(.amr_dec_data)
 *(.midi_data)
 *(.ape_data)
 *(.ape_dec_data)
 *(.audio_decoder_data)
 *(.dts_data)
 *(.dts_dec_data)
 *(.flac_data)
 *(.flac_dec_data)
 *(.m4a_data)
 *(.m4a_dec_data)
 *(.mp3_encode_data)
 *(.media_device_data)
 *(.audio_encoder_data)
 *(.mixer_data)
 *(.stream_data)
 *(.dec_server_data)
 *(.rec_server_data)
 *(.auto_mute_data)
 *(.plc_data)
 *(.wireless_sync_data)
 *(.resample_cal_data)
 *(.bt_compressor_data)
 *(.bt_crossOver_data)
 *(.bt_limiter_data)
 *(.bt_compressor_sparse_data)
 *(.bt_limiter_sparse_data)
 *(.bt_crossOver_sparse_data)
 *(.iap_data)
 *(.audio_bfilt_data)
 *(.audio_buf_sync_data)
 *(.audio_dec_app_data)
 *(.audio_dec_app_sync_data)
 *(.audio_dig_vol_data)
 *(.audio_echo_reverb_data)
 *(.audio_echo_src_data)
 *(.audio_energy_detect_data)
 *(.audio_eq_data)
 .audio_eq_data
                0x00101f48       0x2c cpu\br29\tools\sdk.elf.o
 *(.audio_drc_data)
 .audio_drc_data
                0x00101f74        0x8 cpu\br29\tools\sdk.elf.o
 *(.audio_eq_drc_apply_data)
 *(.audio_equalloudness_data)
 *(.audio_howling_data)
 *(.audio_noisegate_data)
 .audio_noisegate_data
                0x00101f7c        0x8 cpu\br29\tools\sdk.elf.o
 *(.audio_output_dac_data)
 *(.audio_pemafrow_data)
 *(.audio_pitch_data)
 *(.audio_pitchspeed_data)
 *(.audio_surround_data)
 *(.audio_vbass_data)
 *(.audio_vocal_remove_data)
 *(.audio_vocal_tract_synthesis_data)
 *(.eq_config_data)
 *(.eq_config_protocol_data)
 *(.spectrum_eq_data)
 *(.spectrum_fft_data)
 *(.audio_localtws_data)
 *(.audio_dec_localtws_data)
 *(.audio_dec_a2dp_data)
 *(.audio_dec_esco_data)
 *(.audio_dec_file_data)
 *(.audio_dec_pcm_data)
 *(.audio_resample_data)
 *(.audio_splicing_data)
 *(.channel_switch_data)
 *(.sw_drc_data)
 *(.aptx_decoder_data)
 *(.ldac_decoder_data)
 *(.speex_encoder_data)
 *(.sbc_encoder_data)
 *(.sbc_eng_data)
 *(.opus_encoder_data)
 *(.prevent_task_fill_data)
 *(.audio_cfifo_data)
 *(.audio_track_data)
 *(.audio_adc_data)
 .audio_adc_data
                0x00101f84        0xc cpu\br29\tools\sdk.elf.o
 *(.audio_dac_data)
 *(.audio_linein_data)
 *(.audio_link_data)
 *(.audio_sample_sync_data)
 *(.audio_wireless_sync_data)
 *(.audio_spdif_data)
 *(.audio_src_data)
 *(.audio_src_base_data)
 *(.effectrs_sync_data)
 *(.eq_design_data)
 *(.hw_eq_data)
 *(.iic_data)
 *(.mic_cap_data)
 *(.sbc_hwaccel_data)
 *(.resample_fastcal_data)
 *(.aac_data)
 *(.alac_data)
                0x00101f90                . = ALIGN (0x4)
 *(.dec2tws_mem)
 *(.midi_mem)
 *(.midi_ctrl_mem)
 *(.lfwordana_data)
 *(.anc_data)
 *(.anc_user_data)
 *(.anc_box_data)
 *(.anc_btspp_data)
 *(.anc_debug_data)
 *(.dac_buff)
 *(.dec_mix_buff)
 *(.pitchshifter_data)
                0x00101f90                . = ALIGN (0x4)
 *(.llns.data)
 *(.jlsp_data)
                0x00101f90                media_data_end = .
                0x00101f90                system_ui_font_data_start = .
 *(.font_Arabic.data)
 *(.font_ascii.data)
 *(.font_big5.data)
 *(.font_gbk.data)
 *(.font_Hebrew.data)
 *(.font_ksc.data)
 *(.font_other_language.data)
 *(.font_sdfs.data)
 *(.font_sjis.data)
 *(.font_textout.data)
 *(.font_thai.data)
 *(.font_utf8_2_unicode.data)
                0x00101f90                system_ui_font_data_end = .
                0x00000000                system_ui_font_data_total_size = (system_ui_font_data_end - system_ui_font_data_start)
                0x00101f90                system_ui_framework_data_start = .
 *(.layer.data)
 *(.layout.data)
 *(.lyrics.data)
 *(.ui_battery.data)
 *(.ui_button.data)
 *(.ui_core.data)
 *(.ui_core_api.data)
 *(.ui_core_dot.data)
 *(.ui_file_attrs.data)
 *(.ui_file_browser.data)
 *(.ui_grid.data)
 *(.ui_number.data)
 *(.ui_p.data)
 *(.ui_pic.data)
 *(.ui_progress.data)
 *(.ui_progress_multi.data)
 *(.ui_rotatable_pic.data)
 *(.ui_rotate.data)
 *(.ui_slider.data)
 *(.ui_slider_vert.data)
 *(.ui_text.data)
 *(.ui_time.data)
 *(.ui_watch.data)
 *(.window.data)
                0x00101f90                system_ui_framework_data_end = .
                0x00000000                system_ui_framework_data_total_size = (system_ui_framework_data_end - system_ui_framework_data_start)
                0x00101f90                system_ui_resource_data_start = .
 *(.ascii.data)
 *(.memvar.data)
 *(.quicklz.data)
 *(.resfile.data)
 *(.rle.data)
                0x00101f90                system_ui_resource_data_end = .
                0x00000000                system_ui_resource_data_total_size = (system_ui_resource_data_end - system_ui_resource_data_start)
                0x00101f90                system_ui_timer_data_start = .
 *(.timer.data)
                0x00101f90                system_ui_timer_data_end = .
                0x00000000                system_ui_timer_data_total_size = (system_ui_timer_data_end - system_ui_timer_data_start)
                0x00101f90                system_ui_draw_data_start = .
 *(.buffer_manager.data)
 *(.image_process.data)
 *(.ui_bar_chart.data)
 *(.ui_circle.data)
 *(.ui_figure.data)
 *(.ui_wave.data)
                0x00101f90                system_ui_draw_data_end = .
                0x00000000                system_ui_draw_data_total_size = (system_ui_draw_data_end - system_ui_draw_data_start)
                0x00101f90                system_ui_simple_data_start = .
 *(.ap_res.data)
                0x00101f90                system_ui_simple_data_end = .
                0x00000000                system_ui_simple_data_total_size = (system_ui_simple_data_end - system_ui_simple_data_start)
                0x00101f90                system_ui_vm_data_start = .
 *(.ui_vm_common.data)
                0x00101f90                system_ui_vm_data_end = .
                0x00000000                system_ui_vm_data_total_size = (system_ui_vm_data_end - system_ui_vm_data_start)
                0x00101f90                . = ALIGN (0x4)

.bss            0x00101fa0     0x20d0
                0x00101fa0                . = ALIGN (0x4)
 *(.bss)
 .bss           0x00101fa0      0xc78 cpu\br29\tools\sdk.elf.o
                0x00102c18                . = ALIGN (0x4)
 *(.volatile_ram)
 *(.btstack_pool)
 *(.mem_heap)
 *(.memp_memory_x)
                0x00102c18                . = ALIGN (0x4)
 *(.non_volatile_ram)
 .non_volatile_ram
                0x00102c18      0x150 cpu\br29\tools\sdk.elf.o